Archive member included because of file (symbol)

contiki-sky.a(rimeaddr.o)     obj_sky/contiki-sky-main.o (rimeaddr_copy)
contiki-sky.a(rime.o)         obj_sky/contiki-sky-main.o (rime_driver)
contiki-sky.a(rimestats.o)    contiki-sky.a(rime.o) (rimestats)
contiki-sky.a(announcement.o)
                              contiki-sky.a(rime.o) (announcement_init)
contiki-sky.a(broadcast-annou)
                              contiki-sky.a(rime.o) (broadcast_announcement_init)
contiki-sky.a(broadcast.o)    contiki-sky.a(broadcast-annou) (broadcast_open)
contiki-sky.a(abc.o)          contiki-sky.a(broadcast.o) (abc_open)
contiki-sky.a(chameleon.o)    contiki-sky.a(rime.o) (chameleon_init)
contiki-sky.a(channel.o)      contiki-sky.a(chameleon.o) (channel_init)
contiki-sky.a(chameleon-bitop)
                              contiki-sky.a(chameleon.o) (chameleon_bitopt)
contiki-sky.a(csma.o)         obj_sky/contiki-sky-main.o (csma_driver)
contiki-sky.a(contikimac.o)   obj_sky/contiki-sky-main.o (contikimac_driver)
contiki-sky.a(phase.o)        contiki-sky.a(contikimac.o) (phase_update)
contiki-sky.a(process.o)      coursework.co (process_alloc_event)
contiki-sky.a(autostart.o)    obj_sky/contiki-sky-main.o (autostart_start)
contiki-sky.a(compower.o)     contiki-sky.a(contikimac.o) (compower_idle_activity)
contiki-sky.a(serial-line.o)  obj_sky/contiki-sky-main.o (serial_line_input_byte)
contiki-sky.a(memb.o)         contiki-sky.a(csma.o) (memb_init)
contiki-sky.a(timer.o)        obj_sky/contiki-sky-main.o (timer_set)
contiki-sky.a(list.o)         contiki-sky.a(announcement.o) (list_init)
contiki-sky.a(etimer.o)       obj_sky/contiki-sky-main.o (etimer_process)
contiki-sky.a(ctimer.o)       obj_sky/contiki-sky-main.o (ctimer_init)
contiki-sky.a(energest.o)     obj_sky/contiki-sky-main.o (energest_init)
contiki-sky.a(rtimer.o)       obj_sky/contiki-sky-main.o (rtimer_init)
contiki-sky.a(random.o)       obj_sky/contiki-sky-main.o (random_init)
contiki-sky.a(ringbuf.o)      contiki-sky.a(serial-line.o) (ringbuf_init)
contiki-sky.a(packetbuf.o)    contiki-sky.a(contikimac.o) (packetbuf_hdr_remove)
contiki-sky.a(queuebuf.o)     contiki-sky.a(rime.o) (queuebuf_init)
contiki-sky.a(contiki-sky-pla)
                              obj_sky/contiki-sky-main.o (init_platform)
contiki-sky.a(light-sensor.o)
                              coursework.co (light_sensor)
contiki-sky.a(button-sensor.o)
                              coursework.co (button_sensor)
contiki-sky.a(ds2411.o)       obj_sky/contiki-sky-main.o (ds2411_init)
contiki-sky.a(xmem.o)         obj_sky/contiki-sky-main.o (xmem_init)
contiki-sky.a(node-id.o)      obj_sky/contiki-sky-main.o (node_id_restore)
contiki-sky.a(sensors.o)      coursework.co (sensors_event)
contiki-sky.a(cc2420.o)       obj_sky/contiki-sky-main.o (cc2420_set_channel)
contiki-sky.a(cc2420-arch.o)  contiki-sky.a(cc2420.o) (cc2420_arch_init)
contiki-sky.a(sky-sensors.o)  contiki-sky.a(light-sensor.o) (sky_sensors_status)
contiki-sky.a(uart1.o)        obj_sky/contiki-sky-main.o (uart1_active)
contiki-sky.a(uart1-putchar.o)
                              coursework.co (putchar)
contiki-sky.a(msp430.o)       contiki-sky.a(uart1.o) (msp430_add_lpm_req)
contiki-sky.a(clock.o)        contiki-sky.a(timer.o) (clock_time)
contiki-sky.a(leds.o)         obj_sky/contiki-sky-main.o (leds_init)
contiki-sky.a(leds-arch.o)    contiki-sky.a(leds.o) (leds_arch_init)
contiki-sky.a(watchdog.o)     obj_sky/contiki-sky-main.o (watchdog_start)
contiki-sky.a(rtimer-arch.o)  contiki-sky.a(rtimer.o) (rtimer_arch_init)
contiki-sky.a(mac.o)          contiki-sky.a(csma.o) (mac_call_sent_callback)
contiki-sky.a(framer-802154.o)
                              contiki-sky.a(contikimac.o) (framer_802154)
contiki-sky.a(spi.o)          contiki-sky.a(xmem.o) (spi_init)
contiki-sky.a(frame802154.o)  contiki-sky.a(framer-802154.o) (frame802154_hdrlen)
/usr/lib/gcc/msp430/4.5.3/mmpy-16/libgcc.a(_mulsi3.o)
                              contiki-sky.a(csma.o) (__mulsi3)
/usr/lib/gcc/msp430/4.5.3/mmpy-16/libgcc.a(_udivmodhi4.o)
                              coursework.co (__udivmodhi4)
/usr/lib/gcc/msp430/4.5.3/mmpy-16/libgcc.a(_divmodhi4.o)
                              coursework.co (__divmodhi4)
/usr/lib/gcc/msp430/4.5.3/mmpy-16/libgcc.a(_udivmodsi4.o)
                              obj_sky/contiki-sky-main.o (__udivmodsi4)
/usr/lib/gcc/msp430/4.5.3/mmpy-16/libgcc.a(_fixunssfsi.o)
                              coursework.co (__fixunssfsi)
/usr/lib/gcc/msp430/4.5.3/mmpy-16/libgcc.a(_addsub_sf.o)
                              coursework.co (__addsf3)
/usr/lib/gcc/msp430/4.5.3/mmpy-16/libgcc.a(_mul_sf.o)
                              coursework.co (__mulsf3)
/usr/lib/gcc/msp430/4.5.3/mmpy-16/libgcc.a(_div_sf.o)
                              coursework.co (__divsf3)
/usr/lib/gcc/msp430/4.5.3/mmpy-16/libgcc.a(_eq_sf.o)
                              coursework.co (__eqsf2)
/usr/lib/gcc/msp430/4.5.3/mmpy-16/libgcc.a(_ne_sf.o)
[...]
Memory Configuration

Name             Origin             Length             Attributes
sfr              0x00000000         0x00000010
peripheral_8bit  0x00000010         0x000000f0
peripheral_16bit 0x00000100         0x00000100
infomem          0x00001000         0x00000100
infob            0x00001000         0x00000080
infoa            0x00001080         0x00000080
ram              0x00001100         0x00002800         xw
rom              0x00004000         0x0000bfe0         xr
vectors          0x0000ffe0         0x00000020
bsl              0x00000000         0x00000000
infoc            0x00000000         0x00000000
infod            0x00000000         0x00000000
far_rom          0x00000000         0x00000000
*default*        0x00000000         0xffffffff

Linker script and memory map

LOAD /usr/lib/gcc/msp430/4.5.3/mmpy-16/crt0ivtbl16.o
LOAD coursework.co
LOAD obj_sky/contiki-sky-main.o
LOAD contiki-sky.a
LOAD /usr/lib/gcc/msp430/4.5.3/mmpy-16/libgcc.a
LOAD /usr/lib/gcc/msp430/4.5.3/../../../../msp430/lib/mmpy-16/libc.a
LOAD /usr/lib/gcc/msp430/4.5.3/mmpy-16/libgcc.a
LOAD /usr/lib/gcc/msp430/4.5.3/mmpy-16/libcrt0.a
                0x00000000                __IE1 = 0x0
                0x00000002                __IFG1 = 0x2
                0x00000004                __ME1 = 0x4
                0x00000001                __IE2 = 0x1
                0x00000003                __IFG2 = 0x3
                0x00000005                __ME2 = 0x5
                0x00000120                __WDTCTL = 0x120
                0x00000130                __MPY = 0x130
                0x00000132                __MPYS = 0x132
                0x00000134                __MAC = 0x134
                0x00000136                __MACS = 0x136
                0x00000138                __OP2 = 0x138
                0x0000013a                __RESLO = 0x13a
                0x0000013c                __RESHI = 0x13c
                0x0000013e                __SUMEXT = 0x13e
                0x00000020                __P1IN = 0x20
                0x00000021                __P1OUT = 0x21
                0x00000022                __P1DIR = 0x22
                0x00000023                __P1IFG = 0x23
                0x00000024                __P1IES = 0x24
                0x00000025                __P1IE = 0x25
                0x00000026                __P1SEL = 0x26
                0x00000028                __P2IN = 0x28
                0x00000029                __P2OUT = 0x29
                0x0000002a                __P2DIR = 0x2a
                0x0000002b                __P2IFG = 0x2b
                0x0000002c                __P2IES = 0x2c
                0x0000002d                __P2IE = 0x2d
                0x0000002e                __P2SEL = 0x2e
                0x00000018                __P3IN = 0x18
                0x00000019                __P3OUT = 0x19
                0x0000001a                __P3DIR = 0x1a
                0x0000001b                __P3SEL = 0x1b
                0x0000001c                __P4IN = 0x1c
                0x0000001d                __P4OUT = 0x1d
                0x0000001e                __P4DIR = 0x1e
                0x0000001f                __P4SEL = 0x1f
                0x00000030                __P5IN = 0x30
                0x00000031                __P5OUT = 0x31
                0x00000032                __P5DIR = 0x32
                0x00000033                __P5SEL = 0x33
                0x00000034                __P6IN = 0x34
                0x00000035                __P6OUT = 0x35
                0x00000036                __P6DIR = 0x36
                0x00000037                __P6SEL = 0x37
                0x00000070                __U0CTL = 0x70
                0x00000071                __U0TCTL = 0x71
                0x00000072                __U0RCTL = 0x72
                0x00000073                __U0MCTL = 0x73
                0x00000074                __U0BR0 = 0x74
                0x00000075                __U0BR1 = 0x75
                0x00000076                __U0RXBUF = 0x76
                0x00000077                __U0TXBUF = 0x77
                0x00000078                __U1CTL = 0x78
                0x00000079                __U1TCTL = 0x79
                0x0000007a                __U1RCTL = 0x7a
                0x0000007b                __U1MCTL = 0x7b
                0x0000007c                __U1BR0 = 0x7c
                0x0000007d                __U1BR1 = 0x7d
                0x0000007e                __U1RXBUF = 0x7e
                0x0000007f                __U1TXBUF = 0x7f
                0x00000050                __I2CIE = 0x50
                0x00000051                __I2CIFG = 0x51
                0x00000052                __I2CNDAT = 0x52
                0x00000071                __I2CTCTL = 0x71
                0x00000072                __I2CDCTL = 0x72
                0x00000073                __I2CPSC = 0x73
                0x00000074                __I2CSCLH = 0x74
                0x00000075                __I2CSCLL = 0x75
                0x00000076                __I2CDRB = 0x76
                0x00000076                __I2CDRW = 0x76
                0x00000118                __I2COA = 0x118
                0x0000011a                __I2CSA = 0x11a
                0x0000011c                __I2CIV = 0x11c
                0x0000012e                __TAIV = 0x12e
                0x00000160                __TACTL = 0x160
                0x00000162                __TACCTL0 = 0x162
                0x00000164                __TACCTL1 = 0x164
                0x00000166                __TACCTL2 = 0x166
                0x00000170                __TAR = 0x170
                0x00000172                __TACCR0 = 0x172
                0x00000174                __TACCR1 = 0x174
                0x00000176                __TACCR2 = 0x176
                0x0000011e                __TBIV = 0x11e
                0x00000180                __TBCTL = 0x180
                0x00000182                __TBCCTL0 = 0x182
                0x00000184                __TBCCTL1 = 0x184
                0x00000186                __TBCCTL2 = 0x186
                0x00000188                __TBCCTL3 = 0x188
                0x0000018a                __TBCCTL4 = 0x18a
                0x0000018c                __TBCCTL5 = 0x18c
                0x0000018e                __TBCCTL6 = 0x18e
                0x00000190                __TBR = 0x190
                0x00000192                __TBCCR0 = 0x192
                0x00000194                __TBCCR1 = 0x194
                0x00000196                __TBCCR2 = 0x196
                0x00000198                __TBCCR3 = 0x198
                0x0000019a                __TBCCR4 = 0x19a
                0x0000019c                __TBCCR5 = 0x19c
                0x0000019e                __TBCCR6 = 0x19e
                0x00000056                __DCOCTL = 0x56
                0x00000057                __BCSCTL1 = 0x57
                0x00000058                __BCSCTL2 = 0x58
                0x00000055                __SVSCTL = 0x55
                0x00000128                __FCTL1 = 0x128
                0x0000012a                __FCTL2 = 0x12a
                0x0000012c                __FCTL3 = 0x12c
                0x00000059                __CACTL1 = 0x59
                0x0000005a                __CACTL2 = 0x5a
                0x0000005b                __CAPD = 0x5b
                0x000001a0                __ADC12CTL0 = 0x1a0
                0x000001a2                __ADC12CTL1 = 0x1a2
                0x000001a4                __ADC12IFG = 0x1a4
                0x000001a6                __ADC12IE = 0x1a6
                0x000001a8                __ADC12IV = 0x1a8
                0x00000140                __ADC12MEM0 = 0x140
                0x00000142                __ADC12MEM1 = 0x142
                0x00000144                __ADC12MEM2 = 0x144
                0x00000146                __ADC12MEM3 = 0x146
                0x00000148                __ADC12MEM4 = 0x148
                0x0000014a                __ADC12MEM5 = 0x14a
                0x0000014c                __ADC12MEM6 = 0x14c
                0x0000014e                __ADC12MEM7 = 0x14e
                0x00000150                __ADC12MEM8 = 0x150
                0x00000152                __ADC12MEM9 = 0x152
                0x00000154                __ADC12MEM10 = 0x154
                0x00000156                __ADC12MEM11 = 0x156
                0x00000158                __ADC12MEM12 = 0x158
                0x0000015a                __ADC12MEM13 = 0x15a
                0x0000015c                __ADC12MEM14 = 0x15c
                0x0000015e                __ADC12MEM15 = 0x15e
                0x00000080                __ADC12MCTL0 = 0x80
                0x00000081                __ADC12MCTL1 = 0x81
                0x00000082                __ADC12MCTL2 = 0x82
                0x00000083                __ADC12MCTL3 = 0x83
                0x00000084                __ADC12MCTL4 = 0x84
                0x00000085                __ADC12MCTL5 = 0x85
                0x00000086                __ADC12MCTL6 = 0x86
                0x00000087                __ADC12MCTL7 = 0x87
                0x00000088                __ADC12MCTL8 = 0x88
                0x00000089                __ADC12MCTL9 = 0x89
                0x0000008a                __ADC12MCTL10 = 0x8a
                0x0000008b                __ADC12MCTL11 = 0x8b
                0x0000008c                __ADC12MCTL12 = 0x8c
                0x0000008d                __ADC12MCTL13 = 0x8d
                0x0000008e                __ADC12MCTL14 = 0x8e
                0x0000008f                __ADC12MCTL15 = 0x8f
                0x000001c0                __DAC12_0CTL = 0x1c0
                0x000001c2                __DAC12_1CTL = 0x1c2
                0x000001c8                __DAC12_0DAT = 0x1c8
                0x000001ca                __DAC12_1DAT = 0x1ca
                0x00000122                __DMACTL0 = 0x122
                0x00000124                __DMACTL1 = 0x124
                0x000001e0                __DMA0CTL = 0x1e0
                0x000001e8                __DMA1CTL = 0x1e8
                0x000001f0                __DMA2CTL = 0x1f0
                0x000001e2                __DMA0SA = 0x1e2
                0x000001e4                __DMA0DA = 0x1e4
                0x000001e6                __DMA0SZ = 0x1e6
                0x000001ea                __DMA1SA = 0x1ea
                0x000001ec                __DMA1DA = 0x1ec
                0x000001ee                __DMA1SZ = 0x1ee
                0x000001f2                __DMA2SA = 0x1f2
                0x000001f4                __DMA2DA = 0x1f4
                0x000001f6                __DMA2SZ = 0x1f6

.hash
 *(.hash)

.dynsym
 *(.dynsym)

.dynstr
 *(.dynstr)

.gnu.version
 *(.gnu.version)

.gnu.version_d
 *(.gnu.version_d)

.gnu.version_r
 *(.gnu.version_r)

.rel.init
 *(.rel.init)

.rela.init
 *(.rela.init)

.rel.text
 *(.rel.text)
 *(.rel.text.*)
 *(.rel.gnu.linkonce.t*)

.rela.text
 *(.rela.text)
 *(.rela.text.*)
 *(.rela.gnu.linkonce.t*)

.rel.fini
 *(.rel.fini)

.rela.fini
 *(.rela.fini)

.rel.rodata
 *(.rel.rodata)
 *(.rel.rodata.*)
 *(.rel.gnu.linkonce.r*)

.rela.rodata
 *(.rela.rodata)
 *(.rela.rodata.*)
 *(.rela.gnu.linkonce.r*)

.rel.data
 *(.rel.data)
 *(.rel.data.*)
 *(.rel.gnu.linkonce.d*)

.rela.data
 *(.rela.data)
 *(.rela.data.*)
 *(.rela.gnu.linkonce.d*)

.rel.ctors
 *(.rel.ctors)

.rela.ctors
 *(.rela.ctors)

.rel.dtors
 *(.rel.dtors)

.rela.dtors
 *(.rela.dtors)

.rel.got
 *(.rel.got)

.rela.got
 *(.rela.got)

.rel.bss
 *(.rel.bss)

.rela.bss
 *(.rela.bss)

.rel.plt
 *(.rel.plt)

.rela.plt
 *(.rela.plt)

.text           0x00004000     0x6652
                0x00004000                . = ALIGN (0x2)
 *(.init)
 *(.init0)
 .init0         0x00004000        0x0 /usr/lib/gcc/msp430/4.5.3/mmpy-16/libcrt0.a(_reset_vector__.o)
                0x00004000                _reset_vector__
 *(.init1)
 *(.init2)
 .init2         0x00004000        0x4 /usr/lib/gcc/msp430/4.5.3/mmpy-16/libcrt0.a(__init_stack.o)
                0x00004000                __init_stack
 *(.init3)
 .init3         0x00004004        0xa /usr/lib/gcc/msp430/4.5.3/mmpy-16/libcrt0.a(__low_level_init.o)
                0x00004004                __low_level_init
 *(.init4)
 .init4         0x0000400e       0x16 /usr/lib/gcc/msp430/4.5.3/mmpy-16/libcrt0.a(_copy_data.o)
                0x0000400e                __do_copy_data
 .init4         0x00004024       0x14 /usr/lib/gcc/msp430/4.5.3/mmpy-16/libcrt0.a(_clear_bss.o)
                0x00004024                __do_clear_bss
 *(.init5)
 *(.init6)
 *(.init7)
 *(.init8)
 *(.init9)
 .init9         0x00004038      0x302 obj_sky/contiki-sky-main.o
                0x00004038                main
 *(.fini9)
 .fini9         0x0000433a        0x0 /usr/lib/gcc/msp430/4.5.3/mmpy-16/libcrt0.a(__stop_progExec__.o)
                0x0000433a                __stop_progExec__
 *(.fini8)
 *(.fini7)
 *(.fini6)
 *(.fini5)
 *(.fini4)
 *(.fini3)
 *(.fini2)
 *(.fini1)
 *(.fini0)
 .fini0         0x0000433a        0x6 /usr/lib/gcc/msp430/4.5.3/mmpy-16/libcrt0.a(_endless_loop__.o)
                0x0000433a                _endless_loop__
 *(.fini)
                0x00004340                . = ALIGN (0x2)
                0x00004340                __ctors_start = .
 *(.ctors)
                0x00004340                __ctors_end = .
                0x00004340                __dtors_start = .
 *(.dtors)
                0x00004340                __dtors_end = .
                0x00004340                . = ALIGN (0x2)
 *(.text)
 .text          0x00004340        0x4 /usr/lib/gcc/msp430/4.5.3/mmpy-16/crt0ivtbl16.o
                0x00004340                __isr_14
                0x00004340                __isr_11
                0x00004340                __isr_2
                0x00004340                __isr_7
                0x00004340                __isr_0
                0x00004340                __isr_8
                0x00004340                __isr_3
                0x00004340                __isr_12
                0x00004340                __isr_13
                0x00004340                __isr_9
 .text          0x00004344      0x1de coursework.co
                0x000044ec                breakPoints
                0x0000451c                autostart_processes
 .text          0x00004522       0xd4 obj_sky/contiki-sky-main.o
 .text          0x000045f6        0x2 contiki-sky.a(rimeaddr.o)
                0x000045f6                rimeaddr_null
 .text          0x000045f8        0xc contiki-sky.a(rime.o)
                0x000045fe                rime_driver
 .text          0x00004604        0x4 contiki-sky.a(broadcast-annou)
 .text          0x00004608        0x8 contiki-sky.a(broadcast.o)
 .text          0x00004610        0x2 contiki-sky.a(abc.o)
 .text          0x00004612       0x10 contiki-sky.a(chameleon-bitop)
                0x00004612                chameleon_bitopt
 .text          0x00004622       0x14 contiki-sky.a(csma.o)
                0x00004628                csma_driver
 .text          0x00004636       0x46 contiki-sky.a(contikimac.o)
                0x0000466c                contikimac_driver
 .text          0x0000467c        0xe contiki-sky.a(serial-line.o)
 .text          0x0000468a        0xc contiki-sky.a(etimer.o)
 .text          0x00004696        0xf contiki-sky.a(ctimer.o)
 *fill*         0x000046a5        0x1 00
 .text          0x000046a6        0xe contiki-sky.a(light-sensor.o)
                0x000046ac                light_sensor
 .text          0x000046b4       0x10 contiki-sky.a(button-sensor.o)
                0x000046bc                button_sensor
 .text          0x000046c4        0x8 contiki-sky.a(sensors.o)
 .text          0x000046cc       0x22 contiki-sky.a(cc2420.o)
                0x000046da                cc2420_driver
 .text          0x000046ee        0x4 contiki-sky.a(framer-802154.o)
                0x000046ee                framer_802154
 .text          0x000046f2        0x2 contiki-sky.a(frame802154.o)
 .text          0x000046f4       0x42 /usr/lib/gcc/msp430/4.5.3/mmpy-16/libgcc.a(_fixunssfsi.o)
                0x000046f4                __fixunssfsi
 .text          0x00004736      0x352 /usr/lib/gcc/msp430/4.5.3/mmpy-16/libgcc.a(_addsub_sf.o)
                0x000049e4                __addsf3
                0x00004a34                __subsf3
 .text          0x00004a88      0x1fe /usr/lib/gcc/msp430/4.5.3/mmpy-16/libgcc.a(_mul_sf.o)
                0x00004a88                __mulsf3
 .text          0x00004c86      0x160 /usr/lib/gcc/msp430/4.5.3/mmpy-16/libgcc.a(_div_sf.o)
                0x00004c86                __divsf3
 .text          0x00004de6       0x58 /usr/lib/gcc/msp430/4.5.3/mmpy-16/libgcc.a(_gt_sf.o)
                0x00004de6                __gtsf2
 .text          0x00004e3e       0x58 /usr/lib/gcc/msp430/4.5.3/mmpy-16/libgcc.a(_ge_sf.o)
                0x00004e3e                __gesf2
 .text          0x00004e96       0x58 /usr/lib/gcc/msp430/4.5.3/mmpy-16/libgcc.a(_lt_sf.o)
                0x00004e96                __ltsf2
 .text          0x00004eee       0x9a /usr/lib/gcc/msp430/4.5.3/mmpy-16/libgcc.a(_si_to_sf.o)
                0x00004eee                __floatsisf
 .text          0x00004f88       0x8a /usr/lib/gcc/msp430/4.5.3/mmpy-16/libgcc.a(_sf_to_si.o)
                0x00004f88                __fixsfsi
 .text          0x00005012        0x8 /usr/lib/gcc/msp430/4.5.3/mmpy-16/libgcc.a(_thenan_sf.o)
                0x00005012                __thenan_sf
 .text          0x0000501a       0xd8 /usr/lib/gcc/msp430/4.5.3/mmpy-16/libgcc.a(_usi_to_sf.o)
                0x0000501a                __floatunsisf
 .text          0x000050f2       0x58 /usr/lib/gcc/msp430/4.5.3/mmpy-16/libgcc.a(_clzsi2.o)
                0x000050f2                __clzsi2
 .text          0x0000514a      0x1d6 /usr/lib/gcc/msp430/4.5.3/mmpy-16/libgcc.a(_pack_sf.o)
                0x0000514a                __pack_f
 .text          0x00005320      0x132 /usr/lib/gcc/msp430/4.5.3/mmpy-16/libgcc.a(_unpack_sf.o)
                0x00005320                __unpack_f
 .text          0x00005452       0xa2 /usr/lib/gcc/msp430/4.5.3/mmpy-16/libgcc.a(_fpcmp_parts_sf.o)
                0x00005452                __fpcmp_parts_f
 .text          0x000054f4      0x100 /usr/lib/gcc/msp430/4.5.3/mmpy-16/libgcc.a(_clz.o)
                0x000054f4                __clz_tab
 .text          0x000055f4      0x104 /usr/lib/gcc/msp430/4.5.3/../../../../msp430/lib/mmpy-16/libc.a(memcpy.o)
                0x000055f4                memcpy
 .text          0x000056f8       0x66 /usr/lib/gcc/msp430/4.5.3/../../../../msp430/lib/mmpy-16/libc.a(memset.o)
                0x000056f8                memset
 .text          0x0000575e      0x10c /usr/lib/gcc/msp430/4.5.3/../../../../msp430/lib/mmpy-16/libc.a(malloc.o)
                0x0000575e                malloc
                0x00005862                free
 .text          0x0000586a       0x20 /usr/lib/gcc/msp430/4.5.3/../../../../msp430/lib/mmpy-16/libc.a(printf.o)
                0x0000586a                printf
                0x0000587c                vprintf
 .text          0x0000588a      0x476 /usr/lib/gcc/msp430/4.5.3/../../../../msp430/lib/mmpy-16/libc.a(vuprintf.o)
                0x00005996                vuprintf
 .text          0x00005d00       0x2c /usr/lib/gcc/msp430/4.5.3/../../../../msp430/lib/mmpy-16/libc.a(puts.o)
                0x00005d00                puts
 .text          0x00005d2c      0x134 /usr/lib/gcc/msp430/4.5.3/../../../../msp430/lib/mmpy-16/libc.a(rand.o)
                0x00005d2c                rand_r
                0x00005dc0                rand
                0x00005e56                srand
                0x00005e60                . = ALIGN (0x2)
 *(.text.*)
 .text.process_thread_aggregator_process
                0x00005e60       0x5e coursework.co
 .text.initIO   0x00005ebe       0x22 coursework.co
                0x00005ebe                initIO
 .text.getLight
                0x00005ee0       0x4c coursework.co
                0x00005ee0                getLight
 .text.putShort
                0x00005f2c       0x3a coursework.co
                0x00005f2c                putShort
 .text.putFloat
                0x00005f66       0xa6 coursework.co
                0x00005f66                putFloat
 .text.calculateEMA
                0x0000600c       0x94 coursework.co
                0x0000600c                calculateEMA
 .text.getBuffer
                0x000060a0       0x4c coursework.co
                0x000060a0                getBuffer
 .text.process_thread_sensing_process
                0x000060ec      0x14c coursework.co
 .text.calculateBufferEMA
                0x00006238       0xbc coursework.co
                0x00006238                calculateBufferEMA
 .text.printBuffer
                0x000062f4       0x4a coursework.co
                0x000062f4                printBuffer
 .text.handleFinalBuffer
                0x0000633e       0x3a coursework.co
                0x0000633e                handleFinalBuffer
 .text.handleEMABufferRotation
                0x00006378       0xde coursework.co
                0x00006378                handleEMABufferRotation
 .text.rimeaddr_copy
                0x00006456        0xc contiki-sky.a(rimeaddr.o)
                0x00006456                rimeaddr_copy
 .text.rimeaddr_cmp
                0x00006462       0x1a contiki-sky.a(rimeaddr.o)
                0x00006462                rimeaddr_cmp
 .text.rimeaddr_set_node_addr
                0x0000647c       0x10 contiki-sky.a(rimeaddr.o)
                0x0000647c                rimeaddr_set_node_addr
 .text.input    0x0000648c       0x42 contiki-sky.a(rime.o)
 .text.init     0x000064ce       0x2e contiki-sky.a(rime.o)
 .text.packet_sent
                0x000064fc       0x44 contiki-sky.a(rime.o)
 .text.rime_output
                0x00006540       0x28 contiki-sky.a(rime.o)
                0x00006540                rime_output
 .text.announcement_init
                0x00006568        0xa contiki-sky.a(announcement.o)
                0x00006568                announcement_init
 .text.announcement_register_observer_callback
                0x00006572        0x6 contiki-sky.a(announcement.o)
                0x00006572                announcement_register_observer_callback
 .text.announcement_list
                0x00006578        0xa contiki-sky.a(announcement.o)
                0x00006578                announcement_list
 .text.announcement_heard
                0x00006582       0x42 contiki-sky.a(announcement.o)
                0x00006582                announcement_heard
 .text.adv_packet_sent
                0x000065c4        0x2 contiki-sky.a(broadcast-annou)
 .text.adv_packet_received
                0x000065c6       0x6c contiki-sky.a(broadcast-annou)
 .text.set_timers
                0x00006632       0x60 contiki-sky.a(broadcast-annou)
 .text.new_announcement
                0x00006692       0x18 contiki-sky.a(broadcast-annou)
 .text.send_timer
                0x000066aa       0x38 contiki-sky.a(broadcast-annou)
 .text.send_adv
                0x000066e2       0x66 contiki-sky.a(broadcast-annou)
 .text.broadcast_announcement_init
                0x00006748       0x48 contiki-sky.a(broadcast-annou)
                0x00006748                broadcast_announcement_init
 .text.sent_by_abc
                0x00006790       0x10 contiki-sky.a(broadcast.o)
 .text.recv_from_abc
                0x000067a0       0x20 contiki-sky.a(broadcast.o)
 .text.broadcast_open
                0x000067c0       0x2a contiki-sky.a(broadcast.o)
                0x000067c0                broadcast_open
 .text.broadcast_send
                0x000067ea       0x1a contiki-sky.a(broadcast.o)
                0x000067ea                broadcast_send
 .text.abc_open
                0x00006804       0x26 contiki-sky.a(abc.o)
                0x00006804                abc_open
 .text.abc_send
                0x0000682a        0x6 contiki-sky.a(abc.o)
                0x0000682a                abc_send
 .text.abc_input
                0x00006830        0x8 contiki-sky.a(abc.o)
                0x00006830                abc_input
 .text.abc_sent
                0x00006838       0x10 contiki-sky.a(abc.o)
                0x00006838                abc_sent
 .text.chameleon_init
                0x00006848        0x6 contiki-sky.a(chameleon.o)
                0x00006848                chameleon_init
 .text.chameleon_parse
                0x0000684e       0x10 contiki-sky.a(chameleon.o)
                0x0000684e                chameleon_parse
 .text.chameleon_create
                0x0000685e       0x1c contiki-sky.a(chameleon.o)
                0x0000685e                chameleon_create
 .text.chameleon_hdrsize
                0x0000687a        0x6 contiki-sky.a(chameleon.o)
                0x0000687a                chameleon_hdrsize
 .text.channel_init
                0x00006880        0xa contiki-sky.a(channel.o)
                0x00006880                channel_init
 .text.channel_open
                0x0000688a       0x10 contiki-sky.a(channel.o)
                0x0000688a                channel_open
 .text.channel_lookup
                0x0000689a       0x20 contiki-sky.a(channel.o)
                0x0000689a                channel_lookup
 .text.channel_set_attributes
                0x000068ba       0x24 contiki-sky.a(channel.o)
                0x000068ba                channel_set_attributes
 .text.header_size
                0x000068de       0x16 contiki-sky.a(chameleon-bitop)
 .text.get_bits_in_byte
                0x000068f4       0x30 contiki-sky.a(chameleon-bitop)
                0x000068f4                get_bits_in_byte
 .text.get_bits
                0x00006924       0xaa contiki-sky.a(chameleon-bitop)
                0x00006924                get_bits
 .text.unpack_header
                0x000069ce       0xde contiki-sky.a(chameleon-bitop)
 .text.set_bits_in_byte
                0x00006aac       0x26 contiki-sky.a(chameleon-bitop)
                0x00006aac                set_bits_in_byte
 .text.set_bits
                0x00006ad2       0xb0 contiki-sky.a(chameleon-bitop)
                0x00006ad2                set_bits
 .text.pack_header
                0x00006b82       0xb8 contiki-sky.a(chameleon-bitop)
 .text.input_packet
                0x00006c3a        0x6 contiki-sky.a(csma.o)
 .text.on       0x00006c40        0x6 contiki-sky.a(csma.o)
 .text.off      0x00006c46        0x6 contiki-sky.a(csma.o)
 .text.channel_check_interval
                0x00006c4c        0xc contiki-sky.a(csma.o)
 .text.transmit_packet_list
                0x00006c58       0x24 contiki-sky.a(csma.o)
 .text.send_packet
                0x00006c7c      0x172 contiki-sky.a(csma.o)
 .text.free_first_packet
                0x00006dee       0x98 contiki-sky.a(csma.o)
 .text.packet_sent
                0x00006e86       0xfe contiki-sky.a(csma.o)
 .text.init     0x00006f84       0x1a contiki-sky.a(csma.o)
 .text.on       0x00006f9e       0x16 contiki-sky.a(contikimac.o)
 .text.off      0x00006fb4       0x1e contiki-sky.a(contikimac.o)
 .text.recv_burst_off
                0x00006fd2        0xa contiki-sky.a(contikimac.o)
 .text.turn_off
                0x00006fdc       0x20 contiki-sky.a(contikimac.o)
 .text.duty_cycle
                0x00006ffc        0x6 contiki-sky.a(contikimac.o)
 .text.turn_on  0x00007002       0x30 contiki-sky.a(contikimac.o)
 .text.schedule_powercycle_fixed
                0x00007032       0x4c contiki-sky.a(contikimac.o)
 .text.powercycle_turn_radio_off
                0x0000707e       0x2c contiki-sky.a(contikimac.o)
 .text.powercycle
                0x000070aa      0x1cc contiki-sky.a(contikimac.o)
 .text.input_packet
                0x00007276      0x118 contiki-sky.a(contikimac.o)
 .text.send_packet
                0x0000738e      0x2e2 contiki-sky.a(contikimac.o)
 .text.qsend_list
                0x00007670       0x88 contiki-sky.a(contikimac.o)
 .text.qsend_packet
                0x000076f8       0x26 contiki-sky.a(contikimac.o)
 .text.init     0x0000771e       0x32 contiki-sky.a(contikimac.o)
 .text.send_packet
                0x00007750       0x44 contiki-sky.a(phase.o)
 .text.find_neighbor
                0x00007794       0x32 contiki-sky.a(phase.o)
                0x00007794                find_neighbor
 .text.phase_update
                0x000077c6       0xb8 contiki-sky.a(phase.o)
                0x000077c6                phase_update
 .text.phase_wait
                0x0000787e      0x114 contiki-sky.a(phase.o)
                0x0000787e                phase_wait
 .text.phase_init
                0x00007992       0x20 contiki-sky.a(phase.o)
                0x00007992                phase_init
 .text.call_process
                0x000079b2       0x4c contiki-sky.a(process.o)
 .text.exit_process
                0x000079fe       0x94 contiki-sky.a(process.o)
 .text.do_poll  0x00007a92       0x30 contiki-sky.a(process.o)
 .text.process_alloc_event
                0x00007ac2        0xe contiki-sky.a(process.o)
                0x00007ac2                process_alloc_event
 .text.process_init
                0x00007ad0       0x1c contiki-sky.a(process.o)
                0x00007ad0                process_init
 .text.process_run
                0x00007aec       0x9c contiki-sky.a(process.o)
                0x00007aec                process_run
 .text.process_nevents
                0x00007b88        0xc contiki-sky.a(process.o)
                0x00007b88                process_nevents
 .text.process_post
                0x00007b94       0x54 contiki-sky.a(process.o)
                0x00007b94                process_post
 .text.process_post_synch
                0x00007be8       0x12 contiki-sky.a(process.o)
                0x00007be8                process_post_synch
 .text.process_start
                0x00007bfa       0x32 contiki-sky.a(process.o)
                0x00007bfa                process_start
 .text.process_poll
                0x00007c2c       0x1a contiki-sky.a(process.o)
                0x00007c2c                process_poll
 .text.autostart_start
                0x00007c46       0x18 contiki-sky.a(autostart.o)
                0x00007c46                autostart_start
 .text.compower_accumulate
                0x00007c5e       0x72 contiki-sky.a(compower.o)
                0x00007c5e                compower_accumulate
 .text.compower_clear
                0x00007cd0       0x12 contiki-sky.a(compower.o)
                0x00007cd0                compower_clear
 .text.compower_attrconv
                0x00007ce2       0x10 contiki-sky.a(compower.o)
                0x00007ce2                compower_attrconv
 .text.process_thread_serial_line_process
                0x00007cf2       0xa6 contiki-sky.a(serial-line.o)
 .text.serial_line_input_byte
                0x00007d98       0x46 contiki-sky.a(serial-line.o)
                0x00007d98                serial_line_input_byte
 .text.serial_line_init
                0x00007dde       0x1c contiki-sky.a(serial-line.o)
                0x00007dde                serial_line_init
 .text.memb_init
                0x00007dfa       0x36 contiki-sky.a(memb.o)
                0x00007dfa                memb_init
 .text.memb_alloc
                0x00007e30       0x3e contiki-sky.a(memb.o)
                0x00007e30                memb_alloc
 .text.memb_free
                0x00007e6e       0x3a contiki-sky.a(memb.o)
                0x00007e6e                memb_free
 .text.memb_inmemb
                0x00007ea8       0x2e contiki-sky.a(memb.o)
                0x00007ea8                memb_inmemb
 .text.timer_set
                0x00007ed6       0x1c contiki-sky.a(timer.o)
                0x00007ed6                timer_set
 .text.timer_reset
                0x00007ef2        0xe contiki-sky.a(timer.o)
                0x00007ef2                timer_reset
 .text.timer_expired
                0x00007f00       0x2e contiki-sky.a(timer.o)
                0x00007f00                timer_expired
 .text.list_init
                0x00007f2e        0x6 contiki-sky.a(list.o)
                0x00007f2e                list_init
 .text.list_head
                0x00007f34        0x4 contiki-sky.a(list.o)
                0x00007f34                list_head
 .text.list_tail
                0x00007f38       0x14 contiki-sky.a(list.o)
                0x00007f38                list_tail
 .text.list_chop
                0x00007f4c       0x2a contiki-sky.a(list.o)
                0x00007f4c                list_chop
 .text.list_pop
                0x00007f76        0xe contiki-sky.a(list.o)
                0x00007f76                list_pop
 .text.list_remove
                0x00007f84       0x2e contiki-sky.a(list.o)
                0x00007f84                list_remove
 .text.list_push
                0x00007fb2       0x1a contiki-sky.a(list.o)
                0x00007fb2                list_push
 .text.list_add
                0x00007fcc       0x2a contiki-sky.a(list.o)
                0x00007fcc                list_add
 .text.list_length
                0x00007ff6       0x10 contiki-sky.a(list.o)
                0x00007ff6                list_length
 .text.list_item_next
                0x00008006        0x8 contiki-sky.a(list.o)
                0x00008006                list_item_next
 .text.update_time
                0x0000800e       0x78 contiki-sky.a(etimer.o)
 .text.etimer_request_poll
                0x00008086        0xa contiki-sky.a(etimer.o)
                0x00008086                etimer_request_poll
 .text.process_thread_etimer_process
                0x00008090       0xce contiki-sky.a(etimer.o)
 .text.add_timer
                0x0000815e       0x38 contiki-sky.a(etimer.o)
 .text.etimer_set
                0x00008196       0x12 contiki-sky.a(etimer.o)
                0x00008196                etimer_set
 .text.etimer_reset
                0x000081a8       0x12 contiki-sky.a(etimer.o)
                0x000081a8                etimer_reset
 .text.etimer_pending
                0x000081ba        0xe contiki-sky.a(etimer.o)
                0x000081ba                etimer_pending
 .text.etimer_next_expiration_time
                0x000081c8       0x16 contiki-sky.a(etimer.o)
                0x000081c8                etimer_next_expiration_time
 .text.etimer_stop
                0x000081de       0x3c contiki-sky.a(etimer.o)
                0x000081de                etimer_stop
 .text.process_thread_ctimer_process
                0x0000821a       0xa4 contiki-sky.a(ctimer.o)
 .text.ctimer_init
                0x000082be       0x18 contiki-sky.a(ctimer.o)
                0x000082be                ctimer_init
 .text.ctimer_set
                0x000082d6       0x5a contiki-sky.a(ctimer.o)
                0x000082d6                ctimer_set
 .text.ctimer_reset
                0x00008330       0x3a contiki-sky.a(ctimer.o)
                0x00008330                ctimer_reset
 .text.ctimer_stop
                0x0000836a       0x28 contiki-sky.a(ctimer.o)
                0x0000836a                ctimer_stop
 .text.energest_init
                0x00008392       0x2a contiki-sky.a(energest.o)
                0x00008392                energest_init
 .text.energest_type_time
                0x000083bc       0x44 contiki-sky.a(energest.o)
                0x000083bc                energest_type_time
 .text.energest_type_set
                0x00008400        0xe contiki-sky.a(energest.o)
                0x00008400                energest_type_set
 .text.energest_flush
                0x0000840e       0x4a contiki-sky.a(energest.o)
                0x0000840e                energest_flush
 .text.rtimer_init
                0x00008458        0x6 contiki-sky.a(rtimer.o)
                0x00008458                rtimer_init
 .text.rtimer_set
                0x0000845e       0x24 contiki-sky.a(rtimer.o)
                0x0000845e                rtimer_set
 .text.rtimer_run_next
                0x00008482       0x26 contiki-sky.a(rtimer.o)
                0x00008482                rtimer_run_next
 .text.random_init
                0x000084a8        0x6 contiki-sky.a(random.o)
                0x000084a8                random_init
 .text.random_rand
                0x000084ae        0x6 contiki-sky.a(random.o)
                0x000084ae                random_rand
 .text.ringbuf_init
                0x000084b4       0x14 contiki-sky.a(ringbuf.o)
                0x000084b4                ringbuf_init
 .text.ringbuf_put
                0x000084c8       0x3c contiki-sky.a(ringbuf.o)
                0x000084c8                ringbuf_put
 .text.ringbuf_get
                0x00008504       0x32 contiki-sky.a(ringbuf.o)
                0x00008504                ringbuf_get
 .text.packetbuf_copyto_hdr
                0x00008536       0x1c contiki-sky.a(packetbuf.o)
                0x00008536                packetbuf_copyto_hdr
 .text.packetbuf_copyto
                0x00008552       0x52 contiki-sky.a(packetbuf.o)
                0x00008552                packetbuf_copyto
 .text.packetbuf_hdr_remove
                0x000085a4        0x6 contiki-sky.a(packetbuf.o)
                0x000085a4                packetbuf_hdr_remove
 .text.packetbuf_hdrreduce
                0x000085aa       0x1a contiki-sky.a(packetbuf.o)
                0x000085aa                packetbuf_hdrreduce
 .text.packetbuf_set_datalen
                0x000085c4        0x6 contiki-sky.a(packetbuf.o)
                0x000085c4                packetbuf_set_datalen
 .text.packetbuf_dataptr
                0x000085ca        0xa contiki-sky.a(packetbuf.o)
                0x000085ca                packetbuf_dataptr
 .text.packetbuf_hdrptr
                0x000085d4        0xa contiki-sky.a(packetbuf.o)
                0x000085d4                packetbuf_hdrptr
 .text.packetbuf_is_reference
                0x000085de        0xe contiki-sky.a(packetbuf.o)
                0x000085de                packetbuf_is_reference
 .text.packetbuf_compact
                0x000085ec       0x48 contiki-sky.a(packetbuf.o)
                0x000085ec                packetbuf_compact
 .text.packetbuf_reference_ptr
                0x00008634        0x6 contiki-sky.a(packetbuf.o)
                0x00008634                packetbuf_reference_ptr
 .text.packetbuf_datalen
                0x0000863a        0x6 contiki-sky.a(packetbuf.o)
                0x0000863a                packetbuf_datalen
 .text.packetbuf_totlen
                0x00008640       0x10 contiki-sky.a(packetbuf.o)
                0x00008640                packetbuf_totlen
 .text.packetbuf_hdralloc
                0x00008650       0x2e contiki-sky.a(packetbuf.o)
                0x00008650                packetbuf_hdralloc
 .text.packetbuf_attr_clear
                0x0000867e       0x2e contiki-sky.a(packetbuf.o)
                0x0000867e                packetbuf_attr_clear
 .text.packetbuf_clear
                0x000086ac       0x20 contiki-sky.a(packetbuf.o)
                0x000086ac                packetbuf_clear
 .text.packetbuf_copyfrom
                0x000086cc       0x2e contiki-sky.a(packetbuf.o)
                0x000086cc                packetbuf_copyfrom
 .text.packetbuf_attr_copyto
                0x000086fa       0x20 contiki-sky.a(packetbuf.o)
                0x000086fa                packetbuf_attr_copyto
 .text.packetbuf_attr_copyfrom
                0x0000871a       0x2c contiki-sky.a(packetbuf.o)
                0x0000871a                packetbuf_attr_copyfrom
 .text.queuebuf_init
                0x00008746       0x1a contiki-sky.a(queuebuf.o)
                0x00008746                queuebuf_init
 .text.queuebuf_new_from_packetbuf
                0x00008760       0x80 contiki-sky.a(queuebuf.o)
                0x00008760                queuebuf_new_from_packetbuf
 .text.queuebuf_update_attr_from_packetbuf
                0x000087e0       0x12 contiki-sky.a(queuebuf.o)
                0x000087e0                queuebuf_update_attr_from_packetbuf
 .text.queuebuf_free
                0x000087f2       0x46 contiki-sky.a(queuebuf.o)
                0x000087f2                queuebuf_free
 .text.queuebuf_to_packetbuf
                0x00008838       0x70 contiki-sky.a(queuebuf.o)
                0x00008838                queuebuf_to_packetbuf
 .text.init_platform
                0x000088a8        0xc contiki-sky.a(contiki-sky-pla)
                0x000088a8                init_platform
 .text.value    0x000088b4       0x1a contiki-sky.a(light-sensor.o)
 .text.status   0x000088ce        0xc contiki-sky.a(light-sensor.o)
 .text.configure
                0x000088da       0x10 contiki-sky.a(light-sensor.o)
 .text.status   0x000088ea       0x16 contiki-sky.a(button-sensor.o)
 .text.configure
                0x00008900       0x4a contiki-sky.a(button-sensor.o)
 .text.value    0x0000894a       0x26 contiki-sky.a(button-sensor.o)
 .text.irq_p2   0x00008970       0x92 contiki-sky.a(button-sensor.o)
                0x00008970                irq_p2
                0x00008970                __isr_1
 .text.crc8_add
                0x00008a02       0x1a contiki-sky.a(ds2411.o)
 .text.owreadb  0x00008a1c       0x56 contiki-sky.a(ds2411.o)
 .text.ds2411_init
                0x00008a72      0x10a contiki-sky.a(ds2411.o)
                0x00008a72                ds2411_init
 .text.wait_ready
                0x00008b7c       0x4e contiki-sky.a(xmem.o)
 .text.xmem_init
                0x00008bca       0x3c contiki-sky.a(xmem.o)
                0x00008bca                xmem_init
 .text.xmem_pread
                0x00008c06       0xdc contiki-sky.a(xmem.o)
                0x00008c06                xmem_pread
 .text.node_id_restore
                0x00008ce2       0x38 contiki-sky.a(node-id.o)
                0x00008ce2                node_id_restore
 .text.get_sensor_index
                0x00008d1a       0x22 contiki-sky.a(sensors.o)
 .text.process_thread_sensors_process
                0x00008d3c       0xc2 contiki-sky.a(sensors.o)
 .text.sensors_changed
                0x00008dfe       0x14 contiki-sky.a(sensors.o)
                0x00008dfe                sensors_changed
 .text.strobe   0x00008e12       0x1e contiki-sky.a(cc2420.o)
 .text.status   0x00008e30       0x24 contiki-sky.a(cc2420.o)
 .text.getreg   0x00008e54       0x50 contiki-sky.a(cc2420.o)
 .text.setreg   0x00008ea4       0x48 contiki-sky.a(cc2420.o)
 .text.set_txpower
                0x00008eec       0x2a contiki-sky.a(cc2420.o)
 .text.cc2420_receiving_packet
                0x00008f16       0x10 contiki-sky.a(cc2420.o)
 .text.pending_packet
                0x00008f26        0x8 contiki-sky.a(cc2420.o)
 .text.on       0x00008f2e       0x46 contiki-sky.a(cc2420.o)
 .text.flushrx  0x00008f74       0x74 contiki-sky.a(cc2420.o)
 .text.off      0x00008fe8       0x78 contiki-sky.a(cc2420.o)
 .text.RELEASE_LOCK
                0x00009060       0x28 contiki-sky.a(cc2420.o)
 .text.cc2420_prepare
                0x00009088       0x8a contiki-sky.a(cc2420.o)
 .text.cc2420_on
                0x00009112       0x22 contiki-sky.a(cc2420.o)
                0x00009112                cc2420_on
 .text.cc2420_off
                0x00009134       0x30 contiki-sky.a(cc2420.o)
                0x00009134                cc2420_off
 .text.cc2420_cca
                0x00009164       0x7a contiki-sky.a(cc2420.o)
 .text.getrxdata
                0x000091de       0x4e contiki-sky.a(cc2420.o)
 .text.cc2420_read
                0x0000922c      0x11a contiki-sky.a(cc2420.o)
 .text.process_thread_cc2420_process
                0x00009346       0x50 contiki-sky.a(cc2420.o)
 .text.cc2420_set_channel
                0x00009396       0x7a contiki-sky.a(cc2420.o)
                0x00009396                cc2420_set_channel
 .text.cc2420_set_pan_addr
                0x00009410      0x13a contiki-sky.a(cc2420.o)
                0x00009410                cc2420_set_pan_addr
 .text.cc2420_init
                0x0000954a       0xd4 contiki-sky.a(cc2420.o)
                0x0000954a                cc2420_init
 .text.cc2420_interrupt
                0x0000961e       0x20 contiki-sky.a(cc2420.o)
                0x0000961e                cc2420_interrupt
 .text.cc2420_get_txpower
                0x0000963e       0x1e contiki-sky.a(cc2420.o)
                0x0000963e                cc2420_get_txpower
 .text.cc2420_transmit
                0x0000965c      0x1ac contiki-sky.a(cc2420.o)
 .text.cc2420_send
                0x00009808       0x12 contiki-sky.a(cc2420.o)
 .text.cc2420_port1_interrupt
                0x0000981a       0x6a contiki-sky.a(cc2420-arch.o)
                0x0000981a                __isr_4
                0x0000981a                cc2420_port1_interrupt
 .text.cc2420_arch_init
                0x00009884       0x1a contiki-sky.a(cc2420-arch.o)
                0x00009884                cc2420_arch_init
 .text.sky_sensors_status
                0x0000989e       0x3c contiki-sky.a(sky-sensors.o)
                0x0000989e                sky_sensors_status
 .text.sky_sensors_configure
                0x000098da       0xf6 contiki-sky.a(sky-sensors.o)
                0x000098da                sky_sensors_configure
 .text.handle_rxdma_timer
                0x000099d0       0x42 contiki-sky.a(uart1.o)
 .text.uart1_active
                0x00009a12       0x18 contiki-sky.a(uart1.o)
                0x00009a12                uart1_active
 .text.uart1_set_input
                0x00009a2a       0x20 contiki-sky.a(uart1.o)
                0x00009a2a                uart1_set_input
 .text.uart1_writeb
                0x00009a4a       0x1a contiki-sky.a(uart1.o)
                0x00009a4a                uart1_writeb
 .text.uart1_init
                0x00009a64       0xee contiki-sky.a(uart1.o)
                0x00009a64                uart1_init
 .text.putchar  0x00009b52        0xe contiki-sky.a(uart1-putchar.o)
                0x00009b52                putchar
 .text.msp430_init_dco
                0x00009b60       0x74 contiki-sky.a(msp430.o)
                0x00009b60                msp430_init_dco
 .text.msp430_add_lpm_req
                0x00009bd4        0xa contiki-sky.a(msp430.o)
                0x00009bd4                msp430_add_lpm_req
 .text.msp430_cpu_init
                0x00009bde       0x2a contiki-sky.a(msp430.o)
                0x00009bde                msp430_cpu_init
 .text.splhigh_
                0x00009c08        0x8 contiki-sky.a(msp430.o)
                0x00009c08                splhigh_
 .text.msp430_sync_dco
                0x00009c10       0x60 contiki-sky.a(msp430.o)
                0x00009c10                msp430_sync_dco
 .text.timera1  0x00009c70       0xee contiki-sky.a(clock.o)
                0x00009c70                __isr_5
                0x00009c70                timera1
 .text.clock_time
                0x00009d5e       0x1a contiki-sky.a(clock.o)
                0x00009d5e                clock_time
 .text.clock_init
                0x00009d78       0x28 contiki-sky.a(clock.o)
                0x00009d78                clock_init
 .text.clock_delay
                0x00009da0        0xc contiki-sky.a(clock.o)
                0x00009da0                clock_delay
 .text.show_leds
                0x00009dac      0x10c contiki-sky.a(leds.o)
 .text.leds_init
                0x00009eb8        0xe contiki-sky.a(leds.o)
                0x00009eb8                leds_init
 .text.leds_on  0x00009ec6       0x14 contiki-sky.a(leds.o)
                0x00009ec6                leds_on
 .text.leds_off
                0x00009eda       0x14 contiki-sky.a(leds.o)
                0x00009eda                leds_off
 .text.leds_arch_init
                0x00009eee        0xe contiki-sky.a(leds-arch.o)
                0x00009eee                leds_arch_init
 .text.leds_arch_set
                0x00009efc       0x3a contiki-sky.a(leds-arch.o)
                0x00009efc                leds_arch_set
 .text.watchdog_interrupt
                0x00009f36        0x6 contiki-sky.a(watchdog.o)
                0x00009f36                __isr_10
                0x00009f36                watchdog_interrupt
 .text.watchdog_start
                0x00009f3c       0x14 contiki-sky.a(watchdog.o)
                0x00009f3c                watchdog_start
 .text.watchdog_periodic
                0x00009f50       0x12 contiki-sky.a(watchdog.o)
                0x00009f50                watchdog_periodic
 .text.watchdog_stop
                0x00009f62       0x16 contiki-sky.a(watchdog.o)
                0x00009f62                watchdog_stop
 .text.watchdog_init
                0x00009f78       0x14 contiki-sky.a(watchdog.o)
                0x00009f78                watchdog_init
 .text.rtimer_arch_init
                0x00009f8c        0xe contiki-sky.a(rtimer-arch.o)
                0x00009f8c                rtimer_arch_init
 .text.rtimer_arch_now
                0x00009f9a        0xe contiki-sky.a(rtimer-arch.o)
                0x00009f9a                rtimer_arch_now
 .text.timera0  0x00009fa8       0x76 contiki-sky.a(rtimer-arch.o)
                0x00009fa8                __isr_6
                0x00009fa8                timera0
 .text.rtimer_arch_schedule
                0x0000a01e        0x6 contiki-sky.a(rtimer-arch.o)
                0x0000a01e                rtimer_arch_schedule
 .text.mac_call_sent_callback
                0x0000a024       0x14 contiki-sky.a(mac.o)
                0x0000a024                mac_call_sent_callback
 .text.parse    0x0000a038       0xa8 contiki-sky.a(framer-802154.o)
 .text.create   0x0000a0e0      0x10e contiki-sky.a(framer-802154.o)
 .text.spi_init
                0x0000a1ee       0x32 contiki-sky.a(spi.o)
                0x0000a1ee                spi_init
 .text.field_len
                0x0000a220       0x98 contiki-sky.a(frame802154.o)
 .text.frame802154_hdrlen
                0x0000a2b8       0x26 contiki-sky.a(frame802154.o)
                0x0000a2b8                frame802154_hdrlen
 .text.frame802154_create
                0x0000a2de      0x16c contiki-sky.a(frame802154.o)
                0x0000a2de                frame802154_create
 .text.frame802154_parse
                0x0000a44a      0x1a0 contiki-sky.a(frame802154.o)
                0x0000a44a                frame802154_parse
 .text.libgcc   0x0000a5ea       0x20 /usr/lib/gcc/msp430/4.5.3/mmpy-16/libgcc.a(_mulsi3.o)
                0x0000a5ea                __mulsi3
 .text.libgcc   0x0000a60a       0x1c /usr/lib/gcc/msp430/4.5.3/mmpy-16/libgcc.a(_udivmodhi4.o)
                0x0000a60a                __udivmodhi4
 .text.libgcc   0x0000a626       0x2a /usr/lib/gcc/msp430/4.5.3/mmpy-16/libgcc.a(_udivmodsi4.o)
                0x0000a626                __udivmodsi4
 .text.crt0     0x0000a650        0x2 /usr/lib/gcc/msp430/4.5.3/mmpy-16/libcrt0.a(_unexpected_.o)
                0x0000a650                _unexpected_

.rodata         0x0000a652        0x0
                0x0000a652                . = ALIGN (0x2)
 *(.rodata .rodata.* .gnu.linkonce.r.*)
                0x0000a652                . = ALIGN (0x2)
                0x0000a652                _etext = .

.data           0x00001100       0x98 load address 0x0000a652
                0x00001100                . = ALIGN (0x2)
                0x00001100                PROVIDE (__data_start, .)
 *(.data)
 .data          0x00001100       0x16 coursework.co
                0x00001100                sensing_process
                0x0000110a                aggregator_process
 .data          0x00001116       0x18 contiki-sky.a(csma.o)
 .data          0x0000112e        0xe contiki-sky.a(contikimac.o)
                0x0000112e                phase_list
 .data          0x0000113c        0x8 contiki-sky.a(phase.o)
 .data          0x00001144        0xa contiki-sky.a(serial-line.o)
                0x00001144                serial_line_process
 .data          0x0000114e        0xa contiki-sky.a(etimer.o)
                0x0000114e                etimer_process
 .data          0x00001158        0xa contiki-sky.a(ctimer.o)
                0x00001158                ctimer_process
 .data          0x00001162       0x18 contiki-sky.a(queuebuf.o)
 .data          0x0000117a        0x4 contiki-sky.a(contiki-sky-pla)
                0x0000117a                sensors
 .data          0x0000117e        0xa contiki-sky.a(sensors.o)
                0x0000117e                sensors_process
 .data          0x00001188        0xa contiki-sky.a(cc2420.o)
                0x00001188                cc2420_process
 .data          0x00001192        0x2 contiki-sky.a(msp430.o)
 .data          0x00001194        0x4 /usr/lib/gcc/msp430/4.5.3/../../../../msp430/lib/mmpy-16/libc.a(rand.o)
 *(SORT(.data.*))
                0x00001198                . = ALIGN (0x2)
 *(.gnu.linkonce.d*)
                0x00001198                . = ALIGN (0x2)
                0x00001198                _edata = .
                0x0000a652                PROVIDE (__data_load_start, LOADADDR (.data))
                0x00000098                PROVIDE (__data_size, SIZEOF (.data))

.bss            0x00001198     0x1538 load address 0x0000a6ea
                0x00001198                PROVIDE (__bss_start, .)
 *(.bss)
 .bss           0x00001198       0x1c coursework.co
 .bss           0x000011b4        0xc obj_sky/contiki-sky-main.o
 .bss           0x000011c0        0x2 contiki-sky.a(rime.o)
 .bss           0x000011c2        0x6 contiki-sky.a(announcement.o)
 .bss           0x000011c8       0x46 contiki-sky.a(broadcast-annou)
 .bss           0x0000120e        0x2 contiki-sky.a(channel.o)
 .bss           0x00001210      0x126 contiki-sky.a(csma.o)
 .bss           0x00001336      0x27a contiki-sky.a(contikimac.o)
 .bss           0x000015b0       0xe8 contiki-sky.a(phase.o)
 .bss           0x00001698       0x42 contiki-sky.a(process.o)
                0x00001698                process_list
                0x0000169a                process_current
 .bss           0x000016da        0x8 contiki-sky.a(compower.o)
 .bss           0x000016e2      0x10a contiki-sky.a(serial-line.o)
 .bss           0x000017ec        0x6 contiki-sky.a(etimer.o)
 .bss           0x000017f2        0x4 contiki-sky.a(ctimer.o)
 .bss           0x000017f6        0x2 contiki-sky.a(rtimer.o)
 .bss           0x000017f8       0xba contiki-sky.a(packetbuf.o)
 .bss           0x000018b2      0xc4e contiki-sky.a(queuebuf.o)
 .bss           0x00002500        0x8 contiki-sky.a(button-sensor.o)
 .bss           0x00002508        0x2 contiki-sky.a(node-id.o)
                0x00002508                node_id
 .bss           0x0000250a        0x6 contiki-sky.a(sensors.o)
 .bss           0x00002510        0xa contiki-sky.a(cc2420.o)
 .bss           0x0000251a        0x4 contiki-sky.a(sky-sensors.o)
 .bss           0x0000251e       0x9a contiki-sky.a(uart1.o)
 .bss           0x000025b8        0xa contiki-sky.a(clock.o)
 .bss           0x000025c2        0x2 contiki-sky.a(leds.o)
 .bss           0x000025c4        0x2 contiki-sky.a(watchdog.o)
 .bss           0x000025c6        0x2 contiki-sky.a(framer-802154.o)
 .bss           0x000025c8        0x1 /usr/lib/gcc/msp430/4.5.3/../../../../msp430/lib/mmpy-16/libc.a(malloc.o)
 *(SORT(.bss.*))
 *(COMMON)
 *fill*         0x000025c9        0x1 00
 COMMON         0x000025ca        0x2 contiki-sky.a(rimeaddr.o)
                0x000025ca                rimeaddr_node_addr
 COMMON         0x000025cc       0x48 contiki-sky.a(rimestats.o)
                0x000025cc                rimestats
 COMMON         0x00002614        0x1 contiki-sky.a(process.o)
                0x00002614                process_maxevents
 *fill*         0x00002615        0x1 00
 COMMON         0x00002616        0x8 contiki-sky.a(compower.o)
                0x00002616                compower_idle_activity
 COMMON         0x0000261e        0x1 contiki-sky.a(serial-line.o)
                0x0000261e                serial_line_event_message
 *fill*         0x0000261f        0x1 00
 COMMON         0x00002620       0x56 contiki-sky.a(energest.o)
                0x00002620                energest_total_time
                0x00002650                energest_total_count
                0x00002652                energest_current_mode
                0x0000265e                energest_current_time
 COMMON         0x00002676       0x38 contiki-sky.a(packetbuf.o)
                0x00002676                packetbuf_addrs
                0x0000267e                packetbuf_attrs
 COMMON         0x000026ae        0x2 contiki-sky.a(contiki-sky-pla)
                0x000026ae                sensors_flags
 COMMON         0x000026b0        0x8 contiki-sky.a(ds2411.o)
                0x000026b0                ds2411_id
 COMMON         0x000026b8        0x1 contiki-sky.a(sensors.o)
                0x000026b8                sensors_event
 *fill*         0x000026b9        0x1 00
 COMMON         0x000026ba       0x14 contiki-sky.a(cc2420.o)
                0x000026ba                cc2420_last_rssi
                0x000026bc                cc2420_packets_read
                0x000026be                cc2420_packets_seen
                0x000026c0                cc2420_sfd_start_time
                0x000026c2                cc2420_time_of_departure
                0x000026c4                cc2420_time_of_arrival
                0x000026c6                cc2420_last_correlation
                0x000026c8                cc2420_authority_level_of_sender
                0x000026ca                cc2420_sfd_counter
                0x000026cc                cc2420_sfd_end_time
 COMMON         0x000026ce        0x2 contiki-sky.a(msp430.o)
                0x000026ce                msp430_dco_required
                0x000026d0                PROVIDE (__bss_end, .)
                0x000026d0                _end = .
                0x00001538                PROVIDE (__bss_size, SIZEOF (.bss))

.noinit         0x000026d0        0x0 load address 0x0000a6ea
                0x000026d0                PROVIDE (__noinit_start, .)
 *(.noinit)
 *(.noinit.*)
 *(COMMON)
                0x000026d0                PROVIDE (__noinit_end, .)
                0x000026d0                _end = .

.infomem        0x00001000        0x0
 *(.infomem)
                0x00001000                . = ALIGN (0x2)
 *(.infomem.*)

.infomemnobits  0x00001000        0x0
                0x00001000                . = ALIGN (0x2)
 *(.infomemnobits)
                0x00001000                . = ALIGN (0x2)
 *(.infomemnobits.*)

.vectors        0x0000ffe0       0x20
                0x0000ffe0                PROVIDE (__vectors_start, .)
 *(.vectors*)
 .vectors       0x0000ffe0       0x20 /usr/lib/gcc/msp430/4.5.3/mmpy-16/crt0ivtbl16.o
                0x0000ffe0                __ivtbl_16
                0x00010000                _vectors_end = .

.fartext        0x00000000        0x0
                0x00000000                . = ALIGN (0x2)
 *(.fartext)
                0x00000000                . = ALIGN (0x2)
 *(.fartext.*)
                0x00000000                _efartext = .

.profiler
 *(.profiler)

.stab
 *(.stab)

.stabstr
 *(.stabstr)

.stab.excl
 *(.stab.excl)

.stab.exclstr
 *(.stab.exclstr)

.stab.index
 *(.stab.index)

.stab.indexstr
 *(.stab.indexstr)

.comment
 *(.comment)

.debug
 *(.debug)

.line
 *(.line)

.debug_srcinfo
 *(.debug_srcinfo)

.debug_sfnames
 *(.debug_sfnames)

.debug_aranges  0x00000000      0xac4
 *(.debug_aranges)
 .debug_aranges
                0x00000000       0x74 coursework.co
 .debug_aranges
                0x00000074       0x18 obj_sky/contiki-sky-main.o
 .debug_aranges
                0x0000008c       0x1c contiki-sky.a(rimeaddr.o)
 .debug_aranges
                0x000000a8       0x28 contiki-sky.a(rime.o)
 .debug_aranges
                0x000000d0       0x3c contiki-sky.a(announcement.o)
 .debug_aranges
                0x0000010c       0x34 contiki-sky.a(broadcast-annou)
 .debug_aranges
                0x00000140       0x24 contiki-sky.a(broadcast.o)
 .debug_aranges
                0x00000164       0x24 contiki-sky.a(abc.o)
 .debug_aranges
                0x00000188       0x20 contiki-sky.a(chameleon.o)
 .debug_aranges
                0x000001a8       0x24 contiki-sky.a(channel.o)
 .debug_aranges
                0x000001cc       0x2c contiki-sky.a(chameleon-bitop)
 .debug_aranges
                0x000001f8       0x34 contiki-sky.a(csma.o)
 .debug_aranges
                0x0000022c       0x4c contiki-sky.a(contikimac.o)
 .debug_aranges
                0x00000278       0x28 contiki-sky.a(phase.o)
 .debug_aranges
                0x000002a0       0x44 contiki-sky.a(process.o)
 .debug_aranges
                0x000002e4       0x18 contiki-sky.a(autostart.o)
 .debug_aranges
                0x000002fc       0x24 contiki-sky.a(compower.o)
 .debug_aranges
                0x00000320       0x1c contiki-sky.a(serial-line.o)
 .debug_aranges
                0x0000033c       0x20 contiki-sky.a(memb.o)
 .debug_aranges
                0x0000035c       0x24 contiki-sky.a(timer.o)
 .debug_aranges
                0x00000380       0x40 contiki-sky.a(list.o)
 .debug_aranges
                0x000003c0       0x48 contiki-sky.a(etimer.o)
 .debug_aranges
                0x00000408       0x2c contiki-sky.a(ctimer.o)
 .debug_aranges
                0x00000434       0x24 contiki-sky.a(energest.o)
 .debug_aranges
                0x00000458       0x1c contiki-sky.a(rtimer.o)
 .debug_aranges
                0x00000474       0x18 contiki-sky.a(random.o)
 .debug_aranges
                0x0000048c       0x24 contiki-sky.a(ringbuf.o)
 .debug_aranges
                0x000004b0       0x64 contiki-sky.a(packetbuf.o)
 .debug_aranges
                0x00000514       0x38 contiki-sky.a(queuebuf.o)
 .debug_aranges
                0x0000054c       0x14 contiki-sky.a(contiki-sky-pla)
 .debug_aranges
                0x00000560       0x1c contiki-sky.a(light-sensor.o)
 .debug_aranges
                0x0000057c       0x20 contiki-sky.a(button-sensor.o)
 .debug_aranges
                0x0000059c       0x1c contiki-sky.a(ds2411.o)
 .debug_aranges
                0x000005b8       0x28 contiki-sky.a(xmem.o)
 .debug_aranges
                0x000005e0       0x18 contiki-sky.a(node-id.o)
 .debug_aranges
                0x000005f8       0x28 contiki-sky.a(sensors.o)
 .debug_aranges
                0x00000620       0x88 contiki-sky.a(cc2420.o)
 .debug_aranges
                0x000006a8       0x18 contiki-sky.a(cc2420-arch.o)
 .debug_aranges
                0x000006c0       0x18 contiki-sky.a(sky-sensors.o)
 .debug_aranges
                0x000006d8       0x24 contiki-sky.a(uart1.o)
 .debug_aranges
                0x000006fc       0x14 contiki-sky.a(uart1-putchar.o)
 .debug_aranges
                0x00000710       0x2c contiki-sky.a(msp430.o)
 .debug_aranges
                0x0000073c       0x3c contiki-sky.a(clock.o)
 .debug_aranges
                0x00000778       0x30 contiki-sky.a(leds.o)
 .debug_aranges
                0x000007a8       0x1c contiki-sky.a(leds-arch.o)
 .debug_aranges
                0x000007c4       0x28 contiki-sky.a(watchdog.o)
 .debug_aranges
                0x000007ec       0x20 contiki-sky.a(rtimer-arch.o)
 .debug_aranges
                0x0000080c       0x14 contiki-sky.a(mac.o)
 .debug_aranges
                0x00000820       0x18 contiki-sky.a(framer-802154.o)
 .debug_aranges
                0x00000838       0x14 contiki-sky.a(spi.o)
 .debug_aranges
                0x0000084c       0x20 contiki-sky.a(frame802154.o)
 .debug_aranges
                0x0000086c       0x14 /usr/lib/gcc/msp430/4.5.3/mmpy-16/libgcc.a(_mulsi3.o)
 .debug_aranges
                0x00000880       0x14 /usr/lib/gcc/msp430/4.5.3/mmpy-16/libgcc.a(_udivmodhi4.o)
 .debug_aranges
                0x00000894       0x14 /usr/lib/gcc/msp430/4.5.3/mmpy-16/libgcc.a(_udivmodsi4.o)
 .debug_aranges
                0x000008a8       0x14 /usr/lib/gcc/msp430/4.5.3/mmpy-16/libgcc.a(_fixunssfsi.o)
 .debug_aranges
                0x000008bc       0x14 /usr/lib/gcc/msp430/4.5.3/mmpy-16/libgcc.a(_addsub_sf.o)
 .debug_aranges
                0x000008d0       0x14 /usr/lib/gcc/msp430/4.5.3/mmpy-16/libgcc.a(_mul_sf.o)
 .debug_aranges
                0x000008e4       0x14 /usr/lib/gcc/msp430/4.5.3/mmpy-16/libgcc.a(_div_sf.o)
 .debug_aranges
                0x000008f8       0x14 /usr/lib/gcc/msp430/4.5.3/mmpy-16/libgcc.a(_gt_sf.o)
 .debug_aranges
                0x0000090c       0x14 /usr/lib/gcc/msp430/4.5.3/mmpy-16/libgcc.a(_ge_sf.o)
 .debug_aranges
                0x00000920       0x14 /usr/lib/gcc/msp430/4.5.3/mmpy-16/libgcc.a(_lt_sf.o)
 .debug_aranges
                0x00000934       0x14 /usr/lib/gcc/msp430/4.5.3/mmpy-16/libgcc.a(_si_to_sf.o)
 .debug_aranges
                0x00000948       0x14 /usr/lib/gcc/msp430/4.5.3/mmpy-16/libgcc.a(_sf_to_si.o)
 .debug_aranges
                0x0000095c       0x14 /usr/lib/gcc/msp430/4.5.3/mmpy-16/libgcc.a(_usi_to_sf.o)
 .debug_aranges
                0x00000970       0x14 /usr/lib/gcc/msp430/4.5.3/mmpy-16/libgcc.a(_clzsi2.o)
 .debug_aranges
                0x00000984       0x14 /usr/lib/gcc/msp430/4.5.3/mmpy-16/libgcc.a(_pack_sf.o)
 .debug_aranges
                0x00000998       0x14 /usr/lib/gcc/msp430/4.5.3/mmpy-16/libgcc.a(_unpack_sf.o)
 .debug_aranges
                0x000009ac       0x14 /usr/lib/gcc/msp430/4.5.3/mmpy-16/libgcc.a(_fpcmp_parts_sf.o)
 .debug_aranges
                0x000009c0       0x14 /usr/lib/gcc/msp430/4.5.3/../../../../msp430/lib/mmpy-16/libc.a(memcpy.o)
 .debug_aranges
                0x000009d4       0x14 /usr/lib/gcc/msp430/4.5.3/../../../../msp430/lib/mmpy-16/libc.a(memset.o)
 .debug_aranges
                0x000009e8       0x14 /usr/lib/gcc/msp430/4.5.3/../../../../msp430/lib/mmpy-16/libc.a(malloc.o)
 .debug_aranges
                0x000009fc       0x14 /usr/lib/gcc/msp430/4.5.3/../../../../msp430/lib/mmpy-16/libc.a(printf.o)
 .debug_aranges
                0x00000a10       0x14 /usr/lib/gcc/msp430/4.5.3/../../../../msp430/lib/mmpy-16/libc.a(vuprintf.o)
 .debug_aranges
                0x00000a24       0x14 /usr/lib/gcc/msp430/4.5.3/../../../../msp430/lib/mmpy-16/libc.a(puts.o)
 .debug_aranges
                0x00000a38       0x14 /usr/lib/gcc/msp430/4.5.3/../../../../msp430/lib/mmpy-16/libc.a(rand.o)
 .debug_aranges
                0x00000a4c       0x14 /usr/lib/gcc/msp430/4.5.3/mmpy-16/libcrt0.a(__init_stack.o)
 .debug_aranges
                0x00000a60       0x14 /usr/lib/gcc/msp430/4.5.3/mmpy-16/libcrt0.a(__low_level_init.o)
 .debug_aranges
                0x00000a74       0x14 /usr/lib/gcc/msp430/4.5.3/mmpy-16/libcrt0.a(_copy_data.o)
 .debug_aranges
                0x00000a88       0x14 /usr/lib/gcc/msp430/4.5.3/mmpy-16/libcrt0.a(_clear_bss.o)
 .debug_aranges
                0x00000a9c       0x14 /usr/lib/gcc/msp430/4.5.3/mmpy-16/libcrt0.a(_endless_loop__.o)
 .debug_aranges
                0x00000ab0       0x14 /usr/lib/gcc/msp430/4.5.3/mmpy-16/libcrt0.a(_unexpected_.o)

.debug_pubnames
                0x00000000     0x1df9
 *(.debug_pubnames)
 .debug_pubnames
                0x00000000      0x205 coursework.co
 .debug_pubnames
                0x00000205       0x27 obj_sky/contiki-sky-main.o
 .debug_pubnames
                0x0000022c       0x79 contiki-sky.a(rimeaddr.o)
 .debug_pubnames
                0x000002a5       0x5f contiki-sky.a(rime.o)
 .debug_pubnames
                0x00000304       0x20 contiki-sky.a(rimestats.o)
 .debug_pubnames
                0x00000324      0x144 contiki-sky.a(announcement.o)
 .debug_pubnames
                0x00000468       0x7d contiki-sky.a(broadcast-annou)
 .debug_pubnames
                0x000004e5       0x4c contiki-sky.a(broadcast.o)
 .debug_pubnames
                0x00000531       0x55 contiki-sky.a(abc.o)
 .debug_pubnames
                0x00000586       0x64 contiki-sky.a(chameleon.o)
 .debug_pubnames
                0x000005ea       0x74 contiki-sky.a(channel.o)
 .debug_pubnames
                0x0000065e       0x6b contiki-sky.a(chameleon-bitop)
 .debug_pubnames
                0x000006c9       0x22 contiki-sky.a(csma.o)
 .debug_pubnames
                0x000006eb       0x52 contiki-sky.a(contikimac.o)
 .debug_pubnames
                0x0000073d       0x64 contiki-sky.a(phase.o)
 .debug_pubnames
                0x000007a1      0x10d contiki-sky.a(process.o)
 .debug_pubnames
                0x000008ae       0x39 contiki-sky.a(autostart.o)
 .debug_pubnames
                0x000008e7       0x9e contiki-sky.a(compower.o)
 .debug_pubnames
                0x00000985       0x78 contiki-sky.a(serial-line.o)
 .debug_pubnames
                0x000009fd       0x4d contiki-sky.a(memb.o)
 .debug_pubnames
                0x00000a4a       0x68 contiki-sky.a(timer.o)
 .debug_pubnames
                0x00000ab2       0xc3 contiki-sky.a(list.o)
 .debug_pubnames
                0x00000b75      0x109 contiki-sky.a(etimer.o)
 .debug_pubnames
                0x00000c7e       0x8b contiki-sky.a(ctimer.o)
 .debug_pubnames
                0x00000d09       0xec contiki-sky.a(energest.o)
 .debug_pubnames
                0x00000df5       0x45 contiki-sky.a(rtimer.o)
 .debug_pubnames
                0x00000e3a       0x32 contiki-sky.a(random.o)
 .debug_pubnames
                0x00000e6c       0x69 contiki-sky.a(ringbuf.o)
 .debug_pubnames
                0x00000ed5      0x22c contiki-sky.a(packetbuf.o)
 .debug_pubnames
                0x00001101       0xff contiki-sky.a(queuebuf.o)
 .debug_pubnames
                0x00001200       0x42 contiki-sky.a(contiki-sky-pla)
 .debug_pubnames
                0x00001242       0x23 contiki-sky.a(light-sensor.o)
 .debug_pubnames
                0x00001265       0x2f contiki-sky.a(button-sensor.o)
 .debug_pubnames
                0x00001294       0x30 contiki-sky.a(ds2411.o)
 .debug_pubnames
                0x000012c4       0x4e contiki-sky.a(xmem.o)
 .debug_pubnames
                0x00001312       0x43 contiki-sky.a(node-id.o)
 .debug_pubnames
                0x00001355       0x80 contiki-sky.a(sensors.o)
 .debug_pubnames
                0x000013d5      0x236 contiki-sky.a(cc2420.o)
 .debug_pubnames
                0x0000160b       0x42 contiki-sky.a(cc2420-arch.o)
 .debug_pubnames
                0x0000164d       0x43 contiki-sky.a(sky-sensors.o)
 .debug_pubnames
                0x00001690       0x57 contiki-sky.a(uart1.o)
 .debug_pubnames
                0x000016e7       0x1e contiki-sky.a(uart1-putchar.o)
 .debug_pubnames
                0x00001705       0xad contiki-sky.a(msp430.o)
 .debug_pubnames
                0x000017b2       0xc5 contiki-sky.a(clock.o)
 .debug_pubnames
                0x00001877       0x75 contiki-sky.a(leds.o)
 .debug_pubnames
                0x000018ec       0x49 contiki-sky.a(leds-arch.o)
 .debug_pubnames
                0x00001935       0x8a contiki-sky.a(watchdog.o)
 .debug_pubnames
                0x000019bf       0x60 contiki-sky.a(rtimer-arch.o)
 .debug_pubnames
                0x00001a1f       0x2d contiki-sky.a(mac.o)
 .debug_pubnames
                0x00001a4c       0x24 contiki-sky.a(framer-802154.o)
 .debug_pubnames
                0x00001a70       0x2c contiki-sky.a(spi.o)
 .debug_pubnames
                0x00001a9c       0x56 contiki-sky.a(frame802154.o)
 .debug_pubnames
                0x00001af2       0x23 /usr/lib/gcc/msp430/4.5.3/mmpy-16/libgcc.a(_fixunssfsi.o)
 .debug_pubnames
                0x00001b15       0x2c /usr/lib/gcc/msp430/4.5.3/mmpy-16/libgcc.a(_addsub_sf.o)
 .debug_pubnames
                0x00001b41       0x1f /usr/lib/gcc/msp430/4.5.3/mmpy-16/libgcc.a(_mul_sf.o)
 .debug_pubnames
                0x00001b60       0x1f /usr/lib/gcc/msp430/4.5.3/mmpy-16/libgcc.a(_div_sf.o)
 .debug_pubnames
                0x00001b7f       0x1e /usr/lib/gcc/msp430/4.5.3/mmpy-16/libgcc.a(_gt_sf.o)
 .debug_pubnames
                0x00001b9d       0x1e /usr/lib/gcc/msp430/4.5.3/mmpy-16/libgcc.a(_ge_sf.o)
 .debug_pubnames
                0x00001bbb       0x1e /usr/lib/gcc/msp430/4.5.3/mmpy-16/libgcc.a(_lt_sf.o)
 .debug_pubnames
                0x00001bd9       0x22 /usr/lib/gcc/msp430/4.5.3/mmpy-16/libgcc.a(_si_to_sf.o)
 .debug_pubnames
                0x00001bfb       0x20 /usr/lib/gcc/msp430/4.5.3/mmpy-16/libgcc.a(_sf_to_si.o)
 .debug_pubnames
                0x00001c1b       0x22 /usr/lib/gcc/msp430/4.5.3/mmpy-16/libgcc.a(_thenan_sf.o)
 .debug_pubnames
                0x00001c3d       0x24 /usr/lib/gcc/msp430/4.5.3/mmpy-16/libgcc.a(_usi_to_sf.o)
 .debug_pubnames
                0x00001c61       0x1f /usr/lib/gcc/msp430/4.5.3/mmpy-16/libgcc.a(_clzsi2.o)
 .debug_pubnames
                0x00001c80       0x1f /usr/lib/gcc/msp430/4.5.3/mmpy-16/libgcc.a(_pack_sf.o)
 .debug_pubnames
                0x00001c9f       0x21 /usr/lib/gcc/msp430/4.5.3/mmpy-16/libgcc.a(_unpack_sf.o)
 .debug_pubnames
                0x00001cc0       0x26 /usr/lib/gcc/msp430/4.5.3/mmpy-16/libgcc.a(_fpcmp_parts_sf.o)
 .debug_pubnames
                0x00001ce6       0x20 /usr/lib/gcc/msp430/4.5.3/mmpy-16/libgcc.a(_clz.o)
 .debug_pubnames
                0x00001d06       0x1d /usr/lib/gcc/msp430/4.5.3/../../../../msp430/lib/mmpy-16/libc.a(memcpy.o)
 .debug_pubnames
                0x00001d23       0x1d /usr/lib/gcc/msp430/4.5.3/../../../../msp430/lib/mmpy-16/libc.a(memset.o)
 .debug_pubnames
                0x00001d40       0x26 /usr/lib/gcc/msp430/4.5.3/../../../../msp430/lib/mmpy-16/libc.a(malloc.o)
 .debug_pubnames
                0x00001d66       0x29 /usr/lib/gcc/msp430/4.5.3/../../../../msp430/lib/mmpy-16/libc.a(printf.o)
 .debug_pubnames
                0x00001d8f       0x1f /usr/lib/gcc/msp430/4.5.3/../../../../msp430/lib/mmpy-16/libc.a(vuprintf.o)
 .debug_pubnames
                0x00001dae       0x1b /usr/lib/gcc/msp430/4.5.3/../../../../msp430/lib/mmpy-16/libc.a(puts.o)
 .debug_pubnames
                0x00001dc9       0x30 /usr/lib/gcc/msp430/4.5.3/../../../../msp430/lib/mmpy-16/libc.a(rand.o)

.debug_info     0x00000000    0x122fe
 *(.debug_info)
 .debug_info    0x00000000      0xd29 coursework.co
 .debug_info    0x00000d29      0x7e0 obj_sky/contiki-sky-main.o
 .debug_info    0x00001509      0x1c0 contiki-sky.a(rimeaddr.o)
 .debug_info    0x000016c9      0x5f3 contiki-sky.a(rime.o)
 .debug_info    0x00001cbc      0x140 contiki-sky.a(rimestats.o)
 .debug_info    0x00001dfc      0x3a9 contiki-sky.a(announcement.o)
 .debug_info    0x000021a5      0x88f contiki-sky.a(broadcast-annou)
 .debug_info    0x00002a34      0x5c6 contiki-sky.a(broadcast.o)
 .debug_info    0x00002ffa      0x495 contiki-sky.a(abc.o)
 .debug_info    0x0000348f      0x409 contiki-sky.a(chameleon.o)
 .debug_info    0x00003898      0x2d7 contiki-sky.a(channel.o)
 .debug_info    0x00003b6f      0x785 contiki-sky.a(chameleon-bitop)
 .debug_info    0x000042f4      0xbc8 contiki-sky.a(csma.o)
 .debug_info    0x00004ebc     0x110c contiki-sky.a(contikimac.o)
 .debug_info    0x00005fc8      0x89e contiki-sky.a(phase.o)
 .debug_info    0x00006866      0x51f contiki-sky.a(process.o)
 .debug_info    0x00006d85      0x1b1 contiki-sky.a(autostart.o)
 .debug_info    0x00006f36      0x423 contiki-sky.a(compower.o)
 .debug_info    0x00007359      0x35b contiki-sky.a(serial-line.o)
 .debug_info    0x000076b4      0x198 contiki-sky.a(memb.o)
 .debug_info    0x0000784c      0x16d contiki-sky.a(timer.o)
 .debug_info    0x000079b9      0x2f3 contiki-sky.a(list.o)
 .debug_info    0x00007cac      0x498 contiki-sky.a(etimer.o)
 .debug_info    0x00008144      0x4a7 contiki-sky.a(ctimer.o)
 .debug_info    0x000085eb      0x272 contiki-sky.a(energest.o)
 .debug_info    0x0000885d      0x207 contiki-sky.a(rtimer.o)
 .debug_info    0x00008a64       0xa4 contiki-sky.a(random.o)
 .debug_info    0x00008b08      0x1ad contiki-sky.a(ringbuf.o)
 .debug_info    0x00008cb5      0x5ff contiki-sky.a(packetbuf.o)
 .debug_info    0x000092b4      0x6e3 contiki-sky.a(queuebuf.o)
 .debug_info    0x00009997      0x2b9 contiki-sky.a(contiki-sky-pla)
 .debug_info    0x00009c50      0x227 contiki-sky.a(light-sensor.o)
 .debug_info    0x00009e77      0x496 contiki-sky.a(button-sensor.o)
 .debug_info    0x0000a30d      0x2cf contiki-sky.a(ds2411.o)
 .debug_info    0x0000a5dc      0x52b contiki-sky.a(xmem.o)
 .debug_info    0x0000ab07       0xe8 contiki-sky.a(node-id.o)
 .debug_info    0x0000abef      0x405 contiki-sky.a(sensors.o)
 .debug_info    0x0000aff4     0x1424 contiki-sky.a(cc2420.o)
 .debug_info    0x0000c418      0x2ad contiki-sky.a(cc2420-arch.o)
 .debug_info    0x0000c6c5      0x2d1 contiki-sky.a(sky-sensors.o)
 .debug_info    0x0000c996      0x632 contiki-sky.a(uart1.o)
 .debug_info    0x0000cfc8       0x8f contiki-sky.a(uart1-putchar.o)
 .debug_info    0x0000d057      0x40b contiki-sky.a(msp430.o)
 .debug_info    0x0000d462      0x43a contiki-sky.a(clock.o)
 .debug_info    0x0000d89c      0x2a0 contiki-sky.a(leds.o)
 .debug_info    0x0000db3c      0x111 contiki-sky.a(leds-arch.o)
 .debug_info    0x0000dc4d      0x1bc contiki-sky.a(watchdog.o)
 .debug_info    0x0000de09      0x255 contiki-sky.a(rtimer-arch.o)
 .debug_info    0x0000e05e      0x110 contiki-sky.a(mac.o)
 .debug_info    0x0000e16e      0x640 contiki-sky.a(framer-802154.o)
 .debug_info    0x0000e7ae      0x1a8 contiki-sky.a(spi.o)
 .debug_info    0x0000e956      0x494 contiki-sky.a(frame802154.o)
 .debug_info    0x0000edea       0xd7 /usr/lib/gcc/msp430/4.5.3/mmpy-16/libgcc.a(_mulsi3.o)
 .debug_info    0x0000eec1       0xd7 /usr/lib/gcc/msp430/4.5.3/mmpy-16/libgcc.a(_udivmodhi4.o)
 .debug_info    0x0000ef98       0xd7 /usr/lib/gcc/msp430/4.5.3/mmpy-16/libgcc.a(_udivmodsi4.o)
 .debug_info    0x0000f06f       0xae /usr/lib/gcc/msp430/4.5.3/mmpy-16/libgcc.a(_fixunssfsi.o)
 .debug_info    0x0000f11d      0x432 /usr/lib/gcc/msp430/4.5.3/mmpy-16/libgcc.a(_addsub_sf.o)
 .debug_info    0x0000f54f      0x3d6 /usr/lib/gcc/msp430/4.5.3/mmpy-16/libgcc.a(_mul_sf.o)
 .debug_info    0x0000f925      0x369 /usr/lib/gcc/msp430/4.5.3/mmpy-16/libgcc.a(_div_sf.o)
 .debug_info    0x0000fc8e      0x27b /usr/lib/gcc/msp430/4.5.3/mmpy-16/libgcc.a(_gt_sf.o)
 .debug_info    0x0000ff09      0x27b /usr/lib/gcc/msp430/4.5.3/mmpy-16/libgcc.a(_ge_sf.o)
 .debug_info    0x00010184      0x27b /usr/lib/gcc/msp430/4.5.3/mmpy-16/libgcc.a(_lt_sf.o)
 .debug_info    0x000103ff      0x218 /usr/lib/gcc/msp430/4.5.3/mmpy-16/libgcc.a(_si_to_sf.o)
 .debug_info    0x00010617      0x296 /usr/lib/gcc/msp430/4.5.3/mmpy-16/libgcc.a(_sf_to_si.o)
 .debug_info    0x000108ad      0x151 /usr/lib/gcc/msp430/4.5.3/mmpy-16/libgcc.a(_thenan_sf.o)
 .debug_info    0x000109fe      0x217 /usr/lib/gcc/msp430/4.5.3/mmpy-16/libgcc.a(_usi_to_sf.o)
 .debug_info    0x00010c15      0x115 /usr/lib/gcc/msp430/4.5.3/mmpy-16/libgcc.a(_clzsi2.o)
 .debug_info    0x00010d2a      0x2c2 /usr/lib/gcc/msp430/4.5.3/mmpy-16/libgcc.a(_pack_sf.o)
 .debug_info    0x00010fec      0x24d /usr/lib/gcc/msp430/4.5.3/mmpy-16/libgcc.a(_unpack_sf.o)
 .debug_info    0x00011239      0x1e2 /usr/lib/gcc/msp430/4.5.3/mmpy-16/libgcc.a(_fpcmp_parts_sf.o)
 .debug_info    0x0001141b       0x99 /usr/lib/gcc/msp430/4.5.3/mmpy-16/libgcc.a(_clz.o)
 .debug_info    0x000114b4      0x113 /usr/lib/gcc/msp430/4.5.3/../../../../msp430/lib/mmpy-16/libc.a(memcpy.o)
 .debug_info    0x000115c7       0xfe /usr/lib/gcc/msp430/4.5.3/../../../../msp430/lib/mmpy-16/libc.a(memset.o)
 .debug_info    0x000116c5      0x15e /usr/lib/gcc/msp430/4.5.3/../../../../msp430/lib/mmpy-16/libc.a(malloc.o)
 .debug_info    0x00011823      0x103 /usr/lib/gcc/msp430/4.5.3/../../../../msp430/lib/mmpy-16/libc.a(printf.o)
 .debug_info    0x00011926      0x3b5 /usr/lib/gcc/msp430/4.5.3/../../../../msp430/lib/mmpy-16/libc.a(vuprintf.o)
 .debug_info    0x00011cdb       0x96 /usr/lib/gcc/msp430/4.5.3/../../../../msp430/lib/mmpy-16/libc.a(puts.o)
 .debug_info    0x00011d71      0x137 /usr/lib/gcc/msp430/4.5.3/../../../../msp430/lib/mmpy-16/libc.a(rand.o)
 .debug_info    0x00011ea8       0xb9 /usr/lib/gcc/msp430/4.5.3/mmpy-16/libcrt0.a(__init_stack.o)
 .debug_info    0x00011f61       0xb9 /usr/lib/gcc/msp430/4.5.3/mmpy-16/libcrt0.a(__low_level_init.o)
 .debug_info    0x0001201a       0xb9 /usr/lib/gcc/msp430/4.5.3/mmpy-16/libcrt0.a(_copy_data.o)
 .debug_info    0x000120d3       0xb9 /usr/lib/gcc/msp430/4.5.3/mmpy-16/libcrt0.a(_clear_bss.o)
 .debug_info    0x0001218c       0xb9 /usr/lib/gcc/msp430/4.5.3/mmpy-16/libcrt0.a(_endless_loop__.o)
 .debug_info    0x00012245       0xb9 /usr/lib/gcc/msp430/4.5.3/mmpy-16/libcrt0.a(_unexpected_.o)
 *(.gnu.linkonce.wi.*)

.debug_abbrev   0x00000000     0x7089
 *(.debug_abbrev)
 .debug_abbrev  0x00000000      0x2fa coursework.co
 .debug_abbrev  0x000002fa      0x274 obj_sky/contiki-sky-main.o
 .debug_abbrev  0x0000056e      0x176 contiki-sky.a(rimeaddr.o)
 .debug_abbrev  0x000006e4      0x1f0 contiki-sky.a(rime.o)
 .debug_abbrev  0x000008d4       0x5d contiki-sky.a(rimestats.o)
 .debug_abbrev  0x00000931      0x183 contiki-sky.a(announcement.o)
 .debug_abbrev  0x00000ab4      0x254 contiki-sky.a(broadcast-annou)
 .debug_abbrev  0x00000d08      0x224 contiki-sky.a(broadcast.o)
 .debug_abbrev  0x00000f2c      0x1aa contiki-sky.a(abc.o)
 .debug_abbrev  0x000010d6      0x1e7 contiki-sky.a(chameleon.o)
 .debug_abbrev  0x000012bd      0x182 contiki-sky.a(channel.o)
 .debug_abbrev  0x0000143f      0x28e contiki-sky.a(chameleon-bitop)
 .debug_abbrev  0x000016cd      0x36e contiki-sky.a(csma.o)
 .debug_abbrev  0x00001a3b      0x3ac contiki-sky.a(contikimac.o)
 .debug_abbrev  0x00001de7      0x231 contiki-sky.a(phase.o)
 .debug_abbrev  0x00002018      0x2f8 contiki-sky.a(process.o)
 .debug_abbrev  0x00002310       0xf7 contiki-sky.a(autostart.o)
 .debug_abbrev  0x00002407      0x211 contiki-sky.a(compower.o)
 .debug_abbrev  0x00002618      0x1d7 contiki-sky.a(serial-line.o)
 .debug_abbrev  0x000027ef       0xec contiki-sky.a(memb.o)
 .debug_abbrev  0x000028db       0xfa contiki-sky.a(timer.o)
 .debug_abbrev  0x000029d5      0x153 contiki-sky.a(list.o)
 .debug_abbrev  0x00002b28      0x22b contiki-sky.a(etimer.o)
 .debug_abbrev  0x00002d53      0x1de contiki-sky.a(ctimer.o)
 .debug_abbrev  0x00002f31      0x146 contiki-sky.a(energest.o)
 .debug_abbrev  0x00003077      0x13b contiki-sky.a(rtimer.o)
 .debug_abbrev  0x000031b2       0x69 contiki-sky.a(random.o)
 .debug_abbrev  0x0000321b      0x10b contiki-sky.a(ringbuf.o)
 .debug_abbrev  0x00003326      0x25d contiki-sky.a(packetbuf.o)
 .debug_abbrev  0x00003583      0x234 contiki-sky.a(queuebuf.o)
 .debug_abbrev  0x000037b7      0x12c contiki-sky.a(contiki-sky-pla)
 .debug_abbrev  0x000038e3       0xe5 contiki-sky.a(light-sensor.o)
 .debug_abbrev  0x000039c8      0x18a contiki-sky.a(button-sensor.o)
 .debug_abbrev  0x00003b52      0x1b5 contiki-sky.a(ds2411.o)
 .debug_abbrev  0x00003d07      0x206 contiki-sky.a(xmem.o)
 .debug_abbrev  0x00003f0d       0x95 contiki-sky.a(node-id.o)
 .debug_abbrev  0x00003fa2      0x1ed contiki-sky.a(sensors.o)
 .debug_abbrev  0x0000418f      0x412 contiki-sky.a(cc2420.o)
 .debug_abbrev  0x000045a1      0x13f contiki-sky.a(cc2420-arch.o)
 .debug_abbrev  0x000046e0      0x144 contiki-sky.a(sky-sensors.o)
 .debug_abbrev  0x00004824      0x1d7 contiki-sky.a(uart1.o)
 .debug_abbrev  0x000049fb       0x52 contiki-sky.a(uart1-putchar.o)
 .debug_abbrev  0x00004a4d      0x192 contiki-sky.a(msp430.o)
 .debug_abbrev  0x00004bdf      0x1b5 contiki-sky.a(clock.o)
 .debug_abbrev  0x00004d94      0x139 contiki-sky.a(leds.o)
 .debug_abbrev  0x00004ecd       0xa8 contiki-sky.a(leds-arch.o)
 .debug_abbrev  0x00004f75       0xdb contiki-sky.a(watchdog.o)
 .debug_abbrev  0x00005050      0x137 contiki-sky.a(rtimer-arch.o)
 .debug_abbrev  0x00005187       0xa2 contiki-sky.a(mac.o)
 .debug_abbrev  0x00005229      0x222 contiki-sky.a(framer-802154.o)
 .debug_abbrev  0x0000544b       0x81 contiki-sky.a(spi.o)
 .debug_abbrev  0x000054cc      0x18f contiki-sky.a(frame802154.o)
 .debug_abbrev  0x0000565b       0x14 /usr/lib/gcc/msp430/4.5.3/mmpy-16/libgcc.a(_mulsi3.o)
 .debug_abbrev  0x0000566f       0x14 /usr/lib/gcc/msp430/4.5.3/mmpy-16/libgcc.a(_udivmodhi4.o)
 .debug_abbrev  0x00005683       0x14 /usr/lib/gcc/msp430/4.5.3/mmpy-16/libgcc.a(_udivmodsi4.o)
 .debug_abbrev  0x00005697       0x5d /usr/lib/gcc/msp430/4.5.3/mmpy-16/libgcc.a(_fixunssfsi.o)
 .debug_abbrev  0x000056f4      0x1ab /usr/lib/gcc/msp430/4.5.3/mmpy-16/libgcc.a(_addsub_sf.o)
 .debug_abbrev  0x0000589f      0x1d9 /usr/lib/gcc/msp430/4.5.3/mmpy-16/libgcc.a(_mul_sf.o)
 .debug_abbrev  0x00005a78      0x1c4 /usr/lib/gcc/msp430/4.5.3/mmpy-16/libgcc.a(_div_sf.o)
 .debug_abbrev  0x00005c3c      0x151 /usr/lib/gcc/msp430/4.5.3/mmpy-16/libgcc.a(_gt_sf.o)
 .debug_abbrev  0x00005d8d      0x151 /usr/lib/gcc/msp430/4.5.3/mmpy-16/libgcc.a(_ge_sf.o)
 .debug_abbrev  0x00005ede      0x151 /usr/lib/gcc/msp430/4.5.3/mmpy-16/libgcc.a(_lt_sf.o)
 .debug_abbrev  0x0000602f      0x162 /usr/lib/gcc/msp430/4.5.3/mmpy-16/libgcc.a(_si_to_sf.o)
 .debug_abbrev  0x00006191      0x160 /usr/lib/gcc/msp430/4.5.3/mmpy-16/libgcc.a(_sf_to_si.o)
 .debug_abbrev  0x000062f1       0xcb /usr/lib/gcc/msp430/4.5.3/mmpy-16/libgcc.a(_thenan_sf.o)
 .debug_abbrev  0x000063bc      0x16d /usr/lib/gcc/msp430/4.5.3/mmpy-16/libgcc.a(_usi_to_sf.o)
 .debug_abbrev  0x00006529       0xbd /usr/lib/gcc/msp430/4.5.3/mmpy-16/libgcc.a(_clzsi2.o)
 .debug_abbrev  0x000065e6      0x183 /usr/lib/gcc/msp430/4.5.3/mmpy-16/libgcc.a(_pack_sf.o)
 .debug_abbrev  0x00006769      0x14b /usr/lib/gcc/msp430/4.5.3/mmpy-16/libgcc.a(_unpack_sf.o)
 .debug_abbrev  0x000068b4      0x10b /usr/lib/gcc/msp430/4.5.3/mmpy-16/libgcc.a(_fpcmp_parts_sf.o)
 .debug_abbrev  0x000069bf       0x61 /usr/lib/gcc/msp430/4.5.3/mmpy-16/libgcc.a(_clz.o)
 .debug_abbrev  0x00006a20       0x97 /usr/lib/gcc/msp430/4.5.3/../../../../msp430/lib/mmpy-16/libc.a(memcpy.o)
 .debug_abbrev  0x00006ab7       0x8d /usr/lib/gcc/msp430/4.5.3/../../../../msp430/lib/mmpy-16/libc.a(memset.o)
 .debug_abbrev  0x00006b44       0xf8 /usr/lib/gcc/msp430/4.5.3/../../../../msp430/lib/mmpy-16/libc.a(malloc.o)
 .debug_abbrev  0x00006c3c       0xce /usr/lib/gcc/msp430/4.5.3/../../../../msp430/lib/mmpy-16/libc.a(printf.o)
 .debug_abbrev  0x00006d0a      0x1cb /usr/lib/gcc/msp430/4.5.3/../../../../msp430/lib/mmpy-16/libc.a(vuprintf.o)
 .debug_abbrev  0x00006ed5       0x60 /usr/lib/gcc/msp430/4.5.3/../../../../msp430/lib/mmpy-16/libc.a(puts.o)
 .debug_abbrev  0x00006f35       0xdc /usr/lib/gcc/msp430/4.5.3/../../../../msp430/lib/mmpy-16/libc.a(rand.o)
 .debug_abbrev  0x00007011       0x14 /usr/lib/gcc/msp430/4.5.3/mmpy-16/libcrt0.a(__init_stack.o)
 .debug_abbrev  0x00007025       0x14 /usr/lib/gcc/msp430/4.5.3/mmpy-16/libcrt0.a(__low_level_init.o)
 .debug_abbrev  0x00007039       0x14 /usr/lib/gcc/msp430/4.5.3/mmpy-16/libcrt0.a(_copy_data.o)
 .debug_abbrev  0x0000704d       0x14 /usr/lib/gcc/msp430/4.5.3/mmpy-16/libcrt0.a(_clear_bss.o)
 .debug_abbrev  0x00007061       0x14 /usr/lib/gcc/msp430/4.5.3/mmpy-16/libcrt0.a(_endless_loop__.o)
 .debug_abbrev  0x00007075       0x14 /usr/lib/gcc/msp430/4.5.3/mmpy-16/libcrt0.a(_unexpected_.o)

.debug_line     0x00000000     0x6ae0
 *(.debug_line)
 .debug_line    0x00000000      0x503 coursework.co
 .debug_line    0x00000503      0x292 obj_sky/contiki-sky-main.o
 .debug_line    0x00000795       0xd8 contiki-sky.a(rimeaddr.o)
 .debug_line    0x0000086d      0x1a5 contiki-sky.a(rime.o)
 .debug_line    0x00000a12       0x65 contiki-sky.a(rimestats.o)
 .debug_line    0x00000a77      0x19d contiki-sky.a(announcement.o)
 .debug_line    0x00000c14      0x278 contiki-sky.a(broadcast-annou)
 .debug_line    0x00000e8c      0x167 contiki-sky.a(broadcast.o)
 .debug_line    0x00000ff3      0x146 contiki-sky.a(abc.o)
 .debug_line    0x00001139      0x139 contiki-sky.a(chameleon.o)
 .debug_line    0x00001272      0x146 contiki-sky.a(channel.o)
 .debug_line    0x000013b8      0x260 contiki-sky.a(chameleon-bitop)
 .debug_line    0x00001618      0x2b6 contiki-sky.a(csma.o)
 .debug_line    0x000018ce      0x53b contiki-sky.a(contikimac.o)
 .debug_line    0x00001e09      0x261 contiki-sky.a(phase.o)
 .debug_line    0x0000206a      0x1d3 contiki-sky.a(process.o)
 .debug_line    0x0000223d       0xa3 contiki-sky.a(autostart.o)
 .debug_line    0x000022e0      0x15e contiki-sky.a(compower.o)
 .debug_line    0x0000243e      0x163 contiki-sky.a(serial-line.o)
 .debug_line    0x000025a1       0xc5 contiki-sky.a(memb.o)
 .debug_line    0x00002666       0xcf contiki-sky.a(timer.o)
 .debug_line    0x00002735      0x15e contiki-sky.a(list.o)
 .debug_line    0x00002893      0x209 contiki-sky.a(etimer.o)
 .debug_line    0x00002a9c      0x1ac contiki-sky.a(ctimer.o)
 .debug_line    0x00002c48       0xcf contiki-sky.a(energest.o)
 .debug_line    0x00002d17       0x9b contiki-sky.a(rtimer.o)
 .debug_line    0x00002db2       0x56 contiki-sky.a(random.o)
 .debug_line    0x00002e08       0xf7 contiki-sky.a(ringbuf.o)
 .debug_line    0x00002eff      0x289 contiki-sky.a(packetbuf.o)
 .debug_line    0x00003188      0x1cd contiki-sky.a(queuebuf.o)
 .debug_line    0x00003355       0xe0 contiki-sky.a(contiki-sky-pla)
 .debug_line    0x00003435       0xfb contiki-sky.a(light-sensor.o)
 .debug_line    0x00003530      0x1a3 contiki-sky.a(button-sensor.o)
 .debug_line    0x000036d3      0x146 contiki-sky.a(ds2411.o)
 .debug_line    0x00003819      0x209 contiki-sky.a(xmem.o)
 .debug_line    0x00003a22       0x7a contiki-sky.a(node-id.o)
 .debug_line    0x00003a9c      0x14c contiki-sky.a(sensors.o)
 .debug_line    0x00003be8      0x76c contiki-sky.a(cc2420.o)
 .debug_line    0x00004354      0x131 contiki-sky.a(cc2420-arch.o)
 .debug_line    0x00004485      0x110 contiki-sky.a(sky-sensors.o)
 .debug_line    0x00004595      0x1b1 contiki-sky.a(uart1.o)
 .debug_line    0x00004746       0x92 contiki-sky.a(uart1-putchar.o)
 .debug_line    0x000047d8      0x177 contiki-sky.a(msp430.o)
 .debug_line    0x0000494f      0x20b contiki-sky.a(clock.o)
 .debug_line    0x00004b5a      0x110 contiki-sky.a(leds.o)
 .debug_line    0x00004c6a       0xf3 contiki-sky.a(leds-arch.o)
 .debug_line    0x00004d5d      0x10d contiki-sky.a(watchdog.o)
 .debug_line    0x00004e6a      0x114 contiki-sky.a(rtimer-arch.o)
 .debug_line    0x00004f7e       0x69 contiki-sky.a(mac.o)
 .debug_line    0x00004fe7      0x17e contiki-sky.a(framer-802154.o)
 .debug_line    0x00005165       0x9c contiki-sky.a(spi.o)
 .debug_line    0x00005201      0x1d0 contiki-sky.a(frame802154.o)
 .debug_line    0x000053d1       0x9d /usr/lib/gcc/msp430/4.5.3/mmpy-16/libgcc.a(_mulsi3.o)
 .debug_line    0x0000546e       0x9a /usr/lib/gcc/msp430/4.5.3/mmpy-16/libgcc.a(_udivmodhi4.o)
 .debug_line    0x00005508       0xa1 /usr/lib/gcc/msp430/4.5.3/mmpy-16/libgcc.a(_udivmodsi4.o)
 .debug_line    0x000055a9       0x94 /usr/lib/gcc/msp430/4.5.3/mmpy-16/libgcc.a(_fixunssfsi.o)
 .debug_line    0x0000563d      0x144 /usr/lib/gcc/msp430/4.5.3/mmpy-16/libgcc.a(_addsub_sf.o)
 .debug_line    0x00005781      0x13d /usr/lib/gcc/msp430/4.5.3/mmpy-16/libgcc.a(_mul_sf.o)
 .debug_line    0x000058be      0x102 /usr/lib/gcc/msp430/4.5.3/mmpy-16/libgcc.a(_div_sf.o)
 .debug_line    0x000059c0       0xb1 /usr/lib/gcc/msp430/4.5.3/mmpy-16/libgcc.a(_gt_sf.o)
 .debug_line    0x00005a71       0xb1 /usr/lib/gcc/msp430/4.5.3/mmpy-16/libgcc.a(_ge_sf.o)
 .debug_line    0x00005b22       0xb1 /usr/lib/gcc/msp430/4.5.3/mmpy-16/libgcc.a(_lt_sf.o)
 .debug_line    0x00005bd3       0xc5 /usr/lib/gcc/msp430/4.5.3/mmpy-16/libgcc.a(_si_to_sf.o)
 .debug_line    0x00005c98       0xc3 /usr/lib/gcc/msp430/4.5.3/mmpy-16/libgcc.a(_sf_to_si.o)
 .debug_line    0x00005d5b       0x94 /usr/lib/gcc/msp430/4.5.3/mmpy-16/libgcc.a(_thenan_sf.o)
 .debug_line    0x00005def       0xc4 /usr/lib/gcc/msp430/4.5.3/mmpy-16/libgcc.a(_usi_to_sf.o)
 .debug_line    0x00005eb3       0xbd /usr/lib/gcc/msp430/4.5.3/mmpy-16/libgcc.a(_clzsi2.o)
 .debug_line    0x00005f70       0xfd /usr/lib/gcc/msp430/4.5.3/mmpy-16/libgcc.a(_pack_sf.o)
 .debug_line    0x0000606d       0xd9 /usr/lib/gcc/msp430/4.5.3/mmpy-16/libgcc.a(_unpack_sf.o)
 .debug_line    0x00006146       0xe8 /usr/lib/gcc/msp430/4.5.3/mmpy-16/libgcc.a(_fpcmp_parts_sf.o)
 .debug_line    0x0000622e       0x80 /usr/lib/gcc/msp430/4.5.3/mmpy-16/libgcc.a(_clz.o)
 .debug_line    0x000062ae       0xf3 /usr/lib/gcc/msp430/4.5.3/../../../../msp430/lib/mmpy-16/libc.a(memcpy.o)
 .debug_line    0x000063a1       0xbd /usr/lib/gcc/msp430/4.5.3/../../../../msp430/lib/mmpy-16/libc.a(memset.o)
 .debug_line    0x0000645e       0xbe /usr/lib/gcc/msp430/4.5.3/../../../../msp430/lib/mmpy-16/libc.a(malloc.o)
 .debug_line    0x0000651c       0x72 /usr/lib/gcc/msp430/4.5.3/../../../../msp430/lib/mmpy-16/libc.a(printf.o)
 .debug_line    0x0000658e      0x198 /usr/lib/gcc/msp430/4.5.3/../../../../msp430/lib/mmpy-16/libc.a(vuprintf.o)
 .debug_line    0x00006726       0x4d /usr/lib/gcc/msp430/4.5.3/../../../../msp430/lib/mmpy-16/libc.a(puts.o)
 .debug_line    0x00006773       0x52 /usr/lib/gcc/msp430/4.5.3/../../../../msp430/lib/mmpy-16/libc.a(rand.o)
 .debug_line    0x000067c5       0x82 /usr/lib/gcc/msp430/4.5.3/mmpy-16/libcrt0.a(__init_stack.o)
 .debug_line    0x00006847       0x84 /usr/lib/gcc/msp430/4.5.3/mmpy-16/libcrt0.a(__low_level_init.o)
 .debug_line    0x000068cb       0x88 /usr/lib/gcc/msp430/4.5.3/mmpy-16/libcrt0.a(_copy_data.o)
 .debug_line    0x00006953       0x88 /usr/lib/gcc/msp430/4.5.3/mmpy-16/libcrt0.a(_clear_bss.o)
 .debug_line    0x000069db       0x83 /usr/lib/gcc/msp430/4.5.3/mmpy-16/libcrt0.a(_endless_loop__.o)
 .debug_line    0x00006a5e       0x82 /usr/lib/gcc/msp430/4.5.3/mmpy-16/libcrt0.a(_unexpected_.o)

.debug_frame    0x00000000     0x240e
 *(.debug_frame)
 .debug_frame   0x00000000      0x452 coursework.co
 .debug_frame   0x00000452       0xb6 obj_sky/contiki-sky-main.o
 .debug_frame   0x00000508       0x36 contiki-sky.a(rimeaddr.o)
 .debug_frame   0x0000053e       0x8a contiki-sky.a(rime.o)
 .debug_frame   0x000005c8       0xe8 contiki-sky.a(announcement.o)
 .debug_frame   0x000006b0       0xea contiki-sky.a(broadcast-annou)
 .debug_frame   0x0000079a       0x6c contiki-sky.a(broadcast.o)
 .debug_frame   0x00000806       0x5e contiki-sky.a(abc.o)
 .debug_frame   0x00000864       0x48 contiki-sky.a(chameleon.o)
 .debug_frame   0x000008ac       0x5e contiki-sky.a(channel.o)
 .debug_frame   0x0000090a       0xea contiki-sky.a(chameleon-bitop)
 .debug_frame   0x000009f4       0xf6 contiki-sky.a(csma.o)
 .debug_frame   0x00000aea      0x182 contiki-sky.a(contikimac.o)
 .debug_frame   0x00000c6c       0xc4 contiki-sky.a(phase.o)
 .debug_frame   0x00000d30       0xe8 contiki-sky.a(process.o)
 .debug_frame   0x00000e18       0x36 contiki-sky.a(autostart.o)
 .debug_frame   0x00000e4e       0x5e contiki-sky.a(compower.o)
 .debug_frame   0x00000eac       0x40 contiki-sky.a(serial-line.o)
 .debug_frame   0x00000eec       0x60 contiki-sky.a(memb.o)