Archive member included because of file (symbol)

contiki-sky.a(rimeaddr.o)     obj_sky/contiki-sky-main.o (rimeaddr_copy)
contiki-sky.a(rime.o)         obj_sky/contiki-sky-main.o (rime_driver)
contiki-sky.a(rimestats.o)    contiki-sky.a(rime.o) (rimestats)
contiki-sky.a(announcement.o)
                              contiki-sky.a(rime.o) (announcement_init)
contiki-sky.a(broadcast-annou)
                              contiki-sky.a(rime.o) (broadcast_announcement_init)
contiki-sky.a(broadcast.o)    contiki-sky.a(broadcast-annou) (broadcast_open)
contiki-sky.a(abc.o)          contiki-sky.a(broadcast.o) (abc_open)
contiki-sky.a(chameleon.o)    contiki-sky.a(rime.o) (chameleon_init)
contiki-sky.a(channel.o)      contiki-sky.a(chameleon.o) (channel_init)
contiki-sky.a(chameleon-bitop)
                              contiki-sky.a(chameleon.o) (chameleon_bitopt)
contiki-sky.a(csma.o)         obj_sky/contiki-sky-main.o (csma_driver)
contiki-sky.a(contikimac.o)   obj_sky/contiki-sky-main.o (contikimac_driver)
contiki-sky.a(phase.o)        contiki-sky.a(contikimac.o) (phase_update)
contiki-sky.a(process.o)      coursework.co (process_alloc_event)
contiki-sky.a(autostart.o)    obj_sky/contiki-sky-main.o (autostart_start)
contiki-sky.a(compower.o)     contiki-sky.a(contikimac.o) (compower_idle_activity)
contiki-sky.a(serial-line.o)  obj_sky/contiki-sky-main.o (serial_line_input_byte)
contiki-sky.a(memb.o)         contiki-sky.a(csma.o) (memb_init)
contiki-sky.a(timer.o)        obj_sky/contiki-sky-main.o (timer_set)
contiki-sky.a(list.o)         contiki-sky.a(announcement.o) (list_init)
contiki-sky.a(etimer.o)       obj_sky/contiki-sky-main.o (etimer_process)
contiki-sky.a(ctimer.o)       obj_sky/contiki-sky-main.o (ctimer_init)
contiki-sky.a(energest.o)     obj_sky/contiki-sky-main.o (energest_init)
contiki-sky.a(rtimer.o)       obj_sky/contiki-sky-main.o (rtimer_init)
contiki-sky.a(random.o)       obj_sky/contiki-sky-main.o (random_init)
contiki-sky.a(ringbuf.o)      contiki-sky.a(serial-line.o) (ringbuf_init)
contiki-sky.a(packetbuf.o)    contiki-sky.a(contikimac.o) (packetbuf_hdr_remove)
contiki-sky.a(queuebuf.o)     contiki-sky.a(rime.o) (queuebuf_init)
contiki-sky.a(contiki-sky-pla)
                              obj_sky/contiki-sky-main.o (init_platform)
contiki-sky.a(light-sensor.o)
                              coursework.co (light_sensor)
contiki-sky.a(button-sensor.o)
                              coursework.co (button_sensor)
contiki-sky.a(ds2411.o)       obj_sky/contiki-sky-main.o (ds2411_init)
contiki-sky.a(xmem.o)         obj_sky/contiki-sky-main.o (xmem_init)
contiki-sky.a(node-id.o)      obj_sky/contiki-sky-main.o (node_id_restore)
contiki-sky.a(sensors.o)      coursework.co (sensors_event)
contiki-sky.a(cc2420.o)       obj_sky/contiki-sky-main.o (cc2420_set_channel)
contiki-sky.a(cc2420-arch.o)  contiki-sky.a(cc2420.o) (cc2420_arch_init)
contiki-sky.a(sky-sensors.o)  contiki-sky.a(light-sensor.o) (sky_sensors_status)
contiki-sky.a(uart1.o)        obj_sky/contiki-sky-main.o (uart1_active)
contiki-sky.a(uart1-putchar.o)
                              coursework.co (putchar)
contiki-sky.a(msp430.o)       contiki-sky.a(uart1.o) (msp430_add_lpm_req)
contiki-sky.a(clock.o)        contiki-sky.a(timer.o) (clock_time)
contiki-sky.a(leds.o)         obj_sky/contiki-sky-main.o (leds_init)
contiki-sky.a(leds-arch.o)    contiki-sky.a(leds.o) (leds_arch_init)
contiki-sky.a(watchdog.o)     obj_sky/contiki-sky-main.o (watchdog_start)
contiki-sky.a(rtimer-arch.o)  contiki-sky.a(rtimer.o) (rtimer_arch_init)
contiki-sky.a(mac.o)          contiki-sky.a(csma.o) (mac_call_sent_callback)
contiki-sky.a(framer-802154.o)
                              contiki-sky.a(contikimac.o) (framer_802154)
contiki-sky.a(spi.o)          contiki-sky.a(xmem.o) (spi_init)
contiki-sky.a(frame802154.o)  contiki-sky.a(framer-802154.o) (frame802154_hdrlen)
/usr/lib/gcc/msp430/4.5.3/mmpy-16/libgcc.a(_mulsi3.o)
                              contiki-sky.a(csma.o) (__mulsi3)
/usr/lib/gcc/msp430/4.5.3/mmpy-16/libgcc.a(_udivmodhi4.o)
                              coursework.co (__udivmodhi4)
/usr/lib/gcc/msp430/4.5.3/mmpy-16/libgcc.a(_divmodhi4.o)
                              coursework.co (__divmodhi4)
/usr/lib/gcc/msp430/4.5.3/mmpy-16/libgcc.a(_udivmodsi4.o)
                              obj_sky/contiki-sky-main.o (__udivmodsi4)
/usr/lib/gcc/msp430/4.5.3/mmpy-16/libgcc.a(_fixunssfsi.o)
                              coursework.co (__fixunssfsi)
/usr/lib/gcc/msp430/4.5.3/mmpy-16/libgcc.a(_addsub_sf.o)
                              coursework.co (__addsf3)
/usr/lib/gcc/msp430/4.5.3/mmpy-16/libgcc.a(_mul_sf.o)
                              coursework.co (__mulsf3)
/usr/lib/gcc/msp430/4.5.3/mmpy-16/libgcc.a(_div_sf.o)
                              coursework.co (__divsf3)
/usr/lib/gcc/msp430/4.5.3/mmpy-16/libgcc.a(_eq_sf.o)
                              coursework.co (__eqsf2)
/usr/lib/gcc/msp430/4.5.3/mmpy-16/libgcc.a(_ne_sf.o)
[...]
Memory Configuration

Name             Origin             Length             Attributes
sfr              0x00000000         0x00000010
peripheral_8bit  0x00000010         0x000000f0
peripheral_16bit 0x00000100         0x00000100
infomem          0x00001000         0x00000100
infob            0x00001000         0x00000080
infoa            0x00001080         0x00000080
ram              0x00001100         0x00002800         xw
rom              0x00004000         0x0000bfe0         xr
vectors          0x0000ffe0         0x00000020
bsl              0x00000000         0x00000000
infoc            0x00000000         0x00000000
infod            0x00000000         0x00000000
far_rom          0x00000000         0x00000000
*default*        0x00000000         0xffffffff

Linker script and memory map

LOAD /usr/lib/gcc/msp430/4.5.3/mmpy-16/crt0ivtbl16.o
LOAD coursework.co
LOAD obj_sky/contiki-sky-main.o
LOAD contiki-sky.a
LOAD /usr/lib/gcc/msp430/4.5.3/mmpy-16/libgcc.a
LOAD /usr/lib/gcc/msp430/4.5.3/../../../../msp430/lib/mmpy-16/libc.a
LOAD /usr/lib/gcc/msp430/4.5.3/mmpy-16/libgcc.a
LOAD /usr/lib/gcc/msp430/4.5.3/mmpy-16/libcrt0.a
                0x00000000                __IE1 = 0x0
                0x00000002                __IFG1 = 0x2
                0x00000004                __ME1 = 0x4
                0x00000001                __IE2 = 0x1
                0x00000003                __IFG2 = 0x3
                0x00000005                __ME2 = 0x5
                0x00000120                __WDTCTL = 0x120
                0x00000130                __MPY = 0x130
                0x00000132                __MPYS = 0x132
                0x00000134                __MAC = 0x134
                0x00000136                __MACS = 0x136
                0x00000138                __OP2 = 0x138
                0x0000013a                __RESLO = 0x13a
                0x0000013c                __RESHI = 0x13c
                0x0000013e                __SUMEXT = 0x13e
                0x00000020                __P1IN = 0x20
                0x00000021                __P1OUT = 0x21
                0x00000022                __P1DIR = 0x22
                0x00000023                __P1IFG = 0x23
                0x00000024                __P1IES = 0x24
                0x00000025                __P1IE = 0x25
                0x00000026                __P1SEL = 0x26
                0x00000028                __P2IN = 0x28
                0x00000029                __P2OUT = 0x29
                0x0000002a                __P2DIR = 0x2a
                0x0000002b                __P2IFG = 0x2b
                0x0000002c                __P2IES = 0x2c
                0x0000002d                __P2IE = 0x2d
                0x0000002e                __P2SEL = 0x2e
                0x00000018                __P3IN = 0x18
                0x00000019                __P3OUT = 0x19
                0x0000001a                __P3DIR = 0x1a
                0x0000001b                __P3SEL = 0x1b
                0x0000001c                __P4IN = 0x1c
                0x0000001d                __P4OUT = 0x1d
                0x0000001e                __P4DIR = 0x1e
                0x0000001f                __P4SEL = 0x1f
                0x00000030                __P5IN = 0x30
                0x00000031                __P5OUT = 0x31
                0x00000032                __P5DIR = 0x32
                0x00000033                __P5SEL = 0x33
                0x00000034                __P6IN = 0x34
                0x00000035                __P6OUT = 0x35
                0x00000036                __P6DIR = 0x36
                0x00000037                __P6SEL = 0x37
                0x00000070                __U0CTL = 0x70
                0x00000071                __U0TCTL = 0x71
                0x00000072                __U0RCTL = 0x72
                0x00000073                __U0MCTL = 0x73
                0x00000074                __U0BR0 = 0x74
                0x00000075                __U0BR1 = 0x75
                0x00000076                __U0RXBUF = 0x76
                0x00000077                __U0TXBUF = 0x77
                0x00000078                __U1CTL = 0x78
                0x00000079                __U1TCTL = 0x79
                0x0000007a                __U1RCTL = 0x7a
                0x0000007b                __U1MCTL = 0x7b
                0x0000007c                __U1BR0 = 0x7c
                0x0000007d                __U1BR1 = 0x7d
                0x0000007e                __U1RXBUF = 0x7e
                0x0000007f                __U1TXBUF = 0x7f
                0x00000050                __I2CIE = 0x50
                0x00000051                __I2CIFG = 0x51
                0x00000052                __I2CNDAT = 0x52
                0x00000071                __I2CTCTL = 0x71
                0x00000072                __I2CDCTL = 0x72
                0x00000073                __I2CPSC = 0x73
                0x00000074                __I2CSCLH = 0x74
                0x00000075                __I2CSCLL = 0x75
                0x00000076                __I2CDRB = 0x76
                0x00000076                __I2CDRW = 0x76
                0x00000118                __I2COA = 0x118
                0x0000011a                __I2CSA = 0x11a
                0x0000011c                __I2CIV = 0x11c
                0x0000012e                __TAIV = 0x12e
                0x00000160                __TACTL = 0x160
                0x00000162                __TACCTL0 = 0x162
                0x00000164                __TACCTL1 = 0x164
                0x00000166                __TACCTL2 = 0x166
                0x00000170                __TAR = 0x170
                0x00000172                __TACCR0 = 0x172
                0x00000174                __TACCR1 = 0x174
                0x00000176                __TACCR2 = 0x176
                0x0000011e                __TBIV = 0x11e
                0x00000180                __TBCTL = 0x180
                0x00000182                __TBCCTL0 = 0x182
                0x00000184                __TBCCTL1 = 0x184
                0x00000186                __TBCCTL2 = 0x186
                0x00000188                __TBCCTL3 = 0x188
                0x0000018a                __TBCCTL4 = 0x18a
                0x0000018c                __TBCCTL5 = 0x18c
                0x0000018e                __TBCCTL6 = 0x18e
                0x00000190                __TBR = 0x190
                0x00000192                __TBCCR0 = 0x192
                0x00000194                __TBCCR1 = 0x194
                0x00000196                __TBCCR2 = 0x196
                0x00000198                __TBCCR3 = 0x198
                0x0000019a                __TBCCR4 = 0x19a
                0x0000019c                __TBCCR5 = 0x19c
                0x0000019e                __TBCCR6 = 0x19e
                0x00000056                __DCOCTL = 0x56
                0x00000057                __BCSCTL1 = 0x57
                0x00000058                __BCSCTL2 = 0x58
                0x00000055                __SVSCTL = 0x55
                0x00000128                __FCTL1 = 0x128
                0x0000012a                __FCTL2 = 0x12a
                0x0000012c                __FCTL3 = 0x12c
                0x00000059                __CACTL1 = 0x59
                0x0000005a                __CACTL2 = 0x5a
                0x0000005b                __CAPD = 0x5b
                0x000001a0                __ADC12CTL0 = 0x1a0
                0x000001a2                __ADC12CTL1 = 0x1a2
                0x000001a4                __ADC12IFG = 0x1a4
                0x000001a6                __ADC12IE = 0x1a6
                0x000001a8                __ADC12IV = 0x1a8
                0x00000140                __ADC12MEM0 = 0x140
                0x00000142                __ADC12MEM1 = 0x142
                0x00000144                __ADC12MEM2 = 0x144
                0x00000146                __ADC12MEM3 = 0x146
                0x00000148                __ADC12MEM4 = 0x148
                0x0000014a                __ADC12MEM5 = 0x14a
                0x0000014c                __ADC12MEM6 = 0x14c
                0x0000014e                __ADC12MEM7 = 0x14e
                0x00000150                __ADC12MEM8 = 0x150
                0x00000152                __ADC12MEM9 = 0x152
                0x00000154                __ADC12MEM10 = 0x154
                0x00000156                __ADC12MEM11 = 0x156
                0x00000158                __ADC12MEM12 = 0x158
                0x0000015a                __ADC12MEM13 = 0x15a
                0x0000015c                __ADC12MEM14 = 0x15c
                0x0000015e                __ADC12MEM15 = 0x15e
                0x00000080                __ADC12MCTL0 = 0x80
                0x00000081                __ADC12MCTL1 = 0x81
                0x00000082                __ADC12MCTL2 = 0x82
                0x00000083                __ADC12MCTL3 = 0x83
                0x00000084                __ADC12MCTL4 = 0x84
                0x00000085                __ADC12MCTL5 = 0x85
                0x00000086                __ADC12MCTL6 = 0x86
                0x00000087                __ADC12MCTL7 = 0x87
                0x00000088                __ADC12MCTL8 = 0x88
                0x00000089                __ADC12MCTL9 = 0x89
                0x0000008a                __ADC12MCTL10 = 0x8a
                0x0000008b                __ADC12MCTL11 = 0x8b
                0x0000008c                __ADC12MCTL12 = 0x8c
                0x0000008d                __ADC12MCTL13 = 0x8d
                0x0000008e                __ADC12MCTL14 = 0x8e
                0x0000008f                __ADC12MCTL15 = 0x8f
                0x000001c0                __DAC12_0CTL = 0x1c0
                0x000001c2                __DAC12_1CTL = 0x1c2
                0x000001c8                __DAC12_0DAT = 0x1c8
                0x000001ca                __DAC12_1DAT = 0x1ca
                0x00000122                __DMACTL0 = 0x122
                0x00000124                __DMACTL1 = 0x124
                0x000001e0                __DMA0CTL = 0x1e0
                0x000001e8                __DMA1CTL = 0x1e8
                0x000001f0                __DMA2CTL = 0x1f0
                0x000001e2                __DMA0SA = 0x1e2
                0x000001e4                __DMA0DA = 0x1e4
                0x000001e6                __DMA0SZ = 0x1e6
                0x000001ea                __DMA1SA = 0x1ea
                0x000001ec                __DMA1DA = 0x1ec
                0x000001ee                __DMA1SZ = 0x1ee
                0x000001f2                __DMA2SA = 0x1f2
                0x000001f4                __DMA2DA = 0x1f4
                0x000001f6                __DMA2SZ = 0x1f6

.hash
 *(.hash)

.dynsym
 *(.dynsym)

.dynstr
 *(.dynstr)

.gnu.version
 *(.gnu.version)

.gnu.version_d
 *(.gnu.version_d)

.gnu.version_r
 *(.gnu.version_r)

.rel.init
 *(.rel.init)

.rela.init
 *(.rela.init)

.rel.text
 *(.rel.text)
 *(.rel.text.*)
 *(.rel.gnu.linkonce.t*)

.rela.text
 *(.rela.text)
 *(.rela.text.*)
 *(.rela.gnu.linkonce.t*)

.rel.fini
 *(.rel.fini)

.rela.fini
 *(.rela.fini)

.rel.rodata
 *(.rel.rodata)
 *(.rel.rodata.*)
 *(.rel.gnu.linkonce.r*)

.rela.rodata
 *(.rela.rodata)
 *(.rela.rodata.*)
 *(.rela.gnu.linkonce.r*)

.rel.data
 *(.rel.data)
 *(.rel.data.*)
 *(.rel.gnu.linkonce.d*)

.rela.data
 *(.rela.data)
 *(.rela.data.*)
 *(.rela.gnu.linkonce.d*)

.rel.ctors
 *(.rel.ctors)

.rela.ctors
 *(.rela.ctors)

.rel.dtors
 *(.rel.dtors)

.rela.dtors
 *(.rela.dtors)

.rel.got
 *(.rel.got)

.rela.got
 *(.rela.got)

.rel.bss
 *(.rel.bss)

.rela.bss
 *(.rela.bss)

.rel.plt
 *(.rel.plt)

.rela.plt
 *(.rela.plt)

.text           0x00004000     0x6a42
                0x00004000                . = ALIGN (0x2)
 *(.init)
 *(.init0)
 .init0         0x00004000        0x0 /usr/lib/gcc/msp430/4.5.3/mmpy-16/libcrt0.a(_reset_vector__.o)
                0x00004000                _reset_vector__
 *(.init1)
 *(.init2)
 .init2         0x00004000        0x4 /usr/lib/gcc/msp430/4.5.3/mmpy-16/libcrt0.a(__init_stack.o)
                0x00004000                __init_stack
 *(.init3)
 .init3         0x00004004        0xa /usr/lib/gcc/msp430/4.5.3/mmpy-16/libcrt0.a(__low_level_init.o)
                0x00004004                __low_level_init
 *(.init4)
 .init4         0x0000400e       0x16 /usr/lib/gcc/msp430/4.5.3/mmpy-16/libcrt0.a(_copy_data.o)
                0x0000400e                __do_copy_data
 .init4         0x00004024       0x14 /usr/lib/gcc/msp430/4.5.3/mmpy-16/libcrt0.a(_clear_bss.o)
                0x00004024                __do_clear_bss
 *(.init5)
 *(.init6)
 *(.init7)
 *(.init8)
 *(.init9)
 .init9         0x00004038      0x302 obj_sky/contiki-sky-main.o
                0x00004038                main
 *(.fini9)
 .fini9         0x0000433a        0x0 /usr/lib/gcc/msp430/4.5.3/mmpy-16/libcrt0.a(__stop_progExec__.o)
                0x0000433a                __stop_progExec__
 *(.fini8)
 *(.fini7)
 *(.fini6)
 *(.fini5)
 *(.fini4)
 *(.fini3)
 *(.fini2)
 *(.fini1)
 *(.fini0)
 .fini0         0x0000433a        0x6 /usr/lib/gcc/msp430/4.5.3/mmpy-16/libcrt0.a(_endless_loop__.o)
                0x0000433a                _endless_loop__
 *(.fini)
                0x00004340                . = ALIGN (0x2)
                0x00004340                __ctors_start = .
 *(.ctors)
                0x00004340                __ctors_end = .
                0x00004340                __dtors_start = .
 *(.dtors)
                0x00004340                __dtors_end = .
                0x00004340                . = ALIGN (0x2)
 *(.text)
 .text          0x00004340        0x4 /usr/lib/gcc/msp430/4.5.3/mmpy-16/crt0ivtbl16.o
                0x00004340                __isr_14
                0x00004340                __isr_11
                0x00004340                __isr_2
                0x00004340                __isr_7
                0x00004340                __isr_0
                0x00004340                __isr_8
                0x00004340                __isr_3
                0x00004340                __isr_12
                0x00004340                __isr_13
                0x00004340                __isr_9
 .text          0x00004344      0x1d0 coursework.co
                0x000044de                breakPoints
                0x0000450e                autostart_processes
 .text          0x00004514       0xd4 obj_sky/contiki-sky-main.o
 .text          0x000045e8        0x2 contiki-sky.a(rimeaddr.o)
                0x000045e8                rimeaddr_null
 .text          0x000045ea        0xc contiki-sky.a(rime.o)
                0x000045f0                rime_driver
 .text          0x000045f6        0x4 contiki-sky.a(broadcast-annou)
 .text          0x000045fa        0x8 contiki-sky.a(broadcast.o)
 .text          0x00004602        0x2 contiki-sky.a(abc.o)
 .text          0x00004604       0x10 contiki-sky.a(chameleon-bitop)
                0x00004604                chameleon_bitopt
 .text          0x00004614       0x14 contiki-sky.a(csma.o)
                0x0000461a                csma_driver
 .text          0x00004628       0x46 contiki-sky.a(contikimac.o)
                0x0000465e                contikimac_driver
 .text          0x0000466e        0xe contiki-sky.a(serial-line.o)
 .text          0x0000467c        0xc contiki-sky.a(etimer.o)
 .text          0x00004688        0xf contiki-sky.a(ctimer.o)
 *fill*         0x00004697        0x1 00
 .text          0x00004698        0xe contiki-sky.a(light-sensor.o)
                0x0000469e                light_sensor
 .text          0x000046a6       0x10 contiki-sky.a(button-sensor.o)
                0x000046ae                button_sensor
 .text          0x000046b6        0x8 contiki-sky.a(sensors.o)
 .text          0x000046be       0x22 contiki-sky.a(cc2420.o)
                0x000046cc                cc2420_driver
 .text          0x000046e0        0x4 contiki-sky.a(framer-802154.o)
                0x000046e0                framer_802154
 .text          0x000046e4        0x2 contiki-sky.a(frame802154.o)
 .text          0x000046e6       0x42 /usr/lib/gcc/msp430/4.5.3/mmpy-16/libgcc.a(_fixunssfsi.o)
                0x000046e6                __fixunssfsi
 .text          0x00004728      0x352 /usr/lib/gcc/msp430/4.5.3/mmpy-16/libgcc.a(_addsub_sf.o)
                0x000049d6                __addsf3
                0x00004a26                __subsf3
 .text          0x00004a7a      0x1fe /usr/lib/gcc/msp430/4.5.3/mmpy-16/libgcc.a(_mul_sf.o)
                0x00004a7a                __mulsf3
 .text          0x00004c78      0x160 /usr/lib/gcc/msp430/4.5.3/mmpy-16/libgcc.a(_div_sf.o)
                0x00004c78                __divsf3
 .text          0x00004dd8       0x58 /usr/lib/gcc/msp430/4.5.3/mmpy-16/libgcc.a(_eq_sf.o)
                0x00004dd8                __eqsf2
 .text          0x00004e30       0x58 /usr/lib/gcc/msp430/4.5.3/mmpy-16/libgcc.a(_ne_sf.o)
                0x00004e30                __nesf2
 .text          0x00004e88       0x58 /usr/lib/gcc/msp430/4.5.3/mmpy-16/libgcc.a(_gt_sf.o)
                0x00004e88                __gtsf2
 .text          0x00004ee0       0x58 /usr/lib/gcc/msp430/4.5.3/mmpy-16/libgcc.a(_ge_sf.o)
                0x00004ee0                __gesf2
 .text          0x00004f38       0x58 /usr/lib/gcc/msp430/4.5.3/mmpy-16/libgcc.a(_lt_sf.o)
                0x00004f38                __ltsf2
 .text          0x00004f90       0x9a /usr/lib/gcc/msp430/4.5.3/mmpy-16/libgcc.a(_si_to_sf.o)
                0x00004f90                __floatsisf
 .text          0x0000502a       0x8a /usr/lib/gcc/msp430/4.5.3/mmpy-16/libgcc.a(_sf_to_si.o)
                0x0000502a                __fixsfsi
 .text          0x000050b4        0x8 /usr/lib/gcc/msp430/4.5.3/mmpy-16/libgcc.a(_thenan_sf.o)
                0x000050b4                __thenan_sf
 .text          0x000050bc       0xd8 /usr/lib/gcc/msp430/4.5.3/mmpy-16/libgcc.a(_usi_to_sf.o)
                0x000050bc                __floatunsisf
 .text          0x00005194       0x58 /usr/lib/gcc/msp430/4.5.3/mmpy-16/libgcc.a(_clzsi2.o)
                0x00005194                __clzsi2
 .text          0x000051ec      0x1d6 /usr/lib/gcc/msp430/4.5.3/mmpy-16/libgcc.a(_pack_sf.o)
                0x000051ec                __pack_f
 .text          0x000053c2      0x132 /usr/lib/gcc/msp430/4.5.3/mmpy-16/libgcc.a(_unpack_sf.o)
                0x000053c2                __unpack_f
 .text          0x000054f4       0xa2 /usr/lib/gcc/msp430/4.5.3/mmpy-16/libgcc.a(_fpcmp_parts_sf.o)
                0x000054f4                __fpcmp_parts_f
 .text          0x00005596      0x100 /usr/lib/gcc/msp430/4.5.3/mmpy-16/libgcc.a(_clz.o)
                0x00005596                __clz_tab
 .text          0x00005696      0x104 /usr/lib/gcc/msp430/4.5.3/../../../../msp430/lib/mmpy-16/libc.a(memcpy.o)
                0x00005696                memcpy
 .text          0x0000579a       0x66 /usr/lib/gcc/msp430/4.5.3/../../../../msp430/lib/mmpy-16/libc.a(memset.o)
                0x0000579a                memset
 .text          0x00005800      0x10c /usr/lib/gcc/msp430/4.5.3/../../../../msp430/lib/mmpy-16/libc.a(malloc.o)
                0x00005800                malloc
                0x00005904                free
 .text          0x0000590c       0x20 /usr/lib/gcc/msp430/4.5.3/../../../../msp430/lib/mmpy-16/libc.a(printf.o)
                0x0000590c                printf
                0x0000591e                vprintf
 .text          0x0000592c      0x476 /usr/lib/gcc/msp430/4.5.3/../../../../msp430/lib/mmpy-16/libc.a(vuprintf.o)
                0x00005a38                vuprintf
 .text          0x00005da2       0x2c /usr/lib/gcc/msp430/4.5.3/../../../../msp430/lib/mmpy-16/libc.a(puts.o)
                0x00005da2                puts
 .text          0x00005dce      0x134 /usr/lib/gcc/msp430/4.5.3/../../../../msp430/lib/mmpy-16/libc.a(rand.o)
                0x00005dce                rand_r
                0x00005e62                rand
                0x00005ef8                srand
                0x00005f02                . = ALIGN (0x2)
 *(.text.*)
 .text.process_thread_aggregator_process
                0x00005f02       0x5e coursework.co
 .text.initIO   0x00005f60       0x22 coursework.co
                0x00005f60                initIO
 .text.getLight
                0x00005f82       0x4c coursework.co
                0x00005f82                getLight
 .text.putShort
                0x00005fce       0x3a coursework.co
                0x00005fce                putShort
 .text.putFloat
                0x00006008       0xa6 coursework.co
                0x00006008                putFloat
 .text.ceil     0x000060ae       0x42 coursework.co
                0x000060ae                ceil
 .text.sqrt     0x000060f0       0x60 coursework.co
                0x000060f0                sqrt
 .text.calculateMean
                0x00006150       0x6c coursework.co
                0x00006150                calculateMean
 .text.calculateStdDev
                0x000061bc       0xa8 coursework.co
                0x000061bc                calculateStdDev
 .text.getBuffer
                0x00006264       0x4c coursework.co
                0x00006264                getBuffer
 .text.process_thread_sensing_process
                0x000062b0      0x14c coursework.co
 .text.aggregateBuffer
                0x000063fc       0xdc coursework.co
                0x000063fc                aggregateBuffer
 .text.printBuffer
                0x000064d8       0x4a coursework.co
                0x000064d8                printBuffer
 .text.normaliseBuffer
                0x00006522       0x7a coursework.co
                0x00006522                normaliseBuffer
 .text.handleSAXBufferRotation
                0x0000659c       0xf0 coursework.co
                0x0000659c                handleSAXBufferRotation
 .text.valueToSAXChar
                0x0000668c       0x98 coursework.co
                0x0000668c                valueToSAXChar
 .text.stringifyBuffer
                0x00006724       0x4a coursework.co
                0x00006724                stringifyBuffer
 .text.handleFinalBuffer
                0x0000676e       0xa2 coursework.co
                0x0000676e                handleFinalBuffer
 .text.rimeaddr_copy
                0x00006810        0xc contiki-sky.a(rimeaddr.o)
                0x00006810                rimeaddr_copy
 .text.rimeaddr_cmp
                0x0000681c       0x1a contiki-sky.a(rimeaddr.o)
                0x0000681c                rimeaddr_cmp
 .text.rimeaddr_set_node_addr
                0x00006836       0x10 contiki-sky.a(rimeaddr.o)
                0x00006836                rimeaddr_set_node_addr
 .text.input    0x00006846       0x42 contiki-sky.a(rime.o)
 .text.init     0x00006888       0x2e contiki-sky.a(rime.o)
 .text.packet_sent
                0x000068b6       0x44 contiki-sky.a(rime.o)
 .text.rime_output
                0x000068fa       0x28 contiki-sky.a(rime.o)
                0x000068fa                rime_output
 .text.announcement_init
                0x00006922        0xa contiki-sky.a(announcement.o)
                0x00006922                announcement_init
 .text.announcement_register_observer_callback
                0x0000692c        0x6 contiki-sky.a(announcement.o)
                0x0000692c                announcement_register_observer_callback
 .text.announcement_list
                0x00006932        0xa contiki-sky.a(announcement.o)
                0x00006932                announcement_list
 .text.announcement_heard
                0x0000693c       0x42 contiki-sky.a(announcement.o)
                0x0000693c                announcement_heard
 .text.adv_packet_sent
                0x0000697e        0x2 contiki-sky.a(broadcast-annou)
 .text.adv_packet_received
                0x00006980       0x6c contiki-sky.a(broadcast-annou)
 .text.set_timers
                0x000069ec       0x60 contiki-sky.a(broadcast-annou)
 .text.new_announcement
                0x00006a4c       0x18 contiki-sky.a(broadcast-annou)
 .text.send_timer
                0x00006a64       0x38 contiki-sky.a(broadcast-annou)
 .text.send_adv
                0x00006a9c       0x66 contiki-sky.a(broadcast-annou)
 .text.broadcast_announcement_init
                0x00006b02       0x48 contiki-sky.a(broadcast-annou)
                0x00006b02                broadcast_announcement_init
 .text.sent_by_abc
                0x00006b4a       0x10 contiki-sky.a(broadcast.o)
 .text.recv_from_abc
                0x00006b5a       0x20 contiki-sky.a(broadcast.o)
 .text.broadcast_open
                0x00006b7a       0x2a contiki-sky.a(broadcast.o)
                0x00006b7a                broadcast_open
 .text.broadcast_send
                0x00006ba4       0x1a contiki-sky.a(broadcast.o)
                0x00006ba4                broadcast_send
 .text.abc_open
                0x00006bbe       0x26 contiki-sky.a(abc.o)
                0x00006bbe                abc_open
 .text.abc_send
                0x00006be4        0x6 contiki-sky.a(abc.o)
                0x00006be4                abc_send
 .text.abc_input
                0x00006bea        0x8 contiki-sky.a(abc.o)
                0x00006bea                abc_input
 .text.abc_sent
                0x00006bf2       0x10 contiki-sky.a(abc.o)
                0x00006bf2                abc_sent
 .text.chameleon_init
                0x00006c02        0x6 contiki-sky.a(chameleon.o)
                0x00006c02                chameleon_init
 .text.chameleon_parse
                0x00006c08       0x10 contiki-sky.a(chameleon.o)
                0x00006c08                chameleon_parse
 .text.chameleon_create
                0x00006c18       0x1c contiki-sky.a(chameleon.o)
                0x00006c18                chameleon_create
 .text.chameleon_hdrsize
                0x00006c34        0x6 contiki-sky.a(chameleon.o)
                0x00006c34                chameleon_hdrsize
 .text.channel_init
                0x00006c3a        0xa contiki-sky.a(channel.o)
                0x00006c3a                channel_init
 .text.channel_open
                0x00006c44       0x10 contiki-sky.a(channel.o)
                0x00006c44                channel_open
 .text.channel_lookup
                0x00006c54       0x20 contiki-sky.a(channel.o)
                0x00006c54                channel_lookup
 .text.channel_set_attributes
                0x00006c74       0x24 contiki-sky.a(channel.o)
                0x00006c74                channel_set_attributes
 .text.header_size
                0x00006c98       0x16 contiki-sky.a(chameleon-bitop)
 .text.get_bits_in_byte
                0x00006cae       0x30 contiki-sky.a(chameleon-bitop)
                0x00006cae                get_bits_in_byte
 .text.get_bits
                0x00006cde       0xaa contiki-sky.a(chameleon-bitop)
                0x00006cde                get_bits
 .text.unpack_header
                0x00006d88       0xde contiki-sky.a(chameleon-bitop)
 .text.set_bits_in_byte
                0x00006e66       0x26 contiki-sky.a(chameleon-bitop)
                0x00006e66                set_bits_in_byte
 .text.set_bits
                0x00006e8c       0xb0 contiki-sky.a(chameleon-bitop)
                0x00006e8c                set_bits
 .text.pack_header
                0x00006f3c       0xb8 contiki-sky.a(chameleon-bitop)
 .text.input_packet
                0x00006ff4        0x6 contiki-sky.a(csma.o)
 .text.on       0x00006ffa        0x6 contiki-sky.a(csma.o)
 .text.off      0x00007000        0x6 contiki-sky.a(csma.o)
 .text.channel_check_interval
                0x00007006        0xc contiki-sky.a(csma.o)
 .text.transmit_packet_list
                0x00007012       0x24 contiki-sky.a(csma.o)
 .text.send_packet
                0x00007036      0x172 contiki-sky.a(csma.o)
 .text.free_first_packet
                0x000071a8       0x98 contiki-sky.a(csma.o)
 .text.packet_sent
                0x00007240       0xfe contiki-sky.a(csma.o)
 .text.init     0x0000733e       0x1a contiki-sky.a(csma.o)
 .text.on       0x00007358       0x16 contiki-sky.a(contikimac.o)
 .text.off      0x0000736e       0x1e contiki-sky.a(contikimac.o)
 .text.recv_burst_off
                0x0000738c        0xa contiki-sky.a(contikimac.o)
 .text.turn_off
                0x00007396       0x20 contiki-sky.a(contikimac.o)
 .text.duty_cycle
                0x000073b6        0x6 contiki-sky.a(contikimac.o)
 .text.turn_on  0x000073bc       0x30 contiki-sky.a(contikimac.o)
 .text.schedule_powercycle_fixed
                0x000073ec       0x4c contiki-sky.a(contikimac.o)
 .text.powercycle_turn_radio_off
                0x00007438       0x2c contiki-sky.a(contikimac.o)
 .text.powercycle
                0x00007464      0x1cc contiki-sky.a(contikimac.o)
 .text.input_packet
                0x00007630      0x118 contiki-sky.a(contikimac.o)
 .text.send_packet
                0x00007748      0x2e2 contiki-sky.a(contikimac.o)
 .text.qsend_list
                0x00007a2a       0x88 contiki-sky.a(contikimac.o)
 .text.qsend_packet
                0x00007ab2       0x26 contiki-sky.a(contikimac.o)
 .text.init     0x00007ad8       0x32 contiki-sky.a(contikimac.o)
 .text.send_packet
                0x00007b0a       0x44 contiki-sky.a(phase.o)
 .text.find_neighbor
                0x00007b4e       0x32 contiki-sky.a(phase.o)
                0x00007b4e                find_neighbor
 .text.phase_update
                0x00007b80       0xb8 contiki-sky.a(phase.o)
                0x00007b80                phase_update
 .text.phase_wait
                0x00007c38      0x114 contiki-sky.a(phase.o)
                0x00007c38                phase_wait
 .text.phase_init
                0x00007d4c       0x20 contiki-sky.a(phase.o)
                0x00007d4c                phase_init
 .text.call_process
                0x00007d6c       0x4c contiki-sky.a(process.o)
 .text.exit_process
                0x00007db8       0x94 contiki-sky.a(process.o)
 .text.do_poll  0x00007e4c       0x30 contiki-sky.a(process.o)
 .text.process_alloc_event
                0x00007e7c        0xe contiki-sky.a(process.o)
                0x00007e7c                process_alloc_event
 .text.process_init
                0x00007e8a       0x1c contiki-sky.a(process.o)
                0x00007e8a                process_init
 .text.process_run
                0x00007ea6       0x9c contiki-sky.a(process.o)
                0x00007ea6                process_run
 .text.process_nevents
                0x00007f42        0xc contiki-sky.a(process.o)
                0x00007f42                process_nevents
 .text.process_post
                0x00007f4e       0x54 contiki-sky.a(process.o)
                0x00007f4e                process_post
 .text.process_post_synch
                0x00007fa2       0x12 contiki-sky.a(process.o)
                0x00007fa2                process_post_synch
 .text.process_start
                0x00007fb4       0x32 contiki-sky.a(process.o)
                0x00007fb4                process_start
 .text.process_poll
                0x00007fe6       0x1a contiki-sky.a(process.o)
                0x00007fe6                process_poll
 .text.autostart_start
                0x00008000       0x18 contiki-sky.a(autostart.o)
                0x00008000                autostart_start
 .text.compower_accumulate
                0x00008018       0x72 contiki-sky.a(compower.o)
                0x00008018                compower_accumulate
 .text.compower_clear
                0x0000808a       0x12 contiki-sky.a(compower.o)
                0x0000808a                compower_clear
 .text.compower_attrconv
                0x0000809c       0x10 contiki-sky.a(compower.o)
                0x0000809c                compower_attrconv
 .text.process_thread_serial_line_process
                0x000080ac       0xa6 contiki-sky.a(serial-line.o)
 .text.serial_line_input_byte
                0x00008152       0x46 contiki-sky.a(serial-line.o)
                0x00008152                serial_line_input_byte
 .text.serial_line_init
                0x00008198       0x1c contiki-sky.a(serial-line.o)
                0x00008198                serial_line_init
 .text.memb_init
                0x000081b4       0x36 contiki-sky.a(memb.o)
                0x000081b4                memb_init
 .text.memb_alloc
                0x000081ea       0x3e contiki-sky.a(memb.o)
                0x000081ea                memb_alloc
 .text.memb_free
                0x00008228       0x3a contiki-sky.a(memb.o)
                0x00008228                memb_free
 .text.memb_inmemb
                0x00008262       0x2e contiki-sky.a(memb.o)
                0x00008262                memb_inmemb
 .text.timer_set
                0x00008290       0x1c contiki-sky.a(timer.o)
                0x00008290                timer_set
 .text.timer_reset
                0x000082ac        0xe contiki-sky.a(timer.o)
                0x000082ac                timer_reset
 .text.timer_expired
                0x000082ba       0x2e contiki-sky.a(timer.o)
                0x000082ba                timer_expired
 .text.list_init
                0x000082e8        0x6 contiki-sky.a(list.o)
                0x000082e8                list_init
 .text.list_head
                0x000082ee        0x4 contiki-sky.a(list.o)
                0x000082ee                list_head
 .text.list_tail
                0x000082f2       0x14 contiki-sky.a(list.o)
                0x000082f2                list_tail
 .text.list_chop
                0x00008306       0x2a contiki-sky.a(list.o)
                0x00008306                list_chop
 .text.list_pop
                0x00008330        0xe contiki-sky.a(list.o)
                0x00008330                list_pop
 .text.list_remove
                0x0000833e       0x2e contiki-sky.a(list.o)
                0x0000833e                list_remove
 .text.list_push
                0x0000836c       0x1a contiki-sky.a(list.o)
                0x0000836c                list_push
 .text.list_add
                0x00008386       0x2a contiki-sky.a(list.o)
                0x00008386                list_add
 .text.list_length
                0x000083b0       0x10 contiki-sky.a(list.o)
                0x000083b0                list_length
 .text.list_item_next
                0x000083c0        0x8 contiki-sky.a(list.o)
                0x000083c0                list_item_next
 .text.update_time
                0x000083c8       0x78 contiki-sky.a(etimer.o)
 .text.etimer_request_poll
                0x00008440        0xa contiki-sky.a(etimer.o)
                0x00008440                etimer_request_poll
 .text.process_thread_etimer_process
                0x0000844a       0xce contiki-sky.a(etimer.o)
 .text.add_timer
                0x00008518       0x38 contiki-sky.a(etimer.o)
 .text.etimer_set
                0x00008550       0x12 contiki-sky.a(etimer.o)
                0x00008550                etimer_set
 .text.etimer_reset
                0x00008562       0x12 contiki-sky.a(etimer.o)
                0x00008562                etimer_reset
 .text.etimer_pending
                0x00008574        0xe contiki-sky.a(etimer.o)
                0x00008574                etimer_pending
 .text.etimer_next_expiration_time
                0x00008582       0x16 contiki-sky.a(etimer.o)
                0x00008582                etimer_next_expiration_time
 .text.etimer_stop
                0x00008598       0x3c contiki-sky.a(etimer.o)
                0x00008598                etimer_stop
 .text.process_thread_ctimer_process
                0x000085d4       0xa4 contiki-sky.a(ctimer.o)
 .text.ctimer_init
                0x00008678       0x18 contiki-sky.a(ctimer.o)
                0x00008678                ctimer_init
 .text.ctimer_set
                0x00008690       0x5a contiki-sky.a(ctimer.o)
                0x00008690                ctimer_set
 .text.ctimer_reset
                0x000086ea       0x3a contiki-sky.a(ctimer.o)
                0x000086ea                ctimer_reset
 .text.ctimer_stop
                0x00008724       0x28 contiki-sky.a(ctimer.o)
                0x00008724                ctimer_stop
 .text.energest_init
                0x0000874c       0x2a contiki-sky.a(energest.o)
                0x0000874c                energest_init
 .text.energest_type_time
                0x00008776       0x44 contiki-sky.a(energest.o)
                0x00008776                energest_type_time
 .text.energest_type_set
                0x000087ba        0xe contiki-sky.a(energest.o)
                0x000087ba                energest_type_set
 .text.energest_flush
                0x000087c8       0x4a contiki-sky.a(energest.o)
                0x000087c8                energest_flush
 .text.rtimer_init
                0x00008812        0x6 contiki-sky.a(rtimer.o)
                0x00008812                rtimer_init
 .text.rtimer_set
                0x00008818       0x24 contiki-sky.a(rtimer.o)
                0x00008818                rtimer_set
 .text.rtimer_run_next
                0x0000883c       0x26 contiki-sky.a(rtimer.o)
                0x0000883c                rtimer_run_next
 .text.random_init
                0x00008862        0x6 contiki-sky.a(random.o)
                0x00008862                random_init
 .text.random_rand
                0x00008868        0x6 contiki-sky.a(random.o)
                0x00008868                random_rand
 .text.ringbuf_init
                0x0000886e       0x14 contiki-sky.a(ringbuf.o)
                0x0000886e                ringbuf_init
 .text.ringbuf_put
                0x00008882       0x3c contiki-sky.a(ringbuf.o)
                0x00008882                ringbuf_put
 .text.ringbuf_get
                0x000088be       0x32 contiki-sky.a(ringbuf.o)
                0x000088be                ringbuf_get
 .text.packetbuf_copyto_hdr
                0x000088f0       0x1c contiki-sky.a(packetbuf.o)
                0x000088f0                packetbuf_copyto_hdr
 .text.packetbuf_copyto
                0x0000890c       0x52 contiki-sky.a(packetbuf.o)
                0x0000890c                packetbuf_copyto
 .text.packetbuf_hdr_remove
                0x0000895e        0x6 contiki-sky.a(packetbuf.o)
                0x0000895e                packetbuf_hdr_remove
 .text.packetbuf_hdrreduce
                0x00008964       0x1a contiki-sky.a(packetbuf.o)
                0x00008964                packetbuf_hdrreduce
 .text.packetbuf_set_datalen
                0x0000897e        0x6 contiki-sky.a(packetbuf.o)
                0x0000897e                packetbuf_set_datalen
 .text.packetbuf_dataptr
                0x00008984        0xa contiki-sky.a(packetbuf.o)
                0x00008984                packetbuf_dataptr
 .text.packetbuf_hdrptr
                0x0000898e        0xa contiki-sky.a(packetbuf.o)
                0x0000898e                packetbuf_hdrptr
 .text.packetbuf_is_reference
                0x00008998        0xe contiki-sky.a(packetbuf.o)
                0x00008998                packetbuf_is_reference
 .text.packetbuf_compact
                0x000089a6       0x48 contiki-sky.a(packetbuf.o)
                0x000089a6                packetbuf_compact
 .text.packetbuf_reference_ptr
                0x000089ee        0x6 contiki-sky.a(packetbuf.o)
                0x000089ee                packetbuf_reference_ptr
 .text.packetbuf_datalen
                0x000089f4        0x6 contiki-sky.a(packetbuf.o)
                0x000089f4                packetbuf_datalen
 .text.packetbuf_totlen
                0x000089fa       0x10 contiki-sky.a(packetbuf.o)
                0x000089fa                packetbuf_totlen
 .text.packetbuf_hdralloc
                0x00008a0a       0x2e contiki-sky.a(packetbuf.o)
                0x00008a0a                packetbuf_hdralloc
 .text.packetbuf_attr_clear
                0x00008a38       0x2e contiki-sky.a(packetbuf.o)
                0x00008a38                packetbuf_attr_clear
 .text.packetbuf_clear
                0x00008a66       0x20 contiki-sky.a(packetbuf.o)
                0x00008a66                packetbuf_clear
 .text.packetbuf_copyfrom
                0x00008a86       0x2e contiki-sky.a(packetbuf.o)
                0x00008a86                packetbuf_copyfrom
 .text.packetbuf_attr_copyto
                0x00008ab4       0x20 contiki-sky.a(packetbuf.o)
                0x00008ab4                packetbuf_attr_copyto
 .text.packetbuf_attr_copyfrom
                0x00008ad4       0x2c contiki-sky.a(packetbuf.o)
                0x00008ad4                packetbuf_attr_copyfrom
 .text.queuebuf_init
                0x00008b00       0x1a contiki-sky.a(queuebuf.o)
                0x00008b00                queuebuf_init
 .text.queuebuf_new_from_packetbuf
                0x00008b1a       0x80 contiki-sky.a(queuebuf.o)
                0x00008b1a                queuebuf_new_from_packetbuf
 .text.queuebuf_update_attr_from_packetbuf
                0x00008b9a       0x12 contiki-sky.a(queuebuf.o)
                0x00008b9a                queuebuf_update_attr_from_packetbuf
 .text.queuebuf_free
                0x00008bac       0x46 contiki-sky.a(queuebuf.o)
                0x00008bac                queuebuf_free
 .text.queuebuf_to_packetbuf
                0x00008bf2       0x70 contiki-sky.a(queuebuf.o)
                0x00008bf2                queuebuf_to_packetbuf
 .text.init_platform
                0x00008c62        0xc contiki-sky.a(contiki-sky-pla)
                0x00008c62                init_platform
 .text.value    0x00008c6e       0x1a contiki-sky.a(light-sensor.o)
 .text.status   0x00008c88        0xc contiki-sky.a(light-sensor.o)
 .text.configure
                0x00008c94       0x10 contiki-sky.a(light-sensor.o)
 .text.status   0x00008ca4       0x16 contiki-sky.a(button-sensor.o)
 .text.configure
                0x00008cba       0x4a contiki-sky.a(button-sensor.o)
 .text.value    0x00008d04       0x26 contiki-sky.a(button-sensor.o)
 .text.irq_p2   0x00008d2a       0x92 contiki-sky.a(button-sensor.o)
                0x00008d2a                irq_p2
                0x00008d2a                __isr_1
 .text.crc8_add
                0x00008dbc       0x1a contiki-sky.a(ds2411.o)
 .text.owreadb  0x00008dd6       0x56 contiki-sky.a(ds2411.o)
 .text.ds2411_init
                0x00008e2c      0x10a contiki-sky.a(ds2411.o)
                0x00008e2c                ds2411_init
 .text.wait_ready
                0x00008f36       0x4e contiki-sky.a(xmem.o)
 .text.xmem_init
                0x00008f84       0x3c contiki-sky.a(xmem.o)
                0x00008f84                xmem_init
 .text.xmem_pread
                0x00008fc0       0xdc contiki-sky.a(xmem.o)
                0x00008fc0                xmem_pread
 .text.node_id_restore
                0x0000909c       0x38 contiki-sky.a(node-id.o)
                0x0000909c                node_id_restore
 .text.get_sensor_index
                0x000090d4       0x22 contiki-sky.a(sensors.o)
 .text.process_thread_sensors_process
                0x000090f6       0xc2 contiki-sky.a(sensors.o)
 .text.sensors_changed
                0x000091b8       0x14 contiki-sky.a(sensors.o)
                0x000091b8                sensors_changed
 .text.strobe   0x000091cc       0x1e contiki-sky.a(cc2420.o)
 .text.status   0x000091ea       0x24 contiki-sky.a(cc2420.o)
 .text.getreg   0x0000920e       0x50 contiki-sky.a(cc2420.o)
 .text.setreg   0x0000925e       0x48 contiki-sky.a(cc2420.o)
 .text.set_txpower
                0x000092a6       0x2a contiki-sky.a(cc2420.o)
 .text.cc2420_receiving_packet
                0x000092d0       0x10 contiki-sky.a(cc2420.o)
 .text.pending_packet
                0x000092e0        0x8 contiki-sky.a(cc2420.o)
 .text.on       0x000092e8       0x46 contiki-sky.a(cc2420.o)
 .text.flushrx  0x0000932e       0x74 contiki-sky.a(cc2420.o)
 .text.off      0x000093a2       0x78 contiki-sky.a(cc2420.o)
 .text.RELEASE_LOCK
                0x0000941a       0x28 contiki-sky.a(cc2420.o)
 .text.cc2420_prepare
                0x00009442       0x8a contiki-sky.a(cc2420.o)
 .text.cc2420_on
                0x000094cc       0x22 contiki-sky.a(cc2420.o)
                0x000094cc                cc2420_on
 .text.cc2420_off
                0x000094ee       0x30 contiki-sky.a(cc2420.o)
                0x000094ee                cc2420_off
 .text.cc2420_cca
                0x0000951e       0x7a contiki-sky.a(cc2420.o)
 .text.getrxdata
                0x00009598       0x4e contiki-sky.a(cc2420.o)
 .text.cc2420_read
                0x000095e6      0x11a contiki-sky.a(cc2420.o)
 .text.process_thread_cc2420_process
                0x00009700       0x50 contiki-sky.a(cc2420.o)
 .text.cc2420_set_channel
                0x00009750       0x7a contiki-sky.a(cc2420.o)
                0x00009750                cc2420_set_channel
 .text.cc2420_set_pan_addr
                0x000097ca      0x13a contiki-sky.a(cc2420.o)
                0x000097ca                cc2420_set_pan_addr
 .text.cc2420_init
                0x00009904       0xd4 contiki-sky.a(cc2420.o)
                0x00009904                cc2420_init
 .text.cc2420_interrupt
                0x000099d8       0x20 contiki-sky.a(cc2420.o)
                0x000099d8                cc2420_interrupt
 .text.cc2420_get_txpower
                0x000099f8       0x1e contiki-sky.a(cc2420.o)
                0x000099f8                cc2420_get_txpower
 .text.cc2420_transmit
                0x00009a16      0x1ac contiki-sky.a(cc2420.o)
 .text.cc2420_send
                0x00009bc2       0x12 contiki-sky.a(cc2420.o)
 .text.cc2420_port1_interrupt
                0x00009bd4       0x6a contiki-sky.a(cc2420-arch.o)
                0x00009bd4                __isr_4
                0x00009bd4                cc2420_port1_interrupt
 .text.cc2420_arch_init
                0x00009c3e       0x1a contiki-sky.a(cc2420-arch.o)
                0x00009c3e                cc2420_arch_init
 .text.sky_sensors_status
                0x00009c58       0x3c contiki-sky.a(sky-sensors.o)
                0x00009c58                sky_sensors_status
 .text.sky_sensors_configure
                0x00009c94       0xf6 contiki-sky.a(sky-sensors.o)
                0x00009c94                sky_sensors_configure
 .text.handle_rxdma_timer
                0x00009d8a       0x42 contiki-sky.a(uart1.o)
 .text.uart1_active
                0x00009dcc       0x18 contiki-sky.a(uart1.o)
                0x00009dcc                uart1_active
 .text.uart1_set_input
                0x00009de4       0x20 contiki-sky.a(uart1.o)
                0x00009de4                uart1_set_input
 .text.uart1_writeb
                0x00009e04       0x1a contiki-sky.a(uart1.o)
                0x00009e04                uart1_writeb
 .text.uart1_init
                0x00009e1e       0xee contiki-sky.a(uart1.o)
                0x00009e1e                uart1_init
 .text.putchar  0x00009f0c        0xe contiki-sky.a(uart1-putchar.o)
                0x00009f0c                putchar
 .text.msp430_init_dco
                0x00009f1a       0x74 contiki-sky.a(msp430.o)
                0x00009f1a                msp430_init_dco
 .text.msp430_add_lpm_req
                0x00009f8e        0xa contiki-sky.a(msp430.o)
                0x00009f8e                msp430_add_lpm_req
 .text.msp430_cpu_init
                0x00009f98       0x2a contiki-sky.a(msp430.o)
                0x00009f98                msp430_cpu_init
 .text.splhigh_
                0x00009fc2        0x8 contiki-sky.a(msp430.o)
                0x00009fc2                splhigh_
 .text.msp430_sync_dco
                0x00009fca       0x60 contiki-sky.a(msp430.o)
                0x00009fca                msp430_sync_dco
 .text.timera1  0x0000a02a       0xee contiki-sky.a(clock.o)
                0x0000a02a                __isr_5
                0x0000a02a                timera1
 .text.clock_time
                0x0000a118       0x1a contiki-sky.a(clock.o)
                0x0000a118                clock_time
 .text.clock_init
                0x0000a132       0x28 contiki-sky.a(clock.o)
                0x0000a132                clock_init
 .text.clock_delay
                0x0000a15a        0xc contiki-sky.a(clock.o)
                0x0000a15a                clock_delay
 .text.show_leds
                0x0000a166      0x10c contiki-sky.a(leds.o)
 .text.leds_init
                0x0000a272        0xe contiki-sky.a(leds.o)
                0x0000a272                leds_init
 .text.leds_on  0x0000a280       0x14 contiki-sky.a(leds.o)
                0x0000a280                leds_on
 .text.leds_off
                0x0000a294       0x14 contiki-sky.a(leds.o)
                0x0000a294                leds_off
 .text.leds_arch_init
                0x0000a2a8        0xe contiki-sky.a(leds-arch.o)
                0x0000a2a8                leds_arch_init
 .text.leds_arch_set
                0x0000a2b6       0x3a contiki-sky.a(leds-arch.o)
                0x0000a2b6                leds_arch_set
 .text.watchdog_interrupt
                0x0000a2f0        0x6 contiki-sky.a(watchdog.o)
                0x0000a2f0                __isr_10
                0x0000a2f0                watchdog_interrupt
 .text.watchdog_start
                0x0000a2f6       0x14 contiki-sky.a(watchdog.o)
                0x0000a2f6                watchdog_start
 .text.watchdog_periodic
                0x0000a30a       0x12 contiki-sky.a(watchdog.o)
                0x0000a30a                watchdog_periodic
 .text.watchdog_stop
                0x0000a31c       0x16 contiki-sky.a(watchdog.o)
                0x0000a31c                watchdog_stop
 .text.watchdog_init
                0x0000a332       0x14 contiki-sky.a(watchdog.o)
                0x0000a332                watchdog_init
 .text.rtimer_arch_init
                0x0000a346        0xe contiki-sky.a(rtimer-arch.o)
                0x0000a346                rtimer_arch_init
 .text.rtimer_arch_now
                0x0000a354        0xe contiki-sky.a(rtimer-arch.o)
                0x0000a354                rtimer_arch_now
 .text.timera0  0x0000a362       0x76 contiki-sky.a(rtimer-arch.o)
                0x0000a362                __isr_6
                0x0000a362                timera0
 .text.rtimer_arch_schedule
                0x0000a3d8        0x6 contiki-sky.a(rtimer-arch.o)
                0x0000a3d8                rtimer_arch_schedule
 .text.mac_call_sent_callback
                0x0000a3de       0x14 contiki-sky.a(mac.o)
                0x0000a3de                mac_call_sent_callback
 .text.parse    0x0000a3f2       0xa8 contiki-sky.a(framer-802154.o)
 .text.create   0x0000a49a      0x10e contiki-sky.a(framer-802154.o)
 .text.spi_init
                0x0000a5a8       0x32 contiki-sky.a(spi.o)
                0x0000a5a8                spi_init
 .text.field_len
                0x0000a5da       0x98 contiki-sky.a(frame802154.o)
 .text.frame802154_hdrlen
                0x0000a672       0x26 contiki-sky.a(frame802154.o)
                0x0000a672                frame802154_hdrlen
 .text.frame802154_create
                0x0000a698      0x16c contiki-sky.a(frame802154.o)
                0x0000a698                frame802154_create
 .text.frame802154_parse
                0x0000a804      0x1a0 contiki-sky.a(frame802154.o)
                0x0000a804                frame802154_parse
 .text.libgcc   0x0000a9a4       0x20 /usr/lib/gcc/msp430/4.5.3/mmpy-16/libgcc.a(_mulsi3.o)
                0x0000a9a4                __mulsi3
 .text.libgcc   0x0000a9c4       0x1c /usr/lib/gcc/msp430/4.5.3/mmpy-16/libgcc.a(_udivmodhi4.o)
                0x0000a9c4                __udivmodhi4
 .text.libgcc   0x0000a9e0       0x36 /usr/lib/gcc/msp430/4.5.3/mmpy-16/libgcc.a(_divmodhi4.o)
                0x0000a9e0                __divmodhi4
 .text.libgcc   0x0000aa16       0x2a /usr/lib/gcc/msp430/4.5.3/mmpy-16/libgcc.a(_udivmodsi4.o)
                0x0000aa16                __udivmodsi4
 .text.crt0     0x0000aa40        0x2 /usr/lib/gcc/msp430/4.5.3/mmpy-16/libcrt0.a(_unexpected_.o)
                0x0000aa40                _unexpected_

.rodata         0x0000aa42        0x0
                0x0000aa42                . = ALIGN (0x2)
 *(.rodata .rodata.* .gnu.linkonce.r.*)
                0x0000aa42                . = ALIGN (0x2)
                0x0000aa42                _etext = .

.data           0x00001100       0x98 load address 0x0000aa42
                0x00001100                . = ALIGN (0x2)
                0x00001100                PROVIDE (__data_start, .)
 *(.data)
 .data          0x00001100       0x16 coursework.co
                0x00001100                sensing_process
                0x0000110a                aggregator_process
 .data          0x00001116       0x18 contiki-sky.a(csma.o)
 .data          0x0000112e        0xe contiki-sky.a(contikimac.o)
                0x0000112e                phase_list
 .data          0x0000113c        0x8 contiki-sky.a(phase.o)
 .data          0x00001144        0xa contiki-sky.a(serial-line.o)
                0x00001144                serial_line_process
 .data          0x0000114e        0xa contiki-sky.a(etimer.o)
                0x0000114e                etimer_process
 .data          0x00001158        0xa contiki-sky.a(ctimer.o)
                0x00001158                ctimer_process
 .data          0x00001162       0x18 contiki-sky.a(queuebuf.o)
 .data          0x0000117a        0x4 contiki-sky.a(contiki-sky-pla)
                0x0000117a                sensors
 .data          0x0000117e        0xa contiki-sky.a(sensors.o)
                0x0000117e                sensors_process
 .data          0x00001188        0xa contiki-sky.a(cc2420.o)
                0x00001188                cc2420_process
 .data          0x00001192        0x2 contiki-sky.a(msp430.o)
 .data          0x00001194        0x4 /usr/lib/gcc/msp430/4.5.3/../../../../msp430/lib/mmpy-16/libc.a(rand.o)
 *(SORT(.data.*))
                0x00001198                . = ALIGN (0x2)
 *(.gnu.linkonce.d*)
                0x00001198                . = ALIGN (0x2)
                0x00001198                _edata = .
                0x0000aa42                PROVIDE (__data_load_start, LOADADDR (.data))
                0x00000098                PROVIDE (__data_size, SIZEOF (.data))

.bss            0x00001198     0x1538 load address 0x0000aada
                0x00001198                PROVIDE (__bss_start, .)
 *(.bss)
 .bss           0x00001198       0x1c coursework.co
 .bss           0x000011b4        0xc obj_sky/contiki-sky-main.o
 .bss           0x000011c0        0x2 contiki-sky.a(rime.o)
 .bss           0x000011c2        0x6 contiki-sky.a(announcement.o)
 .bss           0x000011c8       0x46 contiki-sky.a(broadcast-annou)
 .bss           0x0000120e        0x2 contiki-sky.a(channel.o)
 .bss           0x00001210      0x126 contiki-sky.a(csma.o)
 .bss           0x00001336      0x27a contiki-sky.a(contikimac.o)
 .bss           0x000015b0       0xe8 contiki-sky.a(phase.o)
 .bss           0x00001698       0x42 contiki-sky.a(process.o)
                0x00001698                process_list
                0x0000169a                process_current
 .bss           0x000016da        0x8 contiki-sky.a(compower.o)
 .bss           0x000016e2      0x10a contiki-sky.a(serial-line.o)
 .bss           0x000017ec        0x6 contiki-sky.a(etimer.o)
 .bss           0x000017f2        0x4 contiki-sky.a(ctimer.o)
 .bss           0x000017f6        0x2 contiki-sky.a(rtimer.o)
 .bss           0x000017f8       0xba contiki-sky.a(packetbuf.o)
 .bss           0x000018b2      0xc4e contiki-sky.a(queuebuf.o)
 .bss           0x00002500        0x8 contiki-sky.a(button-sensor.o)
 .bss           0x00002508        0x2 contiki-sky.a(node-id.o)
                0x00002508                node_id
 .bss           0x0000250a        0x6 contiki-sky.a(sensors.o)
 .bss           0x00002510        0xa contiki-sky.a(cc2420.o)
 .bss           0x0000251a        0x4 contiki-sky.a(sky-sensors.o)
 .bss           0x0000251e       0x9a contiki-sky.a(uart1.o)
 .bss           0x000025b8        0xa contiki-sky.a(clock.o)
 .bss           0x000025c2        0x2 contiki-sky.a(leds.o)
 .bss           0x000025c4        0x2 contiki-sky.a(watchdog.o)
 .bss           0x000025c6        0x2 contiki-sky.a(framer-802154.o)
 .bss           0x000025c8        0x1 /usr/lib/gcc/msp430/4.5.3/../../../../msp430/lib/mmpy-16/libc.a(malloc.o)
 *(SORT(.bss.*))
 *(COMMON)
 *fill*         0x000025c9        0x1 00
 COMMON         0x000025ca        0x2 contiki-sky.a(rimeaddr.o)
                0x000025ca                rimeaddr_node_addr
 COMMON         0x000025cc       0x48 contiki-sky.a(rimestats.o)
                0x000025cc                rimestats
 COMMON         0x00002614        0x1 contiki-sky.a(process.o)
                0x00002614                process_maxevents
 *fill*         0x00002615        0x1 00
 COMMON         0x00002616        0x8 contiki-sky.a(compower.o)
                0x00002616                compower_idle_activity
 COMMON         0x0000261e        0x1 contiki-sky.a(serial-line.o)
                0x0000261e                serial_line_event_message
 *fill*         0x0000261f        0x1 00
 COMMON         0x00002620       0x56 contiki-sky.a(energest.o)
                0x00002620                energest_total_time
                0x00002650                energest_total_count
                0x00002652                energest_current_mode
                0x0000265e                energest_current_time
 COMMON         0x00002676       0x38 contiki-sky.a(packetbuf.o)
                0x00002676                packetbuf_addrs
                0x0000267e                packetbuf_attrs
 COMMON         0x000026ae        0x2 contiki-sky.a(contiki-sky-pla)
                0x000026ae                sensors_flags
 COMMON         0x000026b0        0x8 contiki-sky.a(ds2411.o)
                0x000026b0                ds2411_id
 COMMON         0x000026b8        0x1 contiki-sky.a(sensors.o)
                0x000026b8                sensors_event
 *fill*         0x000026b9        0x1 00
 COMMON         0x000026ba       0x14 contiki-sky.a(cc2420.o)
                0x000026ba                cc2420_last_rssi
                0x000026bc                cc2420_packets_read
                0x000026be                cc2420_packets_seen
                0x000026c0                cc2420_sfd_start_time
                0x000026c2                cc2420_time_of_departure
                0x000026c4                cc2420_time_of_arrival
                0x000026c6                cc2420_last_correlation
                0x000026c8                cc2420_authority_level_of_sender
                0x000026ca                cc2420_sfd_counter
                0x000026cc                cc2420_sfd_end_time
 COMMON         0x000026ce        0x2 contiki-sky.a(msp430.o)
                0x000026ce                msp430_dco_required
                0x000026d0                PROVIDE (__bss_end, .)
                0x000026d0                _end = .
                0x00001538                PROVIDE (__bss_size, SIZEOF (.bss))

.noinit         0x000026d0        0x0 load address 0x0000aada
                0x000026d0                PROVIDE (__noinit_start, .)
 *(.noinit)
 *(.noinit.*)
 *(COMMON)
                0x000026d0                PROVIDE (__noinit_end, .)
                0x000026d0                _end = .

.infomem        0x00001000        0x0
 *(.infomem)
                0x00001000                . = ALIGN (0x2)
 *(.infomem.*)

.infomemnobits  0x00001000        0x0
                0x00001000                . = ALIGN (0x2)
 *(.infomemnobits)
                0x00001000                . = ALIGN (0x2)
 *(.infomemnobits.*)

.vectors        0x0000ffe0       0x20
                0x0000ffe0                PROVIDE (__vectors_start, .)
 *(.vectors*)
 .vectors       0x0000ffe0       0x20 /usr/lib/gcc/msp430/4.5.3/mmpy-16/crt0ivtbl16.o
                0x0000ffe0                __ivtbl_16
                0x00010000                _vectors_end = .

.fartext        0x00000000        0x0
                0x00000000                . = ALIGN (0x2)
 *(.fartext)
                0x00000000                . = ALIGN (0x2)
 *(.fartext.*)
                0x00000000                _efartext = .

.profiler
 *(.profiler)

.stab
 *(.stab)

.stabstr
 *(.stabstr)

.stab.excl
 *(.stab.excl)

.stab.exclstr
 *(.stab.exclstr)

.stab.index
 *(.stab.index)

.stab.indexstr
 *(.stab.indexstr)

.comment
 *(.comment)

.debug
 *(.debug)

.line
 *(.line)

.debug_srcinfo
 *(.debug_srcinfo)

.debug_sfnames
 *(.debug_sfnames)

.debug_aranges  0x00000000      0xaf4
 *(.debug_aranges)
 .debug_aranges
                0x00000000       0x68 coursework.co
 .debug_aranges
                0x00000068       0x18 obj_sky/contiki-sky-main.o
 .debug_aranges
                0x00000080       0x1c contiki-sky.a(rimeaddr.o)
 .debug_aranges
                0x0000009c       0x28 contiki-sky.a(rime.o)
 .debug_aranges
                0x000000c4       0x3c contiki-sky.a(announcement.o)
 .debug_aranges
                0x00000100       0x34 contiki-sky.a(broadcast-annou)
 .debug_aranges
                0x00000134       0x24 contiki-sky.a(broadcast.o)
 .debug_aranges
                0x00000158       0x24 contiki-sky.a(abc.o)
 .debug_aranges
                0x0000017c       0x20 contiki-sky.a(chameleon.o)
 .debug_aranges
                0x0000019c       0x24 contiki-sky.a(channel.o)
 .debug_aranges
                0x000001c0       0x2c contiki-sky.a(chameleon-bitop)
 .debug_aranges
                0x000001ec       0x34 contiki-sky.a(csma.o)
 .debug_aranges
                0x00000220       0x4c contiki-sky.a(contikimac.o)
 .debug_aranges
                0x0000026c       0x28 contiki-sky.a(phase.o)
 .debug_aranges
                0x00000294       0x44 contiki-sky.a(process.o)
 .debug_aranges
                0x000002d8       0x18 contiki-sky.a(autostart.o)
 .debug_aranges
                0x000002f0       0x24 contiki-sky.a(compower.o)
 .debug_aranges
                0x00000314       0x1c contiki-sky.a(serial-line.o)
 .debug_aranges
                0x00000330       0x20 contiki-sky.a(memb.o)
 .debug_aranges
                0x00000350       0x24 contiki-sky.a(timer.o)
 .debug_aranges
                0x00000374       0x40 contiki-sky.a(list.o)
 .debug_aranges
                0x000003b4       0x48 contiki-sky.a(etimer.o)
 .debug_aranges
                0x000003fc       0x2c contiki-sky.a(ctimer.o)
 .debug_aranges
                0x00000428       0x24 contiki-sky.a(energest.o)
 .debug_aranges
                0x0000044c       0x1c contiki-sky.a(rtimer.o)
 .debug_aranges
                0x00000468       0x18 contiki-sky.a(random.o)
 .debug_aranges
                0x00000480       0x24 contiki-sky.a(ringbuf.o)
 .debug_aranges
                0x000004a4       0x64 contiki-sky.a(packetbuf.o)
 .debug_aranges
                0x00000508       0x38 contiki-sky.a(queuebuf.o)
 .debug_aranges
                0x00000540       0x14 contiki-sky.a(contiki-sky-pla)
 .debug_aranges
                0x00000554       0x1c contiki-sky.a(light-sensor.o)
 .debug_aranges
                0x00000570       0x20 contiki-sky.a(button-sensor.o)
 .debug_aranges
                0x00000590       0x1c contiki-sky.a(ds2411.o)
 .debug_aranges
                0x000005ac       0x28 contiki-sky.a(xmem.o)
 .debug_aranges
                0x000005d4       0x18 contiki-sky.a(node-id.o)
 .debug_aranges
                0x000005ec       0x28 contiki-sky.a(sensors.o)
 .debug_aranges
                0x00000614       0x88 contiki-sky.a(cc2420.o)
 .debug_aranges
                0x0000069c       0x18 contiki-sky.a(cc2420-arch.o)
 .debug_aranges
                0x000006b4       0x18 contiki-sky.a(sky-sensors.o)
 .debug_aranges
                0x000006cc       0x24 contiki-sky.a(uart1.o)
 .debug_aranges
                0x000006f0       0x14 contiki-sky.a(uart1-putchar.o)
 .debug_aranges
                0x00000704       0x2c contiki-sky.a(msp430.o)
 .debug_aranges
                0x00000730       0x3c contiki-sky.a(clock.o)
 .debug_aranges
                0x0000076c       0x30 contiki-sky.a(leds.o)
 .debug_aranges
                0x0000079c       0x1c contiki-sky.a(leds-arch.o)
 .debug_aranges
                0x000007b8       0x28 contiki-sky.a(watchdog.o)
 .debug_aranges
                0x000007e0       0x20 contiki-sky.a(rtimer-arch.o)
 .debug_aranges
                0x00000800       0x14 contiki-sky.a(mac.o)
 .debug_aranges
                0x00000814       0x18 contiki-sky.a(framer-802154.o)
 .debug_aranges
                0x0000082c       0x14 contiki-sky.a(spi.o)
 .debug_aranges
                0x00000840       0x20 contiki-sky.a(frame802154.o)
 .debug_aranges
                0x00000860       0x14 /usr/lib/gcc/msp430/4.5.3/mmpy-16/libgcc.a(_mulsi3.o)
 .debug_aranges
                0x00000874       0x14 /usr/lib/gcc/msp430/4.5.3/mmpy-16/libgcc.a(_udivmodhi4.o)
 .debug_aranges
                0x00000888       0x14 /usr/lib/gcc/msp430/4.5.3/mmpy-16/libgcc.a(_divmodhi4.o)
 .debug_aranges
                0x0000089c       0x14 /usr/lib/gcc/msp430/4.5.3/mmpy-16/libgcc.a(_udivmodsi4.o)
 .debug_aranges
                0x000008b0       0x14 /usr/lib/gcc/msp430/4.5.3/mmpy-16/libgcc.a(_fixunssfsi.o)
 .debug_aranges
                0x000008c4       0x14 /usr/lib/gcc/msp430/4.5.3/mmpy-16/libgcc.a(_addsub_sf.o)
 .debug_aranges
                0x000008d8       0x14 /usr/lib/gcc/msp430/4.5.3/mmpy-16/libgcc.a(_mul_sf.o)
 .debug_aranges
                0x000008ec       0x14 /usr/lib/gcc/msp430/4.5.3/mmpy-16/libgcc.a(_div_sf.o)
 .debug_aranges
                0x00000900       0x14 /usr/lib/gcc/msp430/4.5.3/mmpy-16/libgcc.a(_eq_sf.o)
 .debug_aranges
                0x00000914       0x14 /usr/lib/gcc/msp430/4.5.3/mmpy-16/libgcc.a(_ne_sf.o)
 .debug_aranges
                0x00000928       0x14 /usr/lib/gcc/msp430/4.5.3/mmpy-16/libgcc.a(_gt_sf.o)
 .debug_aranges
                0x0000093c       0x14 /usr/lib/gcc/msp430/4.5.3/mmpy-16/libgcc.a(_ge_sf.o)
 .debug_aranges
                0x00000950       0x14 /usr/lib/gcc/msp430/4.5.3/mmpy-16/libgcc.a(_lt_sf.o)
 .debug_aranges
                0x00000964       0x14 /usr/lib/gcc/msp430/4.5.3/mmpy-16/libgcc.a(_si_to_sf.o)
 .debug_aranges
                0x00000978       0x14 /usr/lib/gcc/msp430/4.5.3/mmpy-16/libgcc.a(_sf_to_si.o)
 .debug_aranges
                0x0000098c       0x14 /usr/lib/gcc/msp430/4.5.3/mmpy-16/libgcc.a(_usi_to_sf.o)
 .debug_aranges
                0x000009a0       0x14 /usr/lib/gcc/msp430/4.5.3/mmpy-16/libgcc.a(_clzsi2.o)
 .debug_aranges
                0x000009b4       0x14 /usr/lib/gcc/msp430/4.5.3/mmpy-16/libgcc.a(_pack_sf.o)
 .debug_aranges
                0x000009c8       0x14 /usr/lib/gcc/msp430/4.5.3/mmpy-16/libgcc.a(_unpack_sf.o)
 .debug_aranges
                0x000009dc       0x14 /usr/lib/gcc/msp430/4.5.3/mmpy-16/libgcc.a(_fpcmp_parts_sf.o)
 .debug_aranges
                0x000009f0       0x14 /usr/lib/gcc/msp430/4.5.3/../../../../msp430/lib/mmpy-16/libc.a(memcpy.o)
 .debug_aranges
                0x00000a04       0x14 /usr/lib/gcc/msp430/4.5.3/../../../../msp430/lib/mmpy-16/libc.a(memset.o)
 .debug_aranges
                0x00000a18       0x14 /usr/lib/gcc/msp430/4.5.3/../../../../msp430/lib/mmpy-16/libc.a(malloc.o)
 .debug_aranges
                0x00000a2c       0x14 /usr/lib/gcc/msp430/4.5.3/../../../../msp430/lib/mmpy-16/libc.a(printf.o)
 .debug_aranges
                0x00000a40       0x14 /usr/lib/gcc/msp430/4.5.3/../../../../msp430/lib/mmpy-16/libc.a(vuprintf.o)
 .debug_aranges
                0x00000a54       0x14 /usr/lib/gcc/msp430/4.5.3/../../../../msp430/lib/mmpy-16/libc.a(puts.o)
 .debug_aranges
                0x00000a68       0x14 /usr/lib/gcc/msp430/4.5.3/../../../../msp430/lib/mmpy-16/libc.a(rand.o)
 .debug_aranges
                0x00000a7c       0x14 /usr/lib/gcc/msp430/4.5.3/mmpy-16/libcrt0.a(__init_stack.o)
 .debug_aranges
                0x00000a90       0x14 /usr/lib/gcc/msp430/4.5.3/mmpy-16/libcrt0.a(__low_level_init.o)
 .debug_aranges
                0x00000aa4       0x14 /usr/lib/gcc/msp430/4.5.3/mmpy-16/libcrt0.a(_copy_data.o)
 .debug_aranges
                0x00000ab8       0x14 /usr/lib/gcc/msp430/4.5.3/mmpy-16/libcrt0.a(_clear_bss.o)
 .debug_aranges
                0x00000acc       0x14 /usr/lib/gcc/msp430/4.5.3/mmpy-16/libcrt0.a(_endless_loop__.o)
 .debug_aranges
                0x00000ae0       0x14 /usr/lib/gcc/msp430/4.5.3/mmpy-16/libcrt0.a(_unexpected_.o)

.debug_pubnames
                0x00000000     0x1df1
 *(.debug_pubnames)
 .debug_pubnames
                0x00000000      0x1c1 coursework.co
 .debug_pubnames
                0x000001c1       0x27 obj_sky/contiki-sky-main.o
 .debug_pubnames
                0x000001e8       0x79 contiki-sky.a(rimeaddr.o)
 .debug_pubnames
                0x00000261       0x5f contiki-sky.a(rime.o)
 .debug_pubnames
                0x000002c0       0x20 contiki-sky.a(rimestats.o)
 .debug_pubnames
                0x000002e0      0x144 contiki-sky.a(announcement.o)
 .debug_pubnames
                0x00000424       0x7d contiki-sky.a(broadcast-annou)
 .debug_pubnames
                0x000004a1       0x4c contiki-sky.a(broadcast.o)
 .debug_pubnames
                0x000004ed       0x55 contiki-sky.a(abc.o)
 .debug_pubnames
                0x00000542       0x64 contiki-sky.a(chameleon.o)
 .debug_pubnames
                0x000005a6       0x74 contiki-sky.a(channel.o)
 .debug_pubnames
                0x0000061a       0x6b contiki-sky.a(chameleon-bitop)
 .debug_pubnames
                0x00000685       0x22 contiki-sky.a(csma.o)
 .debug_pubnames
                0x000006a7       0x52 contiki-sky.a(contikimac.o)
 .debug_pubnames
                0x000006f9       0x64 contiki-sky.a(phase.o)
 .debug_pubnames
                0x0000075d      0x10d contiki-sky.a(process.o)
 .debug_pubnames
                0x0000086a       0x39 contiki-sky.a(autostart.o)
 .debug_pubnames
                0x000008a3       0x9e contiki-sky.a(compower.o)
 .debug_pubnames
                0x00000941       0x78 contiki-sky.a(serial-line.o)
 .debug_pubnames
                0x000009b9       0x4d contiki-sky.a(memb.o)
 .debug_pubnames
                0x00000a06       0x68 contiki-sky.a(timer.o)
 .debug_pubnames
                0x00000a6e       0xc3 contiki-sky.a(list.o)
 .debug_pubnames
                0x00000b31      0x109 contiki-sky.a(etimer.o)
 .debug_pubnames
                0x00000c3a       0x8b contiki-sky.a(ctimer.o)
 .debug_pubnames
                0x00000cc5       0xec contiki-sky.a(energest.o)
 .debug_pubnames
                0x00000db1       0x45 contiki-sky.a(rtimer.o)
 .debug_pubnames
                0x00000df6       0x32 contiki-sky.a(random.o)
 .debug_pubnames
                0x00000e28       0x69 contiki-sky.a(ringbuf.o)
 .debug_pubnames
                0x00000e91      0x22c contiki-sky.a(packetbuf.o)
 .debug_pubnames
                0x000010bd       0xff contiki-sky.a(queuebuf.o)
 .debug_pubnames
                0x000011bc       0x42 contiki-sky.a(contiki-sky-pla)
 .debug_pubnames
                0x000011fe       0x23 contiki-sky.a(light-sensor.o)
 .debug_pubnames
                0x00001221       0x2f contiki-sky.a(button-sensor.o)
 .debug_pubnames
                0x00001250       0x30 contiki-sky.a(ds2411.o)
 .debug_pubnames
                0x00001280       0x4e contiki-sky.a(xmem.o)
 .debug_pubnames
                0x000012ce       0x43 contiki-sky.a(node-id.o)
 .debug_pubnames
                0x00001311       0x80 contiki-sky.a(sensors.o)
 .debug_pubnames
                0x00001391      0x236 contiki-sky.a(cc2420.o)
 .debug_pubnames
                0x000015c7       0x42 contiki-sky.a(cc2420-arch.o)
 .debug_pubnames
                0x00001609       0x43 contiki-sky.a(sky-sensors.o)
 .debug_pubnames
                0x0000164c       0x57 contiki-sky.a(uart1.o)
 .debug_pubnames
                0x000016a3       0x1e contiki-sky.a(uart1-putchar.o)
 .debug_pubnames
                0x000016c1       0xad contiki-sky.a(msp430.o)
 .debug_pubnames
                0x0000176e       0xc5 contiki-sky.a(clock.o)
 .debug_pubnames
                0x00001833       0x75 contiki-sky.a(leds.o)
 .debug_pubnames
                0x000018a8       0x49 contiki-sky.a(leds-arch.o)
 .debug_pubnames
                0x000018f1       0x8a contiki-sky.a(watchdog.o)
 .debug_pubnames
                0x0000197b       0x60 contiki-sky.a(rtimer-arch.o)
 .debug_pubnames
                0x000019db       0x2d contiki-sky.a(mac.o)
 .debug_pubnames
                0x00001a08       0x24 contiki-sky.a(framer-802154.o)
 .debug_pubnames
                0x00001a2c       0x2c contiki-sky.a(spi.o)
 .debug_pubnames
                0x00001a58       0x56 contiki-sky.a(frame802154.o)
 .debug_pubnames
                0x00001aae       0x23 /usr/lib/gcc/msp430/4.5.3/mmpy-16/libgcc.a(_fixunssfsi.o)
 .debug_pubnames
                0x00001ad1       0x2c /usr/lib/gcc/msp430/4.5.3/mmpy-16/libgcc.a(_addsub_sf.o)
 .debug_pubnames
                0x00001afd       0x1f /usr/lib/gcc/msp430/4.5.3/mmpy-16/libgcc.a(_mul_sf.o)
 .debug_pubnames
                0x00001b1c       0x1f /usr/lib/gcc/msp430/4.5.3/mmpy-16/libgcc.a(_div_sf.o)
 .debug_pubnames
                0x00001b3b       0x1e /usr/lib/gcc/msp430/4.5.3/mmpy-16/libgcc.a(_eq_sf.o)
 .debug_pubnames
                0x00001b59       0x1e /usr/lib/gcc/msp430/4.5.3/mmpy-16/libgcc.a(_ne_sf.o)
 .debug_pubnames
                0x00001b77       0x1e /usr/lib/gcc/msp430/4.5.3/mmpy-16/libgcc.a(_gt_sf.o)
 .debug_pubnames
                0x00001b95       0x1e /usr/lib/gcc/msp430/4.5.3/mmpy-16/libgcc.a(_ge_sf.o)
 .debug_pubnames
                0x00001bb3       0x1e /usr/lib/gcc/msp430/4.5.3/mmpy-16/libgcc.a(_lt_sf.o)
 .debug_pubnames
                0x00001bd1       0x22 /usr/lib/gcc/msp430/4.5.3/mmpy-16/libgcc.a(_si_to_sf.o)
 .debug_pubnames
                0x00001bf3       0x20 /usr/lib/gcc/msp430/4.5.3/mmpy-16/libgcc.a(_sf_to_si.o)
 .debug_pubnames
                0x00001c13       0x22 /usr/lib/gcc/msp430/4.5.3/mmpy-16/libgcc.a(_thenan_sf.o)
 .debug_pubnames
                0x00001c35       0x24 /usr/lib/gcc/msp430/4.5.3/mmpy-16/libgcc.a(_usi_to_sf.o)
 .debug_pubnames
                0x00001c59       0x1f /usr/lib/gcc/msp430/4.5.3/mmpy-16/libgcc.a(_clzsi2.o)
 .debug_pubnames
                0x00001c78       0x1f /usr/lib/gcc/msp430/4.5.3/mmpy-16/libgcc.a(_pack_sf.o)
 .debug_pubnames
                0x00001c97       0x21 /usr/lib/gcc/msp430/4.5.3/mmpy-16/libgcc.a(_unpack_sf.o)
 .debug_pubnames
                0x00001cb8       0x26 /usr/lib/gcc/msp430/4.5.3/mmpy-16/libgcc.a(_fpcmp_parts_sf.o)
 .debug_pubnames
                0x00001cde       0x20 /usr/lib/gcc/msp430/4.5.3/mmpy-16/libgcc.a(_clz.o)
 .debug_pubnames
                0x00001cfe       0x1d /usr/lib/gcc/msp430/4.5.3/../../../../msp430/lib/mmpy-16/libc.a(memcpy.o)
 .debug_pubnames
                0x00001d1b       0x1d /usr/lib/gcc/msp430/4.5.3/../../../../msp430/lib/mmpy-16/libc.a(memset.o)
 .debug_pubnames
                0x00001d38       0x26 /usr/lib/gcc/msp430/4.5.3/../../../../msp430/lib/mmpy-16/libc.a(malloc.o)
 .debug_pubnames
                0x00001d5e       0x29 /usr/lib/gcc/msp430/4.5.3/../../../../msp430/lib/mmpy-16/libc.a(printf.o)
 .debug_pubnames
                0x00001d87       0x1f /usr/lib/gcc/msp430/4.5.3/../../../../msp430/lib/mmpy-16/libc.a(vuprintf.o)
 .debug_pubnames
                0x00001da6       0x1b /usr/lib/gcc/msp430/4.5.3/../../../../msp430/lib/mmpy-16/libc.a(puts.o)
 .debug_pubnames
                0x00001dc1       0x30 /usr/lib/gcc/msp430/4.5.3/../../../../msp430/lib/mmpy-16/libc.a(rand.o)

.debug_info     0x00000000    0x127c0
 *(.debug_info)
 .debug_info    0x00000000      0xc1e coursework.co
 .debug_info    0x00000c1e      0x7e0 obj_sky/contiki-sky-main.o
 .debug_info    0x000013fe      0x1c0 contiki-sky.a(rimeaddr.o)
 .debug_info    0x000015be      0x5f3 contiki-sky.a(rime.o)
 .debug_info    0x00001bb1      0x140 contiki-sky.a(rimestats.o)
 .debug_info    0x00001cf1      0x3a9 contiki-sky.a(announcement.o)
 .debug_info    0x0000209a      0x88f contiki-sky.a(broadcast-annou)
 .debug_info    0x00002929      0x5c6 contiki-sky.a(broadcast.o)
 .debug_info    0x00002eef      0x495 contiki-sky.a(abc.o)
 .debug_info    0x00003384      0x409 contiki-sky.a(chameleon.o)
 .debug_info    0x0000378d      0x2d7 contiki-sky.a(channel.o)
 .debug_info    0x00003a64      0x785 contiki-sky.a(chameleon-bitop)
 .debug_info    0x000041e9      0xbc8 contiki-sky.a(csma.o)
 .debug_info    0x00004db1     0x110c contiki-sky.a(contikimac.o)
 .debug_info    0x00005ebd      0x89e contiki-sky.a(phase.o)
 .debug_info    0x0000675b      0x51f contiki-sky.a(process.o)
 .debug_info    0x00006c7a      0x1b1 contiki-sky.a(autostart.o)
 .debug_info    0x00006e2b      0x423 contiki-sky.a(compower.o)
 .debug_info    0x0000724e      0x35b contiki-sky.a(serial-line.o)
 .debug_info    0x000075a9      0x198 contiki-sky.a(memb.o)
 .debug_info    0x00007741      0x16d contiki-sky.a(timer.o)
 .debug_info    0x000078ae      0x2f3 contiki-sky.a(list.o)
 .debug_info    0x00007ba1      0x498 contiki-sky.a(etimer.o)
 .debug_info    0x00008039      0x4a7 contiki-sky.a(ctimer.o)
 .debug_info    0x000084e0      0x272 contiki-sky.a(energest.o)
 .debug_info    0x00008752      0x207 contiki-sky.a(rtimer.o)
 .debug_info    0x00008959       0xa4 contiki-sky.a(random.o)
 .debug_info    0x000089fd      0x1ad contiki-sky.a(ringbuf.o)
 .debug_info    0x00008baa      0x5ff contiki-sky.a(packetbuf.o)
 .debug_info    0x000091a9      0x6e3 contiki-sky.a(queuebuf.o)
 .debug_info    0x0000988c      0x2b9 contiki-sky.a(contiki-sky-pla)
 .debug_info    0x00009b45      0x227 contiki-sky.a(light-sensor.o)
 .debug_info    0x00009d6c      0x496 contiki-sky.a(button-sensor.o)
 .debug_info    0x0000a202      0x2cf contiki-sky.a(ds2411.o)
 .debug_info    0x0000a4d1      0x52b contiki-sky.a(xmem.o)
 .debug_info    0x0000a9fc       0xe8 contiki-sky.a(node-id.o)
 .debug_info    0x0000aae4      0x405 contiki-sky.a(sensors.o)
 .debug_info    0x0000aee9     0x1424 contiki-sky.a(cc2420.o)
 .debug_info    0x0000c30d      0x2ad contiki-sky.a(cc2420-arch.o)
 .debug_info    0x0000c5ba      0x2d1 contiki-sky.a(sky-sensors.o)
 .debug_info    0x0000c88b      0x632 contiki-sky.a(uart1.o)
 .debug_info    0x0000cebd       0x8f contiki-sky.a(uart1-putchar.o)
 .debug_info    0x0000cf4c      0x40b contiki-sky.a(msp430.o)
 .debug_info    0x0000d357      0x43a contiki-sky.a(clock.o)
 .debug_info    0x0000d791      0x2a0 contiki-sky.a(leds.o)
 .debug_info    0x0000da31      0x111 contiki-sky.a(leds-arch.o)
 .debug_info    0x0000db42      0x1bc contiki-sky.a(watchdog.o)
 .debug_info    0x0000dcfe      0x255 contiki-sky.a(rtimer-arch.o)
 .debug_info    0x0000df53      0x110 contiki-sky.a(mac.o)
 .debug_info    0x0000e063      0x640 contiki-sky.a(framer-802154.o)
 .debug_info    0x0000e6a3      0x1a8 contiki-sky.a(spi.o)
 .debug_info    0x0000e84b      0x494 contiki-sky.a(frame802154.o)
 .debug_info    0x0000ecdf       0xd7 /usr/lib/gcc/msp430/4.5.3/mmpy-16/libgcc.a(_mulsi3.o)
 .debug_info    0x0000edb6       0xd7 /usr/lib/gcc/msp430/4.5.3/mmpy-16/libgcc.a(_udivmodhi4.o)
 .debug_info    0x0000ee8d       0xd7 /usr/lib/gcc/msp430/4.5.3/mmpy-16/libgcc.a(_divmodhi4.o)
 .debug_info    0x0000ef64       0xd7 /usr/lib/gcc/msp430/4.5.3/mmpy-16/libgcc.a(_udivmodsi4.o)
 .debug_info    0x0000f03b       0xae /usr/lib/gcc/msp430/4.5.3/mmpy-16/libgcc.a(_fixunssfsi.o)
 .debug_info    0x0000f0e9      0x432 /usr/lib/gcc/msp430/4.5.3/mmpy-16/libgcc.a(_addsub_sf.o)
 .debug_info    0x0000f51b      0x3d6 /usr/lib/gcc/msp430/4.5.3/mmpy-16/libgcc.a(_mul_sf.o)
 .debug_info    0x0000f8f1      0x369 /usr/lib/gcc/msp430/4.5.3/mmpy-16/libgcc.a(_div_sf.o)
 .debug_info    0x0000fc5a      0x27b /usr/lib/gcc/msp430/4.5.3/mmpy-16/libgcc.a(_eq_sf.o)
 .debug_info    0x0000fed5      0x27b /usr/lib/gcc/msp430/4.5.3/mmpy-16/libgcc.a(_ne_sf.o)
 .debug_info    0x00010150      0x27b /usr/lib/gcc/msp430/4.5.3/mmpy-16/libgcc.a(_gt_sf.o)
 .debug_info    0x000103cb      0x27b /usr/lib/gcc/msp430/4.5.3/mmpy-16/libgcc.a(_ge_sf.o)
 .debug_info    0x00010646      0x27b /usr/lib/gcc/msp430/4.5.3/mmpy-16/libgcc.a(_lt_sf.o)
 .debug_info    0x000108c1      0x218 /usr/lib/gcc/msp430/4.5.3/mmpy-16/libgcc.a(_si_to_sf.o)
 .debug_info    0x00010ad9      0x296 /usr/lib/gcc/msp430/4.5.3/mmpy-16/libgcc.a(_sf_to_si.o)
 .debug_info    0x00010d6f      0x151 /usr/lib/gcc/msp430/4.5.3/mmpy-16/libgcc.a(_thenan_sf.o)
 .debug_info    0x00010ec0      0x217 /usr/lib/gcc/msp430/4.5.3/mmpy-16/libgcc.a(_usi_to_sf.o)
 .debug_info    0x000110d7      0x115 /usr/lib/gcc/msp430/4.5.3/mmpy-16/libgcc.a(_clzsi2.o)
 .debug_info    0x000111ec      0x2c2 /usr/lib/gcc/msp430/4.5.3/mmpy-16/libgcc.a(_pack_sf.o)
 .debug_info    0x000114ae      0x24d /usr/lib/gcc/msp430/4.5.3/mmpy-16/libgcc.a(_unpack_sf.o)
 .debug_info    0x000116fb      0x1e2 /usr/lib/gcc/msp430/4.5.3/mmpy-16/libgcc.a(_fpcmp_parts_sf.o)
 .debug_info    0x000118dd       0x99 /usr/lib/gcc/msp430/4.5.3/mmpy-16/libgcc.a(_clz.o)
 .debug_info    0x00011976      0x113 /usr/lib/gcc/msp430/4.5.3/../../../../msp430/lib/mmpy-16/libc.a(memcpy.o)
 .debug_info    0x00011a89       0xfe /usr/lib/gcc/msp430/4.5.3/../../../../msp430/lib/mmpy-16/libc.a(memset.o)
 .debug_info    0x00011b87      0x15e /usr/lib/gcc/msp430/4.5.3/../../../../msp430/lib/mmpy-16/libc.a(malloc.o)
 .debug_info    0x00011ce5      0x103 /usr/lib/gcc/msp430/4.5.3/../../../../msp430/lib/mmpy-16/libc.a(printf.o)
 .debug_info    0x00011de8      0x3b5 /usr/lib/gcc/msp430/4.5.3/../../../../msp430/lib/mmpy-16/libc.a(vuprintf.o)
 .debug_info    0x0001219d       0x96 /usr/lib/gcc/msp430/4.5.3/../../../../msp430/lib/mmpy-16/libc.a(puts.o)
 .debug_info    0x00012233      0x137 /usr/lib/gcc/msp430/4.5.3/../../../../msp430/lib/mmpy-16/libc.a(rand.o)
 .debug_info    0x0001236a       0xb9 /usr/lib/gcc/msp430/4.5.3/mmpy-16/libcrt0.a(__init_stack.o)
 .debug_info    0x00012423       0xb9 /usr/lib/gcc/msp430/4.5.3/mmpy-16/libcrt0.a(__low_level_init.o)
 .debug_info    0x000124dc       0xb9 /usr/lib/gcc/msp430/4.5.3/mmpy-16/libcrt0.a(_copy_data.o)
 .debug_info    0x00012595       0xb9 /usr/lib/gcc/msp430/4.5.3/mmpy-16/libcrt0.a(_clear_bss.o)
 .debug_info    0x0001264e       0xb9 /usr/lib/gcc/msp430/4.5.3/mmpy-16/libcrt0.a(_endless_loop__.o)
 .debug_info    0x00012707       0xb9 /usr/lib/gcc/msp430/4.5.3/mmpy-16/libcrt0.a(_unexpected_.o)
 *(.gnu.linkonce.wi.*)

.debug_abbrev   0x00000000     0x733f
 *(.debug_abbrev)
 .debug_abbrev  0x00000000      0x2fa coursework.co
 .debug_abbrev  0x000002fa      0x274 obj_sky/contiki-sky-main.o
 .debug_abbrev  0x0000056e      0x176 contiki-sky.a(rimeaddr.o)
 .debug_abbrev  0x000006e4      0x1f0 contiki-sky.a(rime.o)
 .debug_abbrev  0x000008d4       0x5d contiki-sky.a(rimestats.o)
 .debug_abbrev  0x00000931      0x183 contiki-sky.a(announcement.o)
 .debug_abbrev  0x00000ab4      0x254 contiki-sky.a(broadcast-annou)
 .debug_abbrev  0x00000d08      0x224 contiki-sky.a(broadcast.o)
 .debug_abbrev  0x00000f2c      0x1aa contiki-sky.a(abc.o)
 .debug_abbrev  0x000010d6      0x1e7 contiki-sky.a(chameleon.o)
 .debug_abbrev  0x000012bd      0x182 contiki-sky.a(channel.o)
 .debug_abbrev  0x0000143f      0x28e contiki-sky.a(chameleon-bitop)
 .debug_abbrev  0x000016cd      0x36e contiki-sky.a(csma.o)
 .debug_abbrev  0x00001a3b      0x3ac contiki-sky.a(contikimac.o)
 .debug_abbrev  0x00001de7      0x231 contiki-sky.a(phase.o)
 .debug_abbrev  0x00002018      0x2f8 contiki-sky.a(process.o)
 .debug_abbrev  0x00002310       0xf7 contiki-sky.a(autostart.o)
 .debug_abbrev  0x00002407      0x211 contiki-sky.a(compower.o)
 .debug_abbrev  0x00002618      0x1d7 contiki-sky.a(serial-line.o)
 .debug_abbrev  0x000027ef       0xec contiki-sky.a(memb.o)
 .debug_abbrev  0x000028db       0xfa contiki-sky.a(timer.o)
 .debug_abbrev  0x000029d5      0x153 contiki-sky.a(list.o)
 .debug_abbrev  0x00002b28      0x22b contiki-sky.a(etimer.o)
 .debug_abbrev  0x00002d53      0x1de contiki-sky.a(ctimer.o)
 .debug_abbrev  0x00002f31      0x146 contiki-sky.a(energest.o)
 .debug_abbrev  0x00003077      0x13b contiki-sky.a(rtimer.o)
 .debug_abbrev  0x000031b2       0x69 contiki-sky.a(random.o)
 .debug_abbrev  0x0000321b      0x10b contiki-sky.a(ringbuf.o)
 .debug_abbrev  0x00003326      0x25d contiki-sky.a(packetbuf.o)
 .debug_abbrev  0x00003583      0x234 contiki-sky.a(queuebuf.o)
 .debug_abbrev  0x000037b7      0x12c contiki-sky.a(contiki-sky-pla)
 .debug_abbrev  0x000038e3       0xe5 contiki-sky.a(light-sensor.o)
 .debug_abbrev  0x000039c8      0x18a contiki-sky.a(button-sensor.o)
 .debug_abbrev  0x00003b52      0x1b5 contiki-sky.a(ds2411.o)
 .debug_abbrev  0x00003d07      0x206 contiki-sky.a(xmem.o)
 .debug_abbrev  0x00003f0d       0x95 contiki-sky.a(node-id.o)
 .debug_abbrev  0x00003fa2      0x1ed contiki-sky.a(sensors.o)
 .debug_abbrev  0x0000418f      0x412 contiki-sky.a(cc2420.o)
 .debug_abbrev  0x000045a1      0x13f contiki-sky.a(cc2420-arch.o)
 .debug_abbrev  0x000046e0      0x144 contiki-sky.a(sky-sensors.o)
 .debug_abbrev  0x00004824      0x1d7 contiki-sky.a(uart1.o)
 .debug_abbrev  0x000049fb       0x52 contiki-sky.a(uart1-putchar.o)
 .debug_abbrev  0x00004a4d      0x192 contiki-sky.a(msp430.o)
 .debug_abbrev  0x00004bdf      0x1b5 contiki-sky.a(clock.o)
 .debug_abbrev  0x00004d94      0x139 contiki-sky.a(leds.o)
 .debug_abbrev  0x00004ecd       0xa8 contiki-sky.a(leds-arch.o)
 .debug_abbrev  0x00004f75       0xdb contiki-sky.a(watchdog.o)
 .debug_abbrev  0x00005050      0x137 contiki-sky.a(rtimer-arch.o)
 .debug_abbrev  0x00005187       0xa2 contiki-sky.a(mac.o)
 .debug_abbrev  0x00005229      0x222 contiki-sky.a(framer-802154.o)
 .debug_abbrev  0x0000544b       0x81 contiki-sky.a(spi.o)
 .debug_abbrev  0x000054cc      0x18f contiki-sky.a(frame802154.o)
 .debug_abbrev  0x0000565b       0x14 /usr/lib/gcc/msp430/4.5.3/mmpy-16/libgcc.a(_mulsi3.o)
 .debug_abbrev  0x0000566f       0x14 /usr/lib/gcc/msp430/4.5.3/mmpy-16/libgcc.a(_udivmodhi4.o)
 .debug_abbrev  0x00005683       0x14 /usr/lib/gcc/msp430/4.5.3/mmpy-16/libgcc.a(_divmodhi4.o)
 .debug_abbrev  0x00005697       0x14 /usr/lib/gcc/msp430/4.5.3/mmpy-16/libgcc.a(_udivmodsi4.o)
 .debug_abbrev  0x000056ab       0x5d /usr/lib/gcc/msp430/4.5.3/mmpy-16/libgcc.a(_fixunssfsi.o)
 .debug_abbrev  0x00005708      0x1ab /usr/lib/gcc/msp430/4.5.3/mmpy-16/libgcc.a(_addsub_sf.o)
 .debug_abbrev  0x000058b3      0x1d9 /usr/lib/gcc/msp430/4.5.3/mmpy-16/libgcc.a(_mul_sf.o)
 .debug_abbrev  0x00005a8c      0x1c4 /usr/lib/gcc/msp430/4.5.3/mmpy-16/libgcc.a(_div_sf.o)
 .debug_abbrev  0x00005c50      0x151 /usr/lib/gcc/msp430/4.5.3/mmpy-16/libgcc.a(_eq_sf.o)
 .debug_abbrev  0x00005da1      0x151 /usr/lib/gcc/msp430/4.5.3/mmpy-16/libgcc.a(_ne_sf.o)
 .debug_abbrev  0x00005ef2      0x151 /usr/lib/gcc/msp430/4.5.3/mmpy-16/libgcc.a(_gt_sf.o)
 .debug_abbrev  0x00006043      0x151 /usr/lib/gcc/msp430/4.5.3/mmpy-16/libgcc.a(_ge_sf.o)
 .debug_abbrev  0x00006194      0x151 /usr/lib/gcc/msp430/4.5.3/mmpy-16/libgcc.a(_lt_sf.o)
 .debug_abbrev  0x000062e5      0x162 /usr/lib/gcc/msp430/4.5.3/mmpy-16/libgcc.a(_si_to_sf.o)
 .debug_abbrev  0x00006447      0x160 /usr/lib/gcc/msp430/4.5.3/mmpy-16/libgcc.a(_sf_to_si.o)
 .debug_abbrev  0x000065a7       0xcb /usr/lib/gcc/msp430/4.5.3/mmpy-16/libgcc.a(_thenan_sf.o)
 .debug_abbrev  0x00006672      0x16d /usr/lib/gcc/msp430/4.5.3/mmpy-16/libgcc.a(_usi_to_sf.o)
 .debug_abbrev  0x000067df       0xbd /usr/lib/gcc/msp430/4.5.3/mmpy-16/libgcc.a(_clzsi2.o)
 .debug_abbrev  0x0000689c      0x183 /usr/lib/gcc/msp430/4.5.3/mmpy-16/libgcc.a(_pack_sf.o)
 .debug_abbrev  0x00006a1f      0x14b /usr/lib/gcc/msp430/4.5.3/mmpy-16/libgcc.a(_unpack_sf.o)
 .debug_abbrev  0x00006b6a      0x10b /usr/lib/gcc/msp430/4.5.3/mmpy-16/libgcc.a(_fpcmp_parts_sf.o)
 .debug_abbrev  0x00006c75       0x61 /usr/lib/gcc/msp430/4.5.3/mmpy-16/libgcc.a(_clz.o)
 .debug_abbrev  0x00006cd6       0x97 /usr/lib/gcc/msp430/4.5.3/../../../../msp430/lib/mmpy-16/libc.a(memcpy.o)
 .debug_abbrev  0x00006d6d       0x8d /usr/lib/gcc/msp430/4.5.3/../../../../msp430/lib/mmpy-16/libc.a(memset.o)
 .debug_abbrev  0x00006dfa       0xf8 /usr/lib/gcc/msp430/4.5.3/../../../../msp430/lib/mmpy-16/libc.a(malloc.o)
 .debug_abbrev  0x00006ef2       0xce /usr/lib/gcc/msp430/4.5.3/../../../../msp430/lib/mmpy-16/libc.a(printf.o)
 .debug_abbrev  0x00006fc0      0x1cb /usr/lib/gcc/msp430/4.5.3/../../../../msp430/lib/mmpy-16/libc.a(vuprintf.o)
 .debug_abbrev  0x0000718b       0x60 /usr/lib/gcc/msp430/4.5.3/../../../../msp430/lib/mmpy-16/libc.a(puts.o)
 .debug_abbrev  0x000071eb       0xdc /usr/lib/gcc/msp430/4.5.3/../../../../msp430/lib/mmpy-16/libc.a(rand.o)
 .debug_abbrev  0x000072c7       0x14 /usr/lib/gcc/msp430/4.5.3/mmpy-16/libcrt0.a(__init_stack.o)
 .debug_abbrev  0x000072db       0x14 /usr/lib/gcc/msp430/4.5.3/mmpy-16/libcrt0.a(__low_level_init.o)
 .debug_abbrev  0x000072ef       0x14 /usr/lib/gcc/msp430/4.5.3/mmpy-16/libcrt0.a(_copy_data.o)
 .debug_abbrev  0x00007303       0x14 /usr/lib/gcc/msp430/4.5.3/mmpy-16/libcrt0.a(_clear_bss.o)
 .debug_abbrev  0x00007317       0x14 /usr/lib/gcc/msp430/4.5.3/mmpy-16/libcrt0.a(_endless_loop__.o)
 .debug_abbrev  0x0000732b       0x14 /usr/lib/gcc/msp430/4.5.3/mmpy-16/libcrt0.a(_unexpected_.o)

.debug_line     0x00000000     0x6c66
 *(.debug_line)
 .debug_line    0x00000000      0x482 coursework.co
 .debug_line    0x00000482      0x292 obj_sky/contiki-sky-main.o
 .debug_line    0x00000714       0xd8 contiki-sky.a(rimeaddr.o)
 .debug_line    0x000007ec      0x1a5 contiki-sky.a(rime.o)
 .debug_line    0x00000991       0x65 contiki-sky.a(rimestats.o)
 .debug_line    0x000009f6      0x19d contiki-sky.a(announcement.o)
 .debug_line    0x00000b93      0x278 contiki-sky.a(broadcast-annou)
 .debug_line    0x00000e0b      0x167 contiki-sky.a(broadcast.o)
 .debug_line    0x00000f72      0x146 contiki-sky.a(abc.o)
 .debug_line    0x000010b8      0x139 contiki-sky.a(chameleon.o)
 .debug_line    0x000011f1      0x146 contiki-sky.a(channel.o)
 .debug_line    0x00001337      0x260 contiki-sky.a(chameleon-bitop)
 .debug_line    0x00001597      0x2b6 contiki-sky.a(csma.o)
 .debug_line    0x0000184d      0x53b contiki-sky.a(contikimac.o)
 .debug_line    0x00001d88      0x261 contiki-sky.a(phase.o)
 .debug_line    0x00001fe9      0x1d3 contiki-sky.a(process.o)
 .debug_line    0x000021bc       0xa3 contiki-sky.a(autostart.o)
 .debug_line    0x0000225f      0x15e contiki-sky.a(compower.o)
 .debug_line    0x000023bd      0x163 contiki-sky.a(serial-line.o)
 .debug_line    0x00002520       0xc5 contiki-sky.a(memb.o)
 .debug_line    0x000025e5       0xcf contiki-sky.a(timer.o)
 .debug_line    0x000026b4      0x15e contiki-sky.a(list.o)
 .debug_line    0x00002812      0x209 contiki-sky.a(etimer.o)
 .debug_line    0x00002a1b      0x1ac contiki-sky.a(ctimer.o)
 .debug_line    0x00002bc7       0xcf contiki-sky.a(energest.o)
 .debug_line    0x00002c96       0x9b contiki-sky.a(rtimer.o)
 .debug_line    0x00002d31       0x56 contiki-sky.a(random.o)
 .debug_line    0x00002d87       0xf7 contiki-sky.a(ringbuf.o)
 .debug_line    0x00002e7e      0x289 contiki-sky.a(packetbuf.o)
 .debug_line    0x00003107      0x1cd contiki-sky.a(queuebuf.o)
 .debug_line    0x000032d4       0xe0 contiki-sky.a(contiki-sky-pla)
 .debug_line    0x000033b4       0xfb contiki-sky.a(light-sensor.o)
 .debug_line    0x000034af      0x1a3 contiki-sky.a(button-sensor.o)
 .debug_line    0x00003652      0x146 contiki-sky.a(ds2411.o)
 .debug_line    0x00003798      0x209 contiki-sky.a(xmem.o)
 .debug_line    0x000039a1       0x7a contiki-sky.a(node-id.o)
 .debug_line    0x00003a1b      0x14c contiki-sky.a(sensors.o)
 .debug_line    0x00003b67      0x76c contiki-sky.a(cc2420.o)
 .debug_line    0x000042d3      0x131 contiki-sky.a(cc2420-arch.o)
 .debug_line    0x00004404      0x110 contiki-sky.a(sky-sensors.o)
 .debug_line    0x00004514      0x1b1 contiki-sky.a(uart1.o)
 .debug_line    0x000046c5       0x92 contiki-sky.a(uart1-putchar.o)
 .debug_line    0x00004757      0x177 contiki-sky.a(msp430.o)
 .debug_line    0x000048ce      0x20b contiki-sky.a(clock.o)
 .debug_line    0x00004ad9      0x110 contiki-sky.a(leds.o)
 .debug_line    0x00004be9       0xf3 contiki-sky.a(leds-arch.o)
 .debug_line    0x00004cdc      0x10d contiki-sky.a(watchdog.o)
 .debug_line    0x00004de9      0x114 contiki-sky.a(rtimer-arch.o)
 .debug_line    0x00004efd       0x69 contiki-sky.a(mac.o)
 .debug_line    0x00004f66      0x17e contiki-sky.a(framer-802154.o)
 .debug_line    0x000050e4       0x9c contiki-sky.a(spi.o)
 .debug_line    0x00005180      0x1d0 contiki-sky.a(frame802154.o)
 .debug_line    0x00005350       0x9d /usr/lib/gcc/msp430/4.5.3/mmpy-16/libgcc.a(_mulsi3.o)
 .debug_line    0x000053ed       0x9a /usr/lib/gcc/msp430/4.5.3/mmpy-16/libgcc.a(_udivmodhi4.o)
 .debug_line    0x00005487       0xa5 /usr/lib/gcc/msp430/4.5.3/mmpy-16/libgcc.a(_divmodhi4.o)
 .debug_line    0x0000552c       0xa1 /usr/lib/gcc/msp430/4.5.3/mmpy-16/libgcc.a(_udivmodsi4.o)
 .debug_line    0x000055cd       0x94 /usr/lib/gcc/msp430/4.5.3/mmpy-16/libgcc.a(_fixunssfsi.o)
 .debug_line    0x00005661      0x144 /usr/lib/gcc/msp430/4.5.3/mmpy-16/libgcc.a(_addsub_sf.o)
 .debug_line    0x000057a5      0x13d /usr/lib/gcc/msp430/4.5.3/mmpy-16/libgcc.a(_mul_sf.o)
 .debug_line    0x000058e2      0x102 /usr/lib/gcc/msp430/4.5.3/mmpy-16/libgcc.a(_div_sf.o)
 .debug_line    0x000059e4       0xb1 /usr/lib/gcc/msp430/4.5.3/mmpy-16/libgcc.a(_eq_sf.o)
 .debug_line    0x00005a95       0xb1 /usr/lib/gcc/msp430/4.5.3/mmpy-16/libgcc.a(_ne_sf.o)
 .debug_line    0x00005b46       0xb1 /usr/lib/gcc/msp430/4.5.3/mmpy-16/libgcc.a(_gt_sf.o)
 .debug_line    0x00005bf7       0xb1 /usr/lib/gcc/msp430/4.5.3/mmpy-16/libgcc.a(_ge_sf.o)
 .debug_line    0x00005ca8       0xb1 /usr/lib/gcc/msp430/4.5.3/mmpy-16/libgcc.a(_lt_sf.o)
 .debug_line    0x00005d59       0xc5 /usr/lib/gcc/msp430/4.5.3/mmpy-16/libgcc.a(_si_to_sf.o)
 .debug_line    0x00005e1e       0xc3 /usr/lib/gcc/msp430/4.5.3/mmpy-16/libgcc.a(_sf_to_si.o)
 .debug_line    0x00005ee1       0x94 /usr/lib/gcc/msp430/4.5.3/mmpy-16/libgcc.a(_thenan_sf.o)
 .debug_line    0x00005f75       0xc4 /usr/lib/gcc/msp430/4.5.3/mmpy-16/libgcc.a(_usi_to_sf.o)
 .debug_line    0x00006039       0xbd /usr/lib/gcc/msp430/4.5.3/mmpy-16/libgcc.a(_clzsi2.o)
 .debug_line    0x000060f6       0xfd /usr/lib/gcc/msp430/4.5.3/mmpy-16/libgcc.a(_pack_sf.o)
 .debug_line    0x000061f3       0xd9 /usr/lib/gcc/msp430/4.5.3/mmpy-16/libgcc.a(_unpack_sf.o)
 .debug_line    0x000062cc       0xe8 /usr/lib/gcc/msp430/4.5.3/mmpy-16/libgcc.a(_fpcmp_parts_sf.o)
 .debug_line    0x000063b4       0x80 /usr/lib/gcc/msp430/4.5.3/mmpy-16/libgcc.a(_clz.o)